03-18 23:04:57.231   478 16962 E android.hardware.audio@7.1-impl.ranchu: pcmWrite:260 failure: -1
03-18 23:04:57.335   478 16962 W android.hardware.audio@7.1-impl.ranchu: pcmWrite:259 pcm_writei failed with 'cannot read/write stream data: I/O error' (-1)
03-18 23:04:57.335   478 16962 E android.hardware.audio@7.1-impl.ranchu: pcmWrite:260 failure: -1
03-18 23:04:57.427 16981 16981 I Choreographer: Skipped 60 frames!  The application may be doing too much work on its main thread.
03-18 23:04:57.439 16981 16993 I HWUI    : Davey! duration=1282ms; Flags=1, FrameTimelineVsyncId=243073, IntendedVsync=7282995060675, Vsync=7283278393997, InputEventId=0, HandleInputStart=7283280441953, AnimationStart=7283280471474, PerformTraversalsStart=7283280618558, DrawStart=7283478024501, FrameDeadline=7283011727341, FrameStartTime=7283280219508, FrameInterval=16666666, WorkloadTarget=16666666, SyncQueued=7283589358601, SyncStart=7283606934582, IssueDrawCommandsStart=7283607461266, SwapBuffers=7284183104184, FrameCompleted=7284295169352, DequeueBufferDuration=5260, QueueBufferDuration=327158, GpuCompleted=7284295169352, SwapBuffersCompleted=7284291957257, DisplayPresentTime=0, CommandSubmissionCompleted=7284183104184, 
03-18 23:04:57.450   478 16962 W android.hardware.audio@7.1-impl.ranchu: pcmWrite:259 pcm_writei failed with 'cannot read/write stream data: I/O error' (-1)
03-18 23:04:57.450   478 16962 E android.hardware.audio@7.1-impl.ranchu: pcmWrite:260 failure: -1
03-18 23:04:57.510  1681  2562 I FontLog : (REDACTED) Received query %s, URI %s
03-18 23:04:57.511  1681  2562 I FontLog : (REDACTED) Query [%s] resolved to %s
03-18 23:04:57.515  1681  2562 I FontLog : (REDACTED) Fetch %s end status %s
03-18 23:04:57.524  1681  2562 I FontLog : (REDACTED) Pulling font file for id = %d, cache size = %d
03-18 23:04:57.540  1681  2562 I FontLog : (REDACTED) Pulling font file for id = %d, cache size = %d
03-18 23:04:57.542   717   958 I ImeTracker: com.example.lab2:7138f2b5: onRequestShow at ORIGIN_SERVER reason SHOW_RESTORE_IME_VISIBILITY fromUser false
03-18 23:04:57.555   478 16962 W android.hardware.audio@7.1-impl.ranchu: pcmWrite:259 pcm_writei failed with 'cannot read/write stream data: I/O error' (-1)
03-18 23:04:57.555   478 16962 E android.hardware.audio@7.1-impl.ranchu: pcmWrite:260 failure: -1
03-18 23:04:57.568   717  1739 I ImeTracker: com.example.lab2:450bd28b: onRequestShow at ORIGIN_SERVER reason ATTACH_NEW_INPUT fromUser false
03-18 23:04:57.584   717  1249 D BackgroundInstallControlService: Package event received: 0
03-18 23:04:57.584   717  1249 D BackgroundInstallControlService: Package event received: 0
03-18 23:04:57.584   717  1249 D BackgroundInstallControlService: Package event received: 0
03-18 23:04:57.591   717  1739 I ImeTracker: system_server:c5683a76: onRequestHide at ORIGIN_SERVER reason IME_REQUESTED_CHANGED_LISTENER fromUser false
03-18 23:04:57.594  1858  1858 I GoogleInputMethodService: GoogleInputMethodService.onFinishInput():2043 
03-18 23:04:57.597  1858  1858 I Module  : DeviceLockedStatusModuleProvider$Module.updateDeviceLockedStatus():100 repeatCheckTimes = 0, locked = false
03-18 23:04:57.599  1858  1858 I GoogleInputMethodService: GoogleInputMethodService.onStartInput():1293 onStartInput(EditorInfo{EditorInfo{packageName=com.example.lab2, inputType=81, inputTypeString=Password[], enableLearning=false, autoCorrection=false, autoComplete=true, imeOptions=4000006, privateImeOptions=null, actionName=DONE, actionLabel=null, initialSelStart=5, initialSelEnd=5, initialCapsMode=0, label=null, fieldId=2131231099, fieldName=null, extras=Bundle[mParcelledData.dataSize=168], hintText=non-empty, hintLocales=[]}}, false)
03-18 23:04:57.615 16981 16981 D InsetsController: show(ime(), fromIme=false)
03-18 23:04:57.624 16981 16981 D InsetsController: Setting requestedVisibleTypes to -1 (was -9)
03-18 23:04:57.640   717  1249 D BackgroundInstallControlService: Package event received: 0
03-18 23:04:57.646   717  1249 D BackgroundInstallControlService: Package event received: 0
03-18 23:04:57.658  1858  1858 I HardKeyTracker: HardKeyTracker.unregisterKeySequence():182 Unregister key sequence lsr{labelResId=0, callback=fjq@14c681f, lastModifier=0, keyCodes=[57, 57], actions=[1, 0]}
03-18 23:04:57.658  1858  1858 I HardKeyTracker: HardKeyTracker.unregisterKeySequence():182 Unregister key sequence lsr{labelResId=0, callback=fjq@5a389ca, lastModifier=0, keyCodes=[58, 58], actions=[1, 0]}
03-18 23:04:57.659   478 16962 W android.hardware.audio@7.1-impl.ranchu: pcmWrite:259 pcm_writei failed with 'cannot read/write stream data: I/O error' (-1)
03-18 23:04:57.660   478 16962 E android.hardware.audio@7.1-impl.ranchu: pcmWrite:260 failure: -1
03-18 23:04:57.660  1858  1858 I Module  : DeviceLockedStatusModuleProvider$Module.updateDeviceLockedStatus():100 repeatCheckTimes = 1, locked = false
03-18 23:04:57.661   717  3678 W PackageConfigPersister: App-specific configuration not found for packageName: com.example.lab2 and userId: 0
03-18 23:04:57.663  1858  1858 I StylusModule: StylusModule.onUpdateToolType():801 Update tool type = 2
03-18 23:04:57.670  1858  1858 I GoogleInputMethodService: GoogleInputMethodService.onStartInputView():1392 onStartInputView(EditorInfo{EditorInfo{packageName=com.example.lab2, inputType=81, inputTypeString=Password[], enableLearning=false, autoCorrection=false, autoComplete=true, imeOptions=4000006, privateImeOptions=null, actionName=DONE, actionLabel=null, initialSelStart=5, initialSelEnd=5, initialCapsMode=0, label=null, fieldId=2131231099, fieldName=null, extras=Bundle[{androidx.core.view.inputmethod.EditorInfoCompat.STYLUS_HANDWRITING_ENABLED=false}], hintText=non-empty, hintLocales=[]}}, false)
03-18 23:04:57.679  1858  1858 I KeyboardHeightUtil: KeyboardHeightUtil.getOemKeyboardHeightRatio():161 systemKeyboardHeightRatio:1.000000.
03-18 23:04:57.710  1858  1858 I AndroidIME: InputBundleManager.loadActiveInputBundleId():483 loadActiveInputBundleId: und-Latn-x-password, password
03-18 23:04:57.710  1858  1858 I AndroidIME: AbstractIme.onActivate():90 PasswordIme.onActivate() : EditorInfo = EditorInfo{packageName=com.example.lab2, inputType=81, inputTypeString=Password[], enableLearning=false, autoCorrection=false, autoComplete=true, imeOptions=4000006, privateImeOptions=null, actionName=DONE, actionLabel=null, initialSelStart=5, initialSelEnd=5, initialCapsMode=0, label=null, fieldId=2131231099, fieldName=null, extras=Bundle[{androidx.core.view.inputmethod.EditorInfoCompat.STYLUS_HANDWRITING_ENABLED=false}], hintText=non-empty, hintLocales=[]}, IncognitoMode = false, DeviceLocked = false
03-18 23:04:57.712  1858  1858 I KeyboardWrapper: KeyboardWrapper.activateKeyboard():562 activateKeyboard(): type=prime, status=0, imeDef=kyj{stringId=password, language=und-Latn-x-password, languageTag=und-Latn-x-password, processedConditions={variant=qwerty, enable_access_points_in_password_number=false, enable_number_row=false, device=phone}, className=com.google.android.libraries.inputmethod.ime.password.PasswordIme, label=2132019061, keyEventInterpreter=null, inlineComposing=true, autoCapital=true, announceAutoSelectedCandidate=true, statusIcon=0, primeKeyboardType=SOFT, indicatorIcon=0, indicatorLabel=null, displayAppCompletions=false, extraValues=kyb{}, processors=lac@3ad80f7, unacceptableMetaKeys=4098, languageSpecificSettings=0, asciiCapable=false, alwaysShowSuggestions=false, useAsciiPasswordKeyboard=false, secondaryIme=null, keyboardGroupDef=kzl@4355b64, phenotypeFlagId=0, localizationLanguageTag=null, supportsInlineSuggestion=false}
03-18 23:04:57.719  1858  1858 I KeyboardManager: KeyboardManager.requestKeyboard():248 Creating keyboard prime, imeId=password, cacheKey=theme_!gsf_!pgsans_!pgsf_!use_system_font_BORDER=true_FLAVOR_DPI=XXHDPI_KEYBOARD_WIDTH_CATEGORY=NORMAL_LIGHT_THEME=true_PHYSICAL_DIAGONAL=6.0111027_SCREEN_SHORTEST_WIDTH=411_SCREEN_SHORTEST_WIDTH_NO_SCALE=411_bottom4dp_enable_google_fonts_icons=true_enable_popup_on_keypress=true_keyboard_redesign_google_sans=true_noshadow_overlay_builtin_dynamic_color_light_base.binarypb:gm3-light-fffaf8ff-ff495d92-82b625f90d810779661adb8ce93b5ac5_silkpopup_unify_function_key_color=true
03-18 23:04:57.721  1858  1858 I KeyboardWrapper: KeyboardWrapper.onKeyboardReady():212 onKeyboardReady(): type=prime(prime), kb=com.google.android.apps.inputmethod.latin.keyboard.LatinPasswordKeyboard@a668d7
03-18 23:04:57.725  1858  1858 I KeyboardWrapper: KeyboardWrapper.doActivateKeyboard():589 doActivateKeyboard(): prime
03-18 23:04:57.730  1858  1858 I KeyboardHeightUtil: KeyboardHeightUtil.calculateMaxKeyboardBodyHeight():46 leave 281 height for app when ime window height:2156, header height:116 and isFullscreenMode:false, so the max keyboard body height is:1759
03-18 23:04:57.731  1858  1858 I GlobeKeyExtension: GlobeKeyExtension.getKeyboardInitialStates():131 
03-18 23:04:57.733  1858  1858 W Keyboard: Keyboard.getKeyboardViewHelper():597 null helper is returned: keyboardDef=kze{processedConditions={enable_more_candidates_view_for_multilingual=false, layout_9key_split=false, enable_secondary_symbols=false, language=en-US, deprecate_long_press_space_for_ime_picker=false, expressions=normal, enable_access_points_in_password_number=false, show_suggestions=true, enable_flick_symbols=true, variant=qwerty, device=phone, keyboard_mode=normal, show_secondary_digits=false, enable_preemptive_decode=true, rtl_layout=false}, globalConditions={global_theme_key=theme_!gsf_!pgsans_!pgsf_!use_system_font_BORDER=true_FLAVOR_DPI=XXHDPI_KEYBOARD_WIDTH_CATEGORY=NORMAL_LIGHT_THEME=true_PHYSICAL_DIAGONAL=6.0111027_SCREEN_SHORTEST_WIDTH=411_SCREEN_SHORTEST_WIDTH_NO_SCALE=411_bottom4dp_enable_google_fonts_icons=true_enable_popup_on_keypress=true_keyboard_redesign_google_sans=true_noshadow_overlay_builtin_dynamic_color_light_base.binarypb:gm3-light-fffaf8ff-ff495d92-82b625f90d810779661adb8ce93b5ac5_silkpopup_unify_function_key_color=true, global_locale=en_US, global_density_dpi=420, global_orientation=1}, className=.latin.keyboard.LatinPasswordKeyboard, resourceIds=[#0x7f17065e, #0x7f1708dc, #0x7f17071c], initialStates=0, keyboardViewDefs=[kzt{direction=null, id=#0x7f0b0166, isScalable=true, layoutId=#0x7f0e0346, type=BODY, touchable=true, defaultShow=true}, kzt{direction=null, id=#0x7f0b0166, isScalable=false, layoutId=#0x7f0e01db, type=FLOATING_CANDIDATES, touchable=false, defaultShow=false}, kzt{direction=LOCALE, id=#0x7f0b0166, isScalable=false, layoutId=#0x7f0e04d8, type=HEADER, touchable=true, defaultShow=true}], persistentStates=0, persistentStatesPrefKey=null, popupBubbleLayoutId=#0x7f0e05ce, recentKeyLayoutId=0, recentKeyPopupLayoutId=0, recentKeyType=null, rememberRecentKey=NONE, sessionStates=17592186044419}, type=WIDGET, helpersCreated=[kkl@9418187, kkl@bc578b4, kkl@d136cdd, null], context.getResources().getConfiguration(): {1.0 310mcc260mnc [en_US] ldltr sw411dp w411dp h845dp 420dpi nrml long port finger qwerty/v/v dpad/v winConfig={ mBounds=Rect(0, 0 - 1080, 2424) mAppBounds=Rect(0, 142 - 1080, 2361) mMaxBounds=Rect(0, 0 - 1080, 2424) mDisplayRotation=ROTATION_0 mWindowingMode=fullscreen mActivityType=undefined mAlwaysOnTop=undefined mRotation=ROTATION_0} as.6 s.87 fontWeightAdjustment=0}
03-18 23:04:57.733  1858  1858 I KeyboardHeightUtil: KeyboardHeightUtil.calculateMaxKeyboardBodyHeight():46 leave 281 height for app when ime window height:2156, header height:116 and isFullscreenMode:false, so the max keyboard body height is:1759
03-18 23:04:57.738  1858  1858 I AndroidIME: InputBundleManager.startInput():361 startInput() with kzp[keyboardType=prime, payload=null]
03-18 23:04:57.739  1858  1858 I GlobeKeyExtension: GlobeKeyExtension.onActivate():70 
03-18 23:04:57.758  1858  1858 I CrowdsourceExtension: CrowdsourceExtension.checkIfDefaultBrowserIsAllowed():109 Failed to get default browser. The default browser may be deactivated.
03-18 23:04:57.759  1858  1858 I NewLanguagePromptExtension: NewLanguagePromptExtension.onActivate():186 Not activated NewLanguagePromptExtension: not a normal text input box.
03-18 23:04:57.760  1858  1858 I VoiceInputManagerWrapper: VoiceInputManagerWrapper.cancelShutdown():100 cancelShutdown()
03-18 23:04:57.760  1858  1858 I VoiceInputManagerWrapper: VoiceInputManagerWrapper.syncLanguagePacks():112 syncLanguagePacks()
03-18 23:04:57.761  1858  1858 I VoiceInputManager: VoiceInputManager.onKeyboardActivated():1023 onKeyboardActivated() [UD]
03-18 23:04:57.762   595   676 W IPCThreadState: Sending oneway calls to frozen process.
03-18 23:04:57.762   595   676 W IPCThreadState: Sending oneway calls to frozen process.
03-18 23:04:57.762  1858  1858 I AccessoryInputModeManager: AccessoryInputModeManager.onModeStarted():322 Accessory input mode started: null
03-18 23:04:57.767   478 16962 W android.hardware.audio@7.1-impl.ranchu: pcmWrite:259 pcm_writei failed with 'cannot read/write stream data: I/O error' (-1)
03-18 23:04:57.767   478 16962 E android.hardware.audio@7.1-impl.ranchu: pcmWrite:260 failure: -1
03-18 23:04:57.771  1858  1858 I KeyboardModeUtils: KeyboardModeUtils.getKeyboardBottomOffset():437 inch: 0.000000 ydpi: 420.000000 adjustKeyboardBottomByDisplaySize: false currentDensityDpi: 420 defaultDensityDpi: 420 keyboardBottomToScreenPx: 0 keyboardBottomToNavBarPx: -126 navBarHeight: 126
03-18 23:04:57.771  1858  1858 I ResizableKeyboardModeController: ResizableKeyboardModeController.getKeyboardBottomOffset():182 currentPrimeKeyboardType:SOFT keyboardBottomOffset:0 navBarHeight:126 isInLandscape:false
03-18 23:04:57.771  1858  1858 I KeyboardHeightUtil: KeyboardHeightUtil.calculateMaxKeyboardBodyHeight():46 leave 281 height for app when ime window height:2156, header height:116 and isFullscreenMode:false, so the max keyboard body height is:1759
03-18 23:04:57.778  1858  9513 I SpeechFactory: SpeechRecognitionFactory.maybeScheduleAutoPackDownloadForFallback():161 maybeScheduleAutoPackDownloadForFallback()
03-18 23:04:57.778  1858  9513 I FallbackOnDeviceRecognitionProvider: FallbackOnDeviceRecognitionProvider.maybeScheduleAutoPackDownload():198 maybeScheduleAutoPackDownload() for language tag en-US
03-18 23:04:57.779  1858  1858 I KeyboardHeightUtil: KeyboardHeightUtil.calculateMaxKeyboardBodyHeight():46 leave 281 height for app when ime window height:2156, header height:116 and isFullscreenMode:false, so the max keyboard body height is:1759
03-18 23:04:57.779  1858  1858 I KeyboardHeightUtil: KeyboardHeightUtil.calculateMaxKeyboardBodyHeight():46 leave 281 height for app when ime window height:2156, header height:116 and isFullscreenMode:false, so the max keyboard body height is:1759
03-18 23:04:57.779  1858  1858 W ExtensionWrapper: ExtensionWrapper.setExtensionViewVisibility():801 interface koa is not activate
03-18 23:04:57.787  1858  1858 I Module  : DeviceLockedStatusModuleProvider$Module.updateDeviceLockedStatus():100 repeatCheckTimes = 1, locked = false
03-18 23:04:57.788  1858  1858 I HardKeyTracker: HardKeyTracker.unregisterKeySequence():182 Unregister key sequence lsr{labelResId=2132020169, callback=cbb@6bf5907, lastModifier=2, keyCodes=[48], actions=[0]}
03-18 23:04:57.788  1858  1858 I HardKeyTracker: HardKeyTracker.registerKeySequence():138 Register key sequence lsr{labelResId=2132020169, callback=cbb@9f50d32, lastModifier=2, keyCodes=[48], actions=[0]}
03-18 23:04:57.789  1858  1858 I HardKeyTracker: HardKeyTracker.unregisterKeySequence():182 Unregister key sequence lsr{labelResId=2132020170, callback=cbb@5b5ae15, lastModifier=2, keyCodes=[32], actions=[0]}
03-18 23:04:57.789  1858  1858 I HardKeyTracker: HardKeyTracker.registerKeySequence():138 Register key sequence lsr{labelResId=2132020170, callback=cbb@b36cbdf, lastModifier=2, keyCodes=[32], actions=[0]}
03-18 23:04:57.790  1858  1858 I CurrentMicStatusHolder: CurrentMicStatusHolder.onStartInputView():81 Current Mic status = {MicIconHidden-PasswordOrNumberOrDateInputType,}
03-18 23:04:57.791   717  3708 D ImeInsetsSourceProvider: showImePostLayout aborted, isScheduledAndReadyToShowIme: false, mImeRequester: null, serverVisible: false, frozen: false, mWindowContainer is: non-null, windowState: Window{1eee8de u0 InputMethod}, isDrawn: false, mGivenInsetsPending: false, dcTarget: Window{5de35a1 u0 Splash Screen com.example.lab2}, controlTarget: Window{3431881 u0 com.example.lab2/com.example.lab2.MainActivity}
03-18 23:04:57.791  1858  1858 I GoogleInputMethodService: GoogleInputMethodService.onFinishInputView():1524 
03-18 23:04:57.791  1858  1858 I GlobeKeyExtension: GlobeKeyExtension.onDeactivate():104 
03-18 23:04:57.792   717  3708 I ImeTracker: com.example.lab2:450bd28b: onFailed at PHASE_WM_ABORT_SHOW_IME_POST_LAYOUT
03-18 23:04:57.793  1858  1858 I VoiceInputManagerWrapper: VoiceInputManagerWrapper.shutdown():122 shutdown()
03-18 23:04:57.795  1858  1858 W TooltipLifecycleManager: TooltipLifecycleManager.dismissTooltips():154 Tooltip with id spell_check_add_to_dictionary not found in tooltipManager.
03-18 23:04:57.796  1858  1858 I AndroidIME: AbstractIme.onDeactivate():203 PasswordIme.onDeactivate()
03-18 23:04:57.798   717  2730 D CoreBackPreview: Window{3431881 u0 com.example.lab2/com.example.lab2.MainActivity}: Setting back callback OnBackInvokedCallbackInfo{mCallback=android.window.IOnBackInvokedCallback$Stub$Proxy@48b4860, mPriority=0, mIsAnimationCallback=true, mOverrideBehavior=0}
03-18 23:04:57.799  1858  1858 I ImeTracker: system_server:c5683a76: onHidden
03-18 23:04:57.800  1858  1858 I StylusModule: StylusModule.onUpdateToolType():801 Update tool type = 2
03-18 23:04:57.803  1858  1858 I GoogleInputMethodService: GoogleInputMethodService.onStartInputView():1392 onStartInputView(EditorInfo{EditorInfo{packageName=com.example.lab2, inputType=81, inputTypeString=Password[], enableLearning=false, autoCorrection=false, autoComplete=true, imeOptions=4000006, privateImeOptions=null, actionName=DONE, actionLabel=null, initialSelStart=5, initialSelEnd=5, initialCapsMode=0, label=null, fieldId=2131231099, fieldName=null, extras=Bundle[{androidx.core.view.inputmethod.EditorInfoCompat.STYLUS_HANDWRITING_ENABLED=false}], hintText=non-empty, hintLocales=[]}}, false)
03-18 23:04:57.803 16981 16981 W WindowOnBackDispatcher: sendCancelIfRunning: isInProgress=false callback=android.view.ImeBackAnimationController@e98e6b4
03-18 23:04:57.804  1858  1858 I KeyboardHeightUtil: KeyboardHeightUtil.getOemKeyboardHeightRatio():161 systemKeyboardHeightRatio:1.000000.
03-18 23:04:57.804   717  2730 D CoreBackPreview: Window{3431881 u0 com.example.lab2/com.example.lab2.MainActivity}: Setting back callback OnBackInvokedCallbackInfo{mCallback=android.window.IOnBackInvokedCallback$Stub$Proxy@99b4119, mPriority=-1, mIsAnimationCallback=false, mOverrideBehavior=0}
03-18 23:04:57.807  1858  1858 I AndroidIME: InputBundleManager.loadActiveInputBundleId():483 loadActiveInputBundleId: und-Latn-x-password, password
03-18 23:04:57.807  1858  1858 I AndroidIME: AbstractIme.onActivate():90 PasswordIme.onActivate() : EditorInfo = EditorInfo{packageName=com.example.lab2, inputType=81, inputTypeString=Password[], enableLearning=false, autoCorrection=false, autoComplete=true, imeOptions=4000006, privateImeOptions=null, actionName=DONE, actionLabel=null, initialSelStart=5, initialSelEnd=5, initialCapsMode=0, label=null, fieldId=2131231099, fieldName=null, extras=Bundle[{androidx.core.view.inputmethod.EditorInfoCompat.STYLUS_HANDWRITING_ENABLED=false}], hintText=non-empty, hintLocales=[]}, IncognitoMode = false, DeviceLocked = false
03-18 23:04:57.808  1858  1858 I KeyboardWrapper: KeyboardWrapper.activateKeyboard():562 activateKeyboard(): type=prime, status=0, imeDef=kyj{stringId=password, language=und-Latn-x-password, languageTag=und-Latn-x-password, processedConditions={variant=qwerty, enable_access_points_in_password_number=false, enable_number_row=false, device=phone}, className=com.google.android.libraries.inputmethod.ime.password.PasswordIme, label=2132019061, keyEventInterpreter=null, inlineComposing=true, autoCapital=true, announceAutoSelectedCandidate=true, statusIcon=0, primeKeyboardType=SOFT, indicatorIcon=0, indicatorLabel=null, displayAppCompletions=false, extraValues=kyb{}, processors=lac@3ad80f7, unacceptableMetaKeys=4098, languageSpecificSettings=0, asciiCapable=false, alwaysShowSuggestions=false, useAsciiPasswordKeyboard=false, secondaryIme=null, keyboardGroupDef=kzl@4355b64, phenotypeFlagId=0, localizationLanguageTag=null, supportsInlineSuggestion=false}
03-18 23:04:57.808  1858  1858 I KeyboardManager: KeyboardManager.requestKeyboard():248 Creating keyboard prime, imeId=password, cacheKey=theme_!gsf_!pgsans_!pgsf_!use_system_font_BORDER=true_FLAVOR_DPI=XXHDPI_KEYBOARD_WIDTH_CATEGORY=NORMAL_LIGHT_THEME=true_PHYSICAL_DIAGONAL=6.0111027_SCREEN_SHORTEST_WIDTH=411_SCREEN_SHORTEST_WIDTH_NO_SCALE=411_bottom4dp_enable_google_fonts_icons=true_enable_popup_on_keypress=true_keyboard_redesign_google_sans=true_noshadow_overlay_builtin_dynamic_color_light_base.binarypb:gm3-light-fffaf8ff-ff495d92-82b625f90d810779661adb8ce93b5ac5_silkpopup_unify_function_key_color=true
03-18 23:04:57.809  1858  1858 I KeyboardWrapper: KeyboardWrapper.onKeyboardReady():212 onKeyboardReady(): type=prime(prime), kb=com.google.android.apps.inputmethod.latin.keyboard.LatinPasswordKeyboard@a668d7
03-18 23:04:57.809  1858  1858 I KeyboardWrapper: KeyboardWrapper.doActivateKeyboard():589 doActivateKeyboard(): prime
03-18 23:04:57.810  1858  1858 I GoogleInputMethodService: GoogleInputMethodService$1.onKeyboardViewShown():312 onKeyboardViewShown: keyboardType=prime, keyboardViewType=HEADER keyboardView=com.google.android.libraries.inputmethod.widgets.SoftKeyboardView{5bc553a V.E...... ......ID 0,0-1080,116}
03-18 23:04:57.810  1858  1858 I KeyboardHeightUtil: KeyboardHeightUtil.calculateMaxKeyboardBodyHeight():46 leave 281 height for app when ime window height:2156, header height:116 and isFullscreenMode:false, so the max keyboard body height is:1759
03-18 23:04:57.810  1858  1858 I KeyboardHeightUtil: KeyboardHeightUtil.calculateMaxKeyboardBodyHeight():46 leave 281 height for app when ime window height:2156, header height:116 and isFullscreenMode:false, so the max keyboard body height is:1759
03-18 23:04:57.810  1858  1858 I KeyboardHeightUtil: KeyboardHeightUtil.calculateMaxKeyboardBodyHeight():46 leave 281 height for app when ime window height:2156, header height:116 and isFullscreenMode:false, so the max keyboard body height is:1759
03-18 23:04:57.810  1858  1858 I KeyboardHeightUtil: KeyboardHeightUtil.calculateMaxKeyboardBodyHeight():46 leave 281 height for app when ime window height:2156, header height:116 and isFullscreenMode:false, so the max keyboard body height is:1759
03-18 23:04:57.811  1858  1858 I KeyboardHeightUtil: KeyboardHeightUtil.calculateMaxKeyboardBodyHeight():46 leave 281 height for app when ime window height:2156, header height:116 and isFullscreenMode:false, so the max keyboard body height is:1759
03-18 23:04:57.812  1858  1858 I GoogleInputMethodService: GoogleInputMethodService$1.onKeyboardViewShown():312 onKeyboardViewShown: keyboardType=prime, keyboardViewType=BODY keyboardView=com.google.android.libraries.inputmethod.widgets.SoftKeyboardView{bd91eb7 V.E...... ......ID 0,0-1080,641}
03-18 23:04:57.812  1858  1858 I KeyboardHeightUtil: KeyboardHeightUtil.calculateMaxKeyboardBodyHeight():46 leave 281 height for app when ime window height:2156, header height:116 and isFullscreenMode:false, so the max keyboard body height is:1759
03-18 23:04:57.813  1858  1858 I NewLanguagePromptExtension: NewLanguagePromptExtension$1.onKeyboardViewShown():86 Not show new language banner: not prime keyboard, or the extension not activated.
03-18 23:04:57.813  1858  1858 I KeyboardHeightUtil: KeyboardHeightUtil.calculateMaxKeyboardBodyHeight():46 leave 281 height for app when ime window height:2156, header height:116 and isFullscreenMode:false, so the max keyboard body height is:1759
03-18 23:04:57.813  1858  1858 I KeyboardHeightUtil: KeyboardHeightUtil.calculateMaxKeyboardBodyHeight():46 leave 281 height for app when ime window height:2156, header height:116 and isFullscreenMode:false, so the max keyboard body height is:1759
03-18 23:04:57.813  1858  1858 I KeyboardHeightUtil: KeyboardHeightUtil.calculateMaxKeyboardBodyHeight():46 leave 281 height for app when ime window height:2156, header height:116 and isFullscreenMode:false, so the max keyboard body height is:1759
03-18 23:04:57.813  1858  1858 W TooltipLifecycleManager: TooltipLifecycleManager.dismissTooltips():154 Tooltip with id undo_access_point_promotion_banner not found in tooltipManager.
03-18 23:04:57.814  1858  1858 I GlobeKeyExtension: GlobeKeyExtension.getKeyboardInitialStates():131 
03-18 23:04:57.817  1858  1858 W Keyboard: Keyboard.getKeyboardViewHelper():597 null helper is returned: keyboardDef=kze{processedConditions={enable_more_candidates_view_for_multilingual=false, layout_9key_split=false, enable_secondary_symbols=false, language=en-US, deprecate_long_press_space_for_ime_picker=false, expressions=normal, enable_access_points_in_password_number=false, show_suggestions=true, enable_flick_symbols=true, variant=qwerty, device=phone, keyboard_mode=normal, show_secondary_digits=false, enable_preemptive_decode=true, rtl_layout=false}, globalConditions={global_theme_key=theme_!gsf_!pgsans_!pgsf_!use_system_font_BORDER=true_FLAVOR_DPI=XXHDPI_KEYBOARD_WIDTH_CATEGORY=NORMAL_LIGHT_THEME=true_PHYSICAL_DIAGONAL=6.0111027_SCREEN_SHORTEST_WIDTH=411_SCREEN_SHORTEST_WIDTH_NO_SCALE=411_bottom4dp_enable_google_fonts_icons=true_enable_popup_on_keypress=true_keyboard_redesign_google_sans=true_noshadow_overlay_builtin_dynamic_color_light_base.binarypb:gm3-light-fffaf8ff-ff495d92-82b625f90d810779661adb8ce93b5ac5_silkpopup_unify_function_key_color=true, global_locale=en_US, global_density_dpi=420, global_orientation=1}, className=.latin.keyboard.LatinPasswordKeyboard, resourceIds=[#0x7f17065e, #0x7f1708dc, #0x7f17071c], initialStates=0, keyboardViewDefs=[kzt{direction=null, id=#0x7f0b0166, isScalable=true, layoutId=#0x7f0e0346, type=BODY, touchable=true, defaultShow=true}, kzt{direction=null, id=#0x7f0b0166, isScalable=false, layoutId=#0x7f0e01db, type=FLOATING_CANDIDATES, touchable=false, defaultShow=false}, kzt{direction=LOCALE, id=#0x7f0b0166, isScalable=false, layoutId=#0x7f0e04d8, type=HEADER, touchable=true, defaultShow=true}], persistentStates=0, persistentStatesPrefKey=null, popupBubbleLayoutId=#0x7f0e05ce, recentKeyLayoutId=0, recentKeyPopupLayoutId=0, recentKeyType=null, rememberRecentKey=NONE, sessionStates=17592186044419}, type=WIDGET, helpersCreated=[kkl@9418187, kkl@bc578b4, kkl@d136cdd, null], context.getResources().getConfiguration(): {1.0 310mcc260mnc [en_US] ldltr sw411dp w411dp h845dp 420dpi nrml long port finger qwerty/v/v dpad/v winConfig={ mBounds=Rect(0, 0 - 1080, 2424) mAppBounds=Rect(0, 142 - 1080, 2361) mMaxBounds=Rect(0, 0 - 1080, 2424) mDisplayRotation=ROTATION_0 mWindowingMode=fullscreen mActivityType=undefined mAlwaysOnTop=undefined mRotation=ROTATION_0} as.6 s.87 fontWeightAdjustment=0}
03-18 23:04:57.818  1858  1858 I KeyboardHeightUtil: KeyboardHeightUtil.calculateMaxKeyboardBodyHeight():46 leave 281 height for app when ime window height:2156, header height:116 and isFullscreenMode:false, so the max keyboard body height is:1759
03-18 23:04:57.820  1858  1858 I AndroidIME: InputBundleManager.startInput():361 startInput() with kzp[keyboardType=prime, payload=null]
03-18 23:04:57.821  1858  1858 I GlobeKeyExtension: GlobeKeyExtension.onActivate():70 
03-18 23:04:57.833  1858  1858 I CrowdsourceExtension: CrowdsourceExtension.checkIfDefaultBrowserIsAllowed():109 Failed to get default browser. The default browser may be deactivated.
03-18 23:04:57.833  1858  1858 I NewLanguagePromptExtension: NewLanguagePromptExtension.onActivate():186 Not activated NewLanguagePromptExtension: not a normal text input box.
03-18 23:04:57.833  1858  1858 I VoiceInputManagerWrapper: VoiceInputManagerWrapper.cancelShutdown():100 cancelShutdown()
03-18 23:04:57.833  1858  1858 I VoiceInputManagerWrapper: VoiceInputManagerWrapper.syncLanguagePacks():112 syncLanguagePacks()
03-18 23:04:57.835  1858  9513 I SpeechFactory: SpeechRecognitionFactory.maybeScheduleAutoPackDownloadForFallback():161 maybeScheduleAutoPackDownloadForFallback()
03-18 23:04:57.835  1858  9513 I FallbackOnDeviceRecognitionProvider: FallbackOnDeviceRecognitionProvider.maybeScheduleAutoPackDownload():198 maybeScheduleAutoPackDownload() for language tag en-US
03-18 23:04:57.835  1858  1858 I VoiceInputManager: VoiceInputManager.onKeyboardActivated():1023 onKeyboardActivated() [UD]
03-18 23:04:57.836  1858  1858 I AccessoryInputModeManager: AccessoryInputModeManager.onModeStarted():322 Accessory input mode started: null
03-18 23:04:57.837  1858  1858 I KeyboardModeUtils: KeyboardModeUtils.getKeyboardBottomOffset():437 inch: 0.000000 ydpi: 420.000000 adjustKeyboardBottomByDisplaySize: false currentDensityDpi: 420 defaultDensityDpi: 420 keyboardBottomToScreenPx: 0 keyboardBottomToNavBarPx: -126 navBarHeight: 126
03-18 23:04:57.837  1858  1858 I ResizableKeyboardModeController: ResizableKeyboardModeController.getKeyboardBottomOffset():182 currentPrimeKeyboardType:SOFT keyboardBottomOffset:0 navBarHeight:126 isInLandscape:false
03-18 23:04:57.838  1858  1858 I KeyboardHeightUtil: KeyboardHeightUtil.calculateMaxKeyboardBodyHeight():46 leave 281 height for app when ime window height:2156, header height:116 and isFullscreenMode:false, so the max keyboard body height is:1759
03-18 23:04:57.839  1858  1858 I KeyboardHeightUtil: KeyboardHeightUtil.calculateMaxKeyboardBodyHeight():46 leave 281 height for app when ime window height:2156, header height:116 and isFullscreenMode:false, so the max keyboard body height is:1759
03-18 23:04:57.839  1858  1858 I KeyboardHeightUtil: KeyboardHeightUtil.calculateMaxKeyboardBodyHeight():46 leave 281 height for app when ime window height:2156, header height:116 and isFullscreenMode:false, so the max keyboard body height is:1759
03-18 23:04:57.839  1858  1858 W ExtensionWrapper: ExtensionWrapper.setExtensionViewVisibility():801 interface koa is not activate
03-18 23:04:57.844  1858  1858 I Module  : DeviceLockedStatusModuleProvider$Module.updateDeviceLockedStatus():100 repeatCheckTimes = 1, locked = false
03-18 23:04:57.845  1858  1858 I CurrentMicStatusHolder: CurrentMicStatusHolder.onStartInputView():81 Current Mic status = {MicIconHidden-PasswordOrNumberOrDateInputType,}
03-18 23:04:57.847   717  1739 D CoreBackPreview: Window{3431881 u0 com.example.lab2/com.example.lab2.MainActivity}: Setting back callback OnBackInvokedCallbackInfo{mCallback=android.window.IOnBackInvokedCallback$Stub$Proxy@16afa51, mPriority=0, mIsAnimationCallback=true, mOverrideBehavior=0}
03-18 23:04:57.856  8979  9000 D WindowManagerShell: onKeepClearAreasChanged: restricted={}, unrestricted={Rect(0, 2298 - 1080, 2424)}
03-18 23:04:57.857  1858  1858 I KeyboardHeightUtil: KeyboardHeightUtil.calculateMaxKeyboardBodyHeight():46 leave 281 height for app when ime window height:2156, header height:116 and isFullscreenMode:false, so the max keyboard body height is:1759
03-18 23:04:57.859  1858  1858 I KeyboardHeightUtil: KeyboardHeightUtil.calculateMaxKeyboardBodyHeight():46 leave 281 height for app when ime window height:2156, header height:116 and isFullscreenMode:false, so the max keyboard body height is:1759
03-18 23:04:57.860  1858  1858 I WindowMetricsNotification: WindowMetricsNotification.notifyWithWindow():166 
03-18 23:04:57.860  1858  1858 I WindowMetricsNotification: WindowMetricsNotification.notify():159 mub[bounds=Rect(0, 142 - 1080, 2424), insets=Rect(0, 0 - 0, 126), densityDpi=420, smallestScreenWidthDp=411, displayWidth=1080, displayHeight=2424, xdpi=420.0, ydpi=420.0, isTrustable=true, displayId=0]; DisplayMetrics{density=2.625, width=1080, height=2424, scaledDensity=2.625, xdpi=420.0, ydpi=420.0}
03-18 23:04:57.867  8979  9000 D WindowManagerShell: onKeepClearAreasChanged: restricted={}, unrestricted={Rect(0, 1541 - 1080, 2424)}
03-18 23:04:57.881   478 16962 W android.hardware.audio@7.1-impl.ranchu: pcmWrite:259 pcm_writei failed with 'cannot read/write stream data: I/O error' (-1)
03-18 23:04:57.881   478 16962 E android.hardware.audio@7.1-impl.ranchu: pcmWrite:260 failure: -1
03-18 23:04:57.955  1858  1858 I GoogleInputMethodService: GoogleInputMethodService$1.onKeyboardViewShown():312 onKeyboardViewShown: keyboardType=prime, keyboardViewType=HEADER keyboardView=com.google.android.libraries.inputmethod.widgets.SoftKeyboardView{5bc553a V.E...... ........ 0,0-1080,116}
03-18 23:04:57.955  1858  1858 I KeyboardHeightUtil: KeyboardHeightUtil.calculateMaxKeyboardBodyHeight():46 leave 281 height for app when ime window height:2156, header height:116 and isFullscreenMode:false, so the max keyboard body height is:1759
03-18 23:04:57.956  1858  1858 I KeyboardHeightUtil: KeyboardHeightUtil.calculateMaxKeyboardBodyHeight():46 leave 281 height for app when ime window height:2156, header height:116 and isFullscreenMode:false, so the max keyboard body height is:1759
03-18 23:04:57.956  1858  1858 I KeyboardHeightUtil: KeyboardHeightUtil.calculateMaxKeyboardBodyHeight():46 leave 281 height for app when ime window height:2156, header height:116 and isFullscreenMode:false, so the max keyboard body height is:1759
03-18 23:04:57.956  1858  1858 I KeyboardHeightUtil: KeyboardHeightUtil.calculateMaxKeyboardBodyHeight():46 leave 281 height for app when ime window height:2156, header height:116 and isFullscreenMode:false, so the max keyboard body height is:1759
03-18 23:04:57.956  1858  1858 I GoogleInputMethodService: GoogleInputMethodService$1.onKeyboardViewShown():312 onKeyboardViewShown: keyboardType=prime, keyboardViewType=BODY keyboardView=com.google.android.libraries.inputmethod.widgets.SoftKeyboardView{bd91eb7 V.E...... ........ 0,0-1080,641}
03-18 23:04:57.956  1858  1858 I KeyboardHeightUtil: KeyboardHeightUtil.calculateMaxKeyboardBodyHeight():46 leave 281 height for app when ime window height:2156, header height:116 and isFullscreenMode:false, so the max keyboard body height is:1759
03-18 23:04:57.956  1858  1858 I NewLanguagePromptExtension: NewLanguagePromptExtension$1.onKeyboardViewShown():86 Not show new language banner: not prime keyboard, or the extension not activated.
03-18 23:04:57.956  1858  1858 I KeyboardHeightUtil: KeyboardHeightUtil.calculateMaxKeyboardBodyHeight():46 leave 281 height for app when ime window height:2156, header height:116 and isFullscreenMode:false, so the max keyboard body height is:1759
03-18 23:04:57.956  1858  1858 I KeyboardHeightUtil: KeyboardHeightUtil.calculateMaxKeyboardBodyHeight():46 leave 281 height for app when ime window height:2156, header height:116 and isFullscreenMode:false, so the max keyboard body height is:1759
03-18 23:04:57.956  1858  1858 I KeyboardHeightUtil: KeyboardHeightUtil.calculateMaxKeyboardBodyHeight():46 leave 281 height for app when ime window height:2156, header height:116 and isFullscreenMode:false, so the max keyboard body height is:1759
03-18 23:04:57.995   478 16962 W android.hardware.audio@7.1-impl.ranchu: pcmWrite:259 pcm_writei failed with 'cannot read/write stream data: I/O error' (-1)
03-18 23:04:57.995   478 16962 E android.hardware.audio@7.1-impl.ranchu: pcmWrite:260 failure: -1
03-18 23:04:58.019 16981 17015 W InteractionJankMonitor: Initializing without READ_DEVICE_CONFIG permission. enabled=false, interval=1, missedFrameThreshold=3, frameTimeThreshold=64, package=com.example.lab2
03-18 23:04:58.073   478  7343 D android.hardware.audio@7.1-impl.ranchu: threadLoop: entering standby, frames: 17680000
03-18 23:04:58.073   478  7343 D android.hardware.audio@7.1-impl.ranchu: ~TinyalsaSink: joining consumeThread
03-18 23:04:58.103   478 16962 W android.hardware.audio@7.1-impl.ranchu: pcmWrite:259 pcm_writei failed with 'cannot read/write stream data: I/O error' (-1)
03-18 23:04:58.103   478 16962 E android.hardware.audio@7.1-impl.ranchu: pcmWrite:260 failure: -1
03-18 23:04:58.103   478 16962 D android.hardware.audio@7.1-impl.ranchu: consumeThread: exiting
03-18 23:04:58.104   478  7343 D android.hardware.audio@7.1-impl.ranchu: ~TinyalsaSink: stopping PCM stream
03-18 23:04:58.172   717   736 I system_server: Background concurrent mark compact GC freed 23MB AllocSpace bytes, 36(788KB) LOS objects, 44% free, 30MB/54MB, paused 4.476ms,6.566ms total 635.608ms
03-18 23:04:58.172  1575  1575 I wpa_supplicant: wlan0: CTRL-EVENT-BEACON-LOSS 
03-18 23:04:58.183   717   738 W System  : A resource failed to call release. 
03-18 23:04:58.184   717   738 W System  : A resource failed to call HardwareBuffer.close. 
03-18 23:04:58.185   717   738 W System  : A resource failed to call HardwareBuffer.close. 
03-18 23:04:58.230 16981 16981 I ImeTracker: com.example.lab2:7138f2b5: onShown
03-18 23:04:59.625   717  3546 E TaskPersister: File error accessing recents directory (directory doesn't exist?).
03-18 23:04:59.645  8979  9009 E FrameTracker: force finish cuj, time out: J<SPLASHSCREEN_EXIT_ANIM>
03-18 23:04:59.645  8979  9009 W FrameTracker: Missed App frame:UNKNOWN: 3, 239760, 51853116, CUJ=J<SPLASHSCREEN_EXIT_ANIM>
03-18 23:04:59.645  8979  9009 W FrameTracker: Missed SF frame:UNKNOWN: 3, 239760, 51853116, CUJ=J<SPLASHSCREEN_EXIT_ANIM>
03-18 23:04:59.646  8979  9009 W FrameTracker: Missed App frame:UNKNOWN: 3, 239779, 86796030, CUJ=J<SPLASHSCREEN_EXIT_ANIM>
03-18 23:04:59.646  8979  9009 W FrameTracker: Missed SF frame:UNKNOWN: 3, 239779, 86796030, CUJ=J<SPLASHSCREEN_EXIT_ANIM>
03-18 23:04:59.646  8979  9009 W FrameTracker: Missed SF frame:JANK_COMPOSER, 239800, 100415286, CUJ=J<SPLASHSCREEN_EXIT_ANIM>
03-18 23:04:59.646  8979  9009 W FrameTracker: Missed App frame:UNKNOWN: 3, 239815, 112330732, CUJ=J<SPLASHSCREEN_EXIT_ANIM>
03-18 23:04:59.646  8979  9009 W FrameTracker: Missed SF frame:UNKNOWN: 3, 239815, 112330732, CUJ=J<SPLASHSCREEN_EXIT_ANIM>
03-18 23:04:59.646  8979  9009 W FrameTracker: Missed App frame:UNKNOWN: 3, 239830, 100224793, CUJ=J<SPLASHSCREEN_EXIT_ANIM>
03-18 23:04:59.646  8979  9009 W FrameTracker: Missed SF frame:UNKNOWN: 3, 239830, 100224793, CUJ=J<SPLASHSCREEN_EXIT_ANIM>
03-18 23:04:59.646  8979  9009 W FrameTracker: Missed App frame:UNKNOWN: 3, 239838, 116922697, CUJ=J<SPLASHSCREEN_EXIT_ANIM>
03-18 23:04:59.646  8979  9009 W FrameTracker: Missed SF frame:UNKNOWN: 3, 239838, 116922697, CUJ=J<SPLASHSCREEN_EXIT_ANIM>
03-18 23:04:59.646  8979  9009 W FrameTracker: Missed App frame:UNKNOWN: 3, 239853, 114053252, CUJ=J<SPLASHSCREEN_EXIT_ANIM>
03-18 23:04:59.646  8979  9009 W FrameTracker: Missed SF frame:UNKNOWN: 3, 239853, 114053252, CUJ=J<SPLASHSCREEN_EXIT_ANIM>
03-18 23:04:59.646  8979  9009 W FrameTracker: Missed App frame:UNKNOWN: 3, 239877, 106785764, CUJ=J<SPLASHSCREEN_EXIT_ANIM>
03-18 23:04:59.646  8979  9009 W FrameTracker: Missed SF frame:UNKNOWN: 3, 239877, 106785764, CUJ=J<SPLASHSCREEN_EXIT_ANIM>
03-18 23:05:00.318   717  3678 I ActivityManager: Force stopping com.example.lab2 appid=10217 user=0: from pid 17019
03-18 23:05:00.319   717  3678 I ActivityManager: Killing 16981:com.example.lab2/u0a217 (adj 0): stop com.example.lab2 due to from pid 17019
03-18 23:05:00.321   717  3678 W ActivityTaskManager: Force removing ActivityRecord{234309413 u0 com.example.lab2/.MainActivity t41 f}}: app died, no saved state
03-18 23:05:00.321   717  1196 D InetDiagMessage: Destroyed 0 sockets, proto=IPPROTO_TCP, family=AF_INET, states=14
03-18 23:05:00.321   717  1196 D InetDiagMessage: Destroyed 0 sockets, proto=IPPROTO_TCP, family=AF_INET6, states=14
03-18 23:05:00.321   717  1196 D InetDiagMessage: Destroyed live tcp sockets for uids={10217} in 1ms
03-18 23:05:00.322   717  1196 D InetDiagMessage: Destroyed 0 sockets, proto=IPPROTO_TCP, family=AF_INET, states=14
03-18 23:05:00.321  8979  9000 V WindowManagerShell: Transition requested (#129): android.os.BinderProxy@ade536f TransitionRequestInfo { type = CLOSE, triggerTask = TaskInfo{userId=0 taskId=41 effectiveUid=10217 displayId=0 isRunning=false baseIntent=Intent { act=android.intent.action.MAIN cat=[android.intent.category.LAUNCHER] flg=0x10000000 cmp=com.example.lab2/.MainActivity } baseActivity=null topActivity=null origActivity=null realActivity=ComponentInfo{com.example.lab2/com.example.lab2.MainActivity} numActivities=0 lastActiveTime=7282994 supportsMultiWindow=true resizeMode=1 isResizeable=true minWidth=-1 minHeight=-1 defaultMinSize=220 token=WCT{android.window.IWindowContainerToken$Stub$Proxy@4ef887c} topActivityType=1 pictureInPictureParams=null shouldDockBigOverlays=false launchIntoPipHostTaskId=-1 lastParentTaskIdBeforePip=-1 displayCutoutSafeInsets=Rect(0, 0 - 0, 0) topActivityInfo=null launchCookies=[] positionInParent=Point(0, 0) parentTaskId=-1 isFocused=true isVisible=true isVisibleRequested=true isTopActivityNoDisplay=false isSleeping=false locusId=null displayAreaFeatureId=1 isTopActivityTransparent=false isActivityStackTransparent=true lastNonFullscreenBounds=Rect(278, 711 - 803, 1791) capturedLink=null capturedLinkTimestamp=0 requestedVisibleTypes=-9 topActivityRequestOpenInBrowserEducationTimestamp=0 appCompatTaskInfo=AppCompatTaskInfo { topActivityInSizeCompat=false eligibleForLetterboxEducation= false isLetterboxEducationEnabled= false isLetterboxDoubleTapEnabled= false eligibleForUserAspectRatioButton= false topActivityBoundsLetterboxed= false isFromLetterboxDoubleTap= false topActivityLetterboxVerticalPosition= -1 topActivityLetterboxHorizontalPosition= -1 topActivityLetterboxWidth=-1 topActivityLetterboxHeight=-1 topActivityAppBounds=Rect(0, 0 - 0, 0) isUserFullscreenOverrideEnabled=false isSystemFullscreenOverrideEnabled=false hasMinAspectRatioOverride=false topActivityLetterboxBounds=null cameraCompatTaskInfo=CameraCompatTaskInfo { freeformCameraCompatMode=undefined}} topActivityMainWindowFrame=null}, pipChange = null, remoteTransition = null, displayChange = null, flags = 0, debugId = 129 }
03-18 23:05:00.322   717  1196 D InetDiagMessage: Destroyed 0 sockets, proto=IPPROTO_TCP, family=AF_INET6, states=14
03-18 23:05:00.322   717  1196 D InetDiagMessage: Destroyed live tcp sockets for uids={20217} in 0ms
03-18 23:05:00.322   717  1249 D BackgroundInstallControlService: Package event received: 0
03-18 23:05:00.323   544   584 I BpBinder: onLastStrongRef automatically unlinking death recipients: 
03-18 23:05:00.326  9026  9026 D ViewRootImpl: Skipping stats log for color mode
03-18 23:05:00.327  8979  9000 D WindowManagerShell: onKeepClearAreasChanged: restricted={}, unrestricted={}
03-18 23:05:00.328   717  3678 I AppsFilter: interaction: PackageSetting{f481e0c com.android.microdroid.empty_payload/10204} -> PackageSetting{438de45 com.example.lab2/10217} BLOCKED
03-18 23:05:00.329   717  1249 D BackgroundInstallControlService: Package event received: 0
03-18 23:05:00.329  9026  9026 D NexusLauncherModelDelegate: notifySmartspaceEvent: SmartspaceTargetEvent{mSmartspaceTarget=null, mSmartspaceActionId='null', mEventType=6}
03-18 23:05:00.329   717  1249 D BackgroundInstallControlService: Package event received: 0
03-18 23:05:00.333  8979  9000 D WindowManagerShell: setLauncherKeepClearAreaHeight: visible=true, height=527
03-18 23:05:00.334   717   959 I system_server: AssetManager2(0x7e3aa8649018) locale list changing from [] to [en-US]
03-18 23:05:00.334  1492  1492 D CarrierSvcBindHelper: onHandleForceStop: [com.example.lab2]
03-18 23:05:00.338  1492  1492 D CarrierSvcBindHelper: No carrier app for: 0
03-18 23:05:00.340   717   949 W InputDispatcher: channel '3431881 com.example.lab2/com.example.lab2.MainActivity' ~ Consumer closed input channel or an error occurred.  events=0x9
03-18 23:05:00.340   717   949 E InputDispatcher: channel '3431881 com.example.lab2/com.example.lab2.MainActivity' ~ Channel is unrecoverably broken and will be disposed!
03-18 23:05:00.340  1610  1610 I adbd    : Remote process closed the socket (on MSG_PEEK)
03-18 23:05:00.342   470   470 I Zygote  : Process 16981 exited due to signal 9 (Killed)
03-18 23:05:00.344   544   544 I BpBinder: onLastStrongRef automatically unlinking death recipients: 
03-18 23:05:00.348   717  1180 D AutofillSession: handling death of Token{e7e86ab ActivityRecord{234309413 u0 com.example.lab2/.MainActivity t41 f} isExiting}} when saving=false
03-18 23:05:00.348   717   913 V ActivityManager: Got obituary of 16981:com.example.lab2
03-18 23:05:00.353   717   763 I libprocessgroup: Removed cgroup /sys/fs/cgroup/apps/uid_10217/pid_16981
03-18 23:05:00.357   717   949 I WindowManager: WINDOW DIED Window{3431881 u0 com.example.lab2/com.example.lab2.MainActivity}
03-18 23:05:00.358  8979  9000 D WindowManagerShell: onKeepClearAreasChanged: restricted={}, unrestricted={Rect(0, 1541 - 1080, 2424)}
03-18 23:05:00.358   717  1739 I WindowManager: WIN DEATH: Window{3431881 u0 com.example.lab2/com.example.lab2.MainActivity EXITING}
03-18 23:05:00.361   717   752 I ImeTracker: system_server:ac759e19: onRequestShow at ORIGIN_SERVER reason CONTROLS_CHANGED fromUser false
03-18 23:05:00.362   717  2071 I ImeTracker: com.example.lab2:294fa52b: onRequestHide at ORIGIN_SERVER reason HIDE_REMOVE_CLIENT fromUser false
03-18 23:05:00.362  1858  1858 I GoogleInputMethodService: GoogleInputMethodService.onFinishInputView():1524 
03-18 23:05:00.362  1858  1858 I GlobeKeyExtension: GlobeKeyExtension.onDeactivate():104 
03-18 23:05:00.363  1858  1858 I VoiceInputManagerWrapper: VoiceInputManagerWrapper.shutdown():122 shutdown()
03-18 23:05:00.364  1858  1858 W TooltipLifecycleManager: TooltipLifecycleManager.dismissTooltips():154 Tooltip with id spell_check_add_to_dictionary not found in tooltipManager.
03-18 23:05:00.367  1858  1858 I AndroidIME: AbstractIme.onDeactivate():203 PasswordIme.onDeactivate()
03-18 23:05:00.369  1858  1858 W TooltipLifecycleManager: TooltipLifecycleManager.dismissTooltips():154 Tooltip with id undo_access_point_promotion_banner not found in tooltipManager.
03-18 23:05:00.371  9026  9026 D BaseDepthController: setSurface:
03-18 23:05:00.371  9026  9026 D BaseDepthController: 	mWaitingOnSurfaceValidity: false
03-18 23:05:00.371  9026  9026 D BaseDepthController: 	mBaseSurface: Surface(name=com.google.android.apps.nexuslauncher/com.google.android.apps.nexuslauncher.NexusLauncherActivity)/@0x8a1ff2a
03-18 23:05:00.371   717   751 V WindowManager: Unknown focus tokens, dropping reportFocusChanged
03-18 23:05:00.372   717   751 W ActivityManager: setHasOverlayUi called on unknown pid: 16981
03-18 23:05:00.375  1858  1858 E IPCThreadState: Binder transaction failure. id: 1452362, BR_*: 29189, error: -22 (Invalid argument)
03-18 23:05:00.376  1858  1858 I ImeTracker: com.example.lab2:294fa52b: onHidden
03-18 23:05:00.379   717  1739 W ActivityManager: pid 1858 com.google.android.inputmethod.latin sent binder code 1 with flags 1 to frozen apps and got error -32
03-18 23:05:00.456  9026  9026 D StatsLog: LAUNCHER_ONRESUME
03-18 23:05:00.461  9026  9026 I NotificationListener: Handling notification state refresh for android#0
03-18 23:05:00.461  9026  9026 I NotificationListener: Handling notification state refresh for com.android.systemui#0
03-18 23:05:00.461  9026  9026 I NotificationListener: Handling notification state refresh for com.google.android.apps.wellbeing#0
03-18 23:05:00.461  9026  9026 I NotificationListener: Handling notification state refresh for com.android.vending#0
03-18 23:05:00.461  9026  9026 I NotificationListener: Handling notification state refresh for com.android.systemui#0
03-18 23:05:00.461  8979  9290 V WindowManagerShell: onTransitionReady(transaction=3079491556864)
03-18 23:05:00.461  9026  9049 D QuickstepModelDelegate: notifyAppTargetEvent action=1 launchLocation=workspace/0/[-1,-1]/[1,1]
03-18 23:05:00.462  8979  9000 V WindowManagerShell: onTransitionReady (#129) android.os.BinderProxy@ade536f: {id=129 t=CLOSE f=0x0 trk=0 r=[0@Point(0, 0)] c=[
03-18 23:05:00.462  8979  9000 V WindowManagerShell:         {m=TO_FRONT f=SHOW_WALLPAPER|MOVE_TO_TOP leash=Surface(name=Task=1)/@0x8ada95a sb=Rect(0, 0 - 1080, 2424) eb=Rect(0, 0 - 1080, 2424) epz=Point(1080, 2424) d=0 taskParent=-1},
03-18 23:05:00.462  8979  9000 V WindowManagerShell:         {m=CLOSE f=NONE leash=Surface(name=Task=41)/@0x126b78b sb=Rect(0, 0 - 1080, 2424) eb=Rect(0, 0 - 1080, 2424) epz=Point(1080, 2424) d=0 taskParent=-1},
03-18 23:05:00.462  8979  9000 V WindowManagerShell:         {m=TO_FRONT f=IS_WALLPAPER leash=Surface(name=WallpaperWindowToken{9586067 showWhenLocked=false})/@0x9eab068 sb=Rect(0, 0 - 1080, 2424) eb=Rect(0, 0 - 1080, 2424) epz=Point(1080, 2424) d=0}
03-18 23:05:00.462  8979  9000 V WindowManagerShell:     ]}
03-18 23:05:00.462  8979  9000 V WindowManagerShell: Playing animation for (#129) android.os.BinderProxy@ade536f@0
03-18 23:05:00.463  8979  9000 V ShellRecents: RecentsTransitionHandler.startAnimation: no controller found
03-18 23:05:00.463  8979  9000 V WindowManagerShell: Transition doesn't have explicit remote, search filters for match for {id=129 t=CLOSE f=0x0 trk=0 r=[0@Point(0, 0)] c=[{m=TO_FRONT f=SHOW_WALLPAPER|MOVE_TO_TOP leash=Surface(name=Task=1)/@0x8ada95a sb=Rect(0, 0 - 1080, 2424) eb=Rect(0, 0 - 1080, 2424) epz=Point(1080, 2424) d=0 taskParent=-1},{m=CLOSE f=NONE leash=Surface(name=Task=41)/@0x126b78b sb=Rect(0, 0 - 1080, 2424) eb=Rect(0, 0 - 1080, 2424) epz=Point(1080, 2424) d=0 taskParent=-1},{m=TO_FRONT f=IS_WALLPAPER leash=Surface(name=WallpaperWindowToken{9586067 showWhenLocked=false})/@0x9eab068 sb=Rect(0, 0 - 1080, 2424) eb=Rect(0, 0 - 1080, 2424) epz=Point(1080, 2424) d=0}]}
