03-18 23:04:48.360   717  2732 W WindowManager: 	at com.android.server.wm.WindowOrganizerController.onTransact(WindowOrganizerController.java:223)
03-18 23:04:48.360   717  2732 W WindowManager: 	at android.os.Binder.execTransactInternal(Binder.java:1426)
03-18 23:04:48.360   717  2732 W WindowManager: 	at android.os.Binder.execTransact(Binder.java:1365)
03-18 23:04:48.361   717  2732 W Process : Unable to open /proc/16772/status
03-18 23:04:48.368   717  2732 I ImeTracker: system_server:ccf3692c: onRequestHide at ORIGIN_SERVER reason IME_REQUESTED_CHANGED_LISTENER fromUser false
03-18 23:04:48.373   717   751 I ImeTracker: system_server:ccf3692c: onCancelled at PHASE_SERVER_SHOULD_HIDE
03-18 23:04:48.375  8979  9000 V WindowManagerShell: Track 0 became idle
03-18 23:04:48.375  8979  9000 V WindowManagerShell: All active transition animations finished
03-18 23:04:48.410   544   544 E BpTransactionCompletedListener: Failed to transact (-32)
03-18 23:04:48.843 16900 16906 I om.example.lab2: Compiler allocated 5042KB to compile void android.view.ViewRootImpl.performTraversals()
03-18 23:04:49.030 16900 16900 I Choreographer: Skipped 52 frames!  The application may be doing too much work on its main thread.
03-18 23:04:49.052 16900 16913 I HWUI    : Davey! duration=1148ms; Flags=1, FrameTimelineVsyncId=239397, IntendedVsync=7274745061005, Vsync=7275011727661, InputEventId=0, HandleInputStart=7275023771155, AnimationStart=7275023780035, PerformTraversalsStart=7275023915459, DrawStart=7275232067914, FrameDeadline=7274761727671, FrameStartTime=7275023191490, FrameInterval=16666666, WorkloadTarget=16666666, SyncQueued=7275265873435, SyncStart=7275266487626, IssueDrawCommandsStart=7275266918046, SwapBuffers=7275775316853, FrameCompleted=7275894143682, DequeueBufferDuration=11591, QueueBufferDuration=731210, GpuCompleted=7275893967556, SwapBuffersCompleted=7275894143682, DisplayPresentTime=0, CommandSubmissionCompleted=7275775316853, 
03-18 23:04:49.097  1681  2562 I FontLog : (REDACTED) Received query %s, URI %s
03-18 23:04:49.098  1681  2562 I FontLog : (REDACTED) Query [%s] resolved to %s
03-18 23:04:49.112  1681  2562 I FontLog : (REDACTED) Fetch %s end status %s
03-18 23:04:49.125  1681  2562 I FontLog : (REDACTED) Pulling font file for id = %d, cache size = %d
03-18 23:04:49.134  1681  2562 I FontLog : (REDACTED) Pulling font file for id = %d, cache size = %d
03-18 23:04:49.200   717   958 I ImeTracker: com.example.lab2:a2f2235b: onRequestShow at ORIGIN_SERVER reason SHOW_RESTORE_IME_VISIBILITY fromUser false
03-18 23:04:49.216 16900 16900 D InsetsController: show(ime(), fromIme=false)
03-18 23:04:49.220 16900 16900 D InsetsController: Setting requestedVisibleTypes to -1 (was -9)
03-18 23:04:49.224   717  3708 I ImeTracker: com.example.lab2:a2f2235b: onFailed at PHASE_SERVER_UPDATE_CLIENT_VISIBILITY
03-18 23:04:49.232   717  1545 I ImeTracker: com.example.lab2:3c1df9ee: onRequestShow at ORIGIN_SERVER reason ATTACH_NEW_INPUT fromUser false
03-18 23:04:49.237  1858  1858 I GoogleInputMethodService: GoogleInputMethodService.onFinishInput():2043 
03-18 23:04:49.246   717  1249 D BackgroundInstallControlService: Package event received: 0
03-18 23:04:49.246   717  1249 D BackgroundInstallControlService: Package event received: 0
03-18 23:04:49.246   717  1249 D BackgroundInstallControlService: Package event received: 0
03-18 23:04:49.247  1858  1858 I Module  : DeviceLockedStatusModuleProvider$Module.updateDeviceLockedStatus():100 repeatCheckTimes = 0, locked = false
03-18 23:04:49.250  1858  1858 I GoogleInputMethodService: GoogleInputMethodService.onStartInput():1293 onStartInput(EditorInfo{EditorInfo{packageName=com.example.lab2, inputType=61, inputTypeString=PersonName[], enableLearning=true, autoCorrection=true, autoComplete=true, imeOptions=8000005, privateImeOptions=null, actionName=NEXT, actionLabel=null, initialSelStart=5, initialSelEnd=5, initialCapsMode=0, label=null, fieldId=2131230987, fieldName=null, extras=Bundle[mParcelledData.dataSize=168], hintText=non-empty, hintLocales=[]}}, false)
03-18 23:04:49.260   717  1545 I ImeTracker: system_server:36bd900f: onRequestShow at ORIGIN_SERVER reason IME_REQUESTED_CHANGED_LISTENER fromUser false
03-18 23:04:49.260   478  7343 D android.hardware.audio@7.1-impl.ranchu: threadLoop: entering standby, frames: 17382976
03-18 23:04:49.260   478  7343 D android.hardware.audio@7.1-impl.ranchu: ~TinyalsaSink: joining consumeThread
03-18 23:04:49.359   478 16823 D android.hardware.audio@7.1-impl.ranchu: consumeThread: exiting
03-18 23:04:49.362   478  7343 D android.hardware.audio@7.1-impl.ranchu: ~TinyalsaSink: stopping PCM stream
03-18 23:04:49.363  1858  1858 I Module  : DeviceLockedStatusModuleProvider$Module.updateDeviceLockedStatus():100 repeatCheckTimes = 1, locked = false
03-18 23:04:49.364   595   676 W IPCThreadState: Sending oneway calls to frozen process.
03-18 23:04:49.364   595   676 W IPCThreadState: Sending oneway calls to frozen process.
03-18 23:04:49.365   717  1545 W PackageConfigPersister: App-specific configuration not found for packageName: com.example.lab2 and userId: 0
03-18 23:04:49.366  1858  1858 I StylusModule: StylusModule.onUpdateToolType():801 Update tool type = 2
03-18 23:04:49.374  1858  1858 I GoogleInputMethodService: GoogleInputMethodService.onStartInputView():1392 onStartInputView(EditorInfo{EditorInfo{packageName=com.example.lab2, inputType=61, inputTypeString=PersonName[], enableLearning=true, autoCorrection=true, autoComplete=true, imeOptions=8000005, privateImeOptions=null, actionName=NEXT, actionLabel=null, initialSelStart=5, initialSelEnd=5, initialCapsMode=0, label=null, fieldId=2131230987, fieldName=null, extras=Bundle[{androidx.core.view.inputmethod.EditorInfoCompat.STYLUS_HANDWRITING_ENABLED=true}], hintText=non-empty, hintLocales=[]}}, false)
03-18 23:04:49.380  1858  1858 I KeyboardHeightUtil: KeyboardHeightUtil.getOemKeyboardHeightRatio():161 systemKeyboardHeightRatio:1.000000.
03-18 23:04:49.382  1858  1858 I AndroidIME: InputBundleManager.loadActiveInputBundleId():483 loadActiveInputBundleId: en-US, ime_english_united_states
03-18 23:04:49.382  1858  1858 I AndroidIME: AbstractIme.onActivate():90 LatinIme.onActivate() : EditorInfo = EditorInfo{packageName=com.example.lab2, inputType=61, inputTypeString=PersonName[], enableLearning=true, autoCorrection=true, autoComplete=true, imeOptions=8000005, privateImeOptions=null, actionName=NEXT, actionLabel=null, initialSelStart=5, initialSelEnd=5, initialCapsMode=0, label=null, fieldId=2131230987, fieldName=null, extras=Bundle[{androidx.core.view.inputmethod.EditorInfoCompat.STYLUS_HANDWRITING_ENABLED=true}], hintText=non-empty, hintLocales=[]}, IncognitoMode = false, DeviceLocked = false
03-18 23:04:49.383  1858  1858 I InputBundle: InputBundle.consumeEvent():949 Skip consuming an event as keyboard status is 0
03-18 23:04:49.385  1858  1858 I Delight5Facilitator: Delight5Facilitator.initializeForIme():729 initializeForIme() : Locale = [en_US], layout = qwerty
03-18 23:04:49.424  1858  1858 I LatinIme: LatinIme.updateEnableInlineSuggestionsOnDecoderSideFlags():1256 inline flag updated to:false
03-18 23:04:49.425  1858  1858 I LatinIme: LatinIme.updateEnableInlineSuggestionsOnDecoderSideFlags():1256 inline flag updated to:false
03-18 23:04:49.431  1858  1858 I InputBundle: InputBundle.consumeEvent():949 Skip consuming an event as keyboard status is 0
03-18 23:04:49.433  1858  1858 I InputBundle: InputBundle.consumeEvent():949 Skip consuming an event as keyboard status is 0
03-18 23:04:49.438  1858  1858 I KeyboardWrapper: KeyboardWrapper.activateKeyboard():562 activateKeyboard(): type=accessory, status=0, imeDef=kyj{stringId=ime_english_united_states, language=en-US, languageTag=en-US, processedConditions={enable_number_row=false, device=phone}, className=com.google.android.libraries.inputmethod.ime.experiment.ExperimentImeWrapper, label=0, keyEventInterpreter=null, inlineComposing=true, autoCapital=true, announceAutoSelectedCandidate=true, statusIcon=0, primeKeyboardType=SOFT, indicatorIcon=0, indicatorLabel=US, displayAppCompletions=true, extraValues=kyb{#0x7f0b021c=TypedValue{t=0x3/d=0x0 "writing_helper_enable_by_word_revert=false"}, #0x7f0b0222=TypedValue{t=0x3/d=0x0 "com.google.android.apps.inputmethod.libs.latin5.LatinIme"}, #0x7f0b0223=TypedValue{t=0x3/d=0x0 "com.google.android.apps.inputmethod.libs.edittracker.EditTrackingImeWrapper"}, #0x7f0b0224=TypedValue{t=0x3/d=0x0 "com.google.android.apps.inputmethod.libs.latin5.LatinIme"}}, processors=lac@3ad80f7, unacceptableMetaKeys=4098, languageSpecificSettings=0, asciiCapable=true, alwaysShowSuggestions=false, useAsciiPasswordKeyboard=false, secondaryIme=null, keyboardGroupDef=kzl@45b19e9, phenotypeFlagId=0, localizationLanguageTag=null, supportsInlineSuggestion=true}
03-18 23:04:49.439  1858  1858 I KeyboardManager: KeyboardManager.requestKeyboard():248 Creating keyboard accessory, imeId=ime_english_united_states, cacheKey=theme_!gsf_!pgsans_!pgsf_!use_system_font_BORDER=true_FLAVOR_DPI=XXHDPI_KEYBOARD_MODE=3_KEYBOARD_WIDTH_CATEGORY=NORMAL_LIGHT_THEME=true_PHYSICAL_DIAGONAL=6.0111027_SCREEN_SHORTEST_WIDTH=411_SCREEN_SHORTEST_WIDTH_NO_SCALE=411_bottom4dp_enable_google_fonts_icons=true_enable_popup_on_keypress=true_keyboard_redesign_google_sans=true_noshadow_overlay_builtin_dynamic_color_light_base.binarypb:gm3-light-fffaf8ff-ff495d92-82b625f90d810779661adb8ce93b5ac5_silkpopup_unify_function_key_color=true
03-18 23:04:49.444  1858  1858 I KeyboardWrapper: KeyboardWrapper.onKeyboardReady():212 onKeyboardReady(): type=prime(accessory), kb=com.google.android.libraries.inputmethod.keyboard.impl.Keyboard@d6f572e
03-18 23:04:49.445  1858  1858 I KeyboardWrapper: KeyboardWrapper.doActivateKeyboard():589 doActivateKeyboard(): accessory
03-18 23:04:49.445  1858  1858 W Keyboard: Keyboard.getKeyboardViewHelper():597 null helper is returned: keyboardDef=kze{processedConditions={}, globalConditions={}, className=com.google.android.libraries.inputmethod.keyboard.impl.Keyboard, resourceIds=[#0x7f170045], initialStates=0, keyboardViewDefs=[], persistentStates=0, persistentStatesPrefKey=null, popupBubbleLayoutId=0, recentKeyLayoutId=0, recentKeyPopupLayoutId=0, recentKeyType=null, rememberRecentKey=NONE, sessionStates=0}, type=HEADER, helpersCreated=[null, null, null, null], context.getResources().getConfiguration(): {1.0 310mcc260mnc [en_US] ldltr sw411dp w411dp h845dp 420dpi nrml long port finger qwerty/v/v dpad/v winConfig={ mBounds=Rect(0, 0 - 1080, 2424) mAppBounds=Rect(0, 142 - 1080, 2361) mMaxBounds=Rect(0, 0 - 1080, 2424) mDisplayRotation=ROTATION_0 mWindowingMode=fullscreen mActivityType=undefined mAlwaysOnTop=undefined mRotation=ROTATION_0} as.6 s.87 fontWeightAdjustment=0}
03-18 23:04:49.446  1858  1858 I PopupKeyboardViewHolderProvider: PopupKeyboardViewHolderProvider.hide():102 hiding popup floating keyboard 5e96844
03-18 23:04:49.447  1858  1858 W Keyboard: Keyboard.getKeyboardViewHelper():597 null helper is returned: keyboardDef=kze{processedConditions={}, globalConditions={}, className=com.google.android.libraries.inputmethod.keyboard.impl.Keyboard, resourceIds=[#0x7f170045], initialStates=0, keyboardViewDefs=[], persistentStates=0, persistentStatesPrefKey=null, popupBubbleLayoutId=0, recentKeyLayoutId=0, recentKeyPopupLayoutId=0, recentKeyType=null, rememberRecentKey=NONE, sessionStates=0}, type=BODY, helpersCreated=[null, null, null, null], context.getResources().getConfiguration(): {1.0 310mcc260mnc [en_US] ldltr sw411dp w411dp h845dp 420dpi nrml long port finger qwerty/v/v dpad/v winConfig={ mBounds=Rect(0, 0 - 1080, 2424) mAppBounds=Rect(0, 142 - 1080, 2361) mMaxBounds=Rect(0, 0 - 1080, 2424) mDisplayRotation=ROTATION_0 mWindowingMode=fullscreen mActivityType=undefined mAlwaysOnTop=undefined mRotation=ROTATION_0} as.6 s.87 fontWeightAdjustment=0}
03-18 23:04:49.447  1858  1858 I PopupKeyboardViewHolderProvider: PopupKeyboardViewHolderProvider.hide():102 hiding popup floating keyboard 5e96844
03-18 23:04:49.447  1858  1858 I GlobeKeyExtension: GlobeKeyExtension.getKeyboardInitialStates():131 
03-18 23:04:49.449  1858  1858 W Keyboard: Keyboard.getKeyboardViewHelper():597 null helper is returned: keyboardDef=kze{processedConditions={}, globalConditions={}, className=com.google.android.libraries.inputmethod.keyboard.impl.Keyboard, resourceIds=[#0x7f170045], initialStates=0, keyboardViewDefs=[], persistentStates=0, persistentStatesPrefKey=null, popupBubbleLayoutId=0, recentKeyLayoutId=0, recentKeyPopupLayoutId=0, recentKeyType=null, rememberRecentKey=NONE, sessionStates=0}, type=HEADER, helpersCreated=[null, null, null, null], context.getResources().getConfiguration(): {1.0 310mcc260mnc [en_US] ldltr sw411dp w411dp h845dp 420dpi nrml long port finger qwerty/v/v dpad/v winConfig={ mBounds=Rect(0, 0 - 1080, 2424) mAppBounds=Rect(0, 142 - 1080, 2361) mMaxBounds=Rect(0, 0 - 1080, 2424) mDisplayRotation=ROTATION_0 mWindowingMode=fullscreen mActivityType=undefined mAlwaysOnTop=undefined mRotation=ROTATION_0} as.6 s.87 fontWeightAdjustment=0}
03-18 23:04:49.449  1858  1858 I PopupKeyboardViewHolderProvider: PopupKeyboardViewHolderProvider.hide():102 hiding popup floating keyboard 5e96844
03-18 23:04:49.449  1858  1858 W Keyboard: Keyboard.getKeyboardViewHelper():597 null helper is returned: keyboardDef=kze{processedConditions={}, globalConditions={}, className=com.google.android.libraries.inputmethod.keyboard.impl.Keyboard, resourceIds=[#0x7f170045], initialStates=0, keyboardViewDefs=[], persistentStates=0, persistentStatesPrefKey=null, popupBubbleLayoutId=0, recentKeyLayoutId=0, recentKeyPopupLayoutId=0, recentKeyType=null, rememberRecentKey=NONE, sessionStates=0}, type=BODY, helpersCreated=[null, null, null, null], context.getResources().getConfiguration(): {1.0 310mcc260mnc [en_US] ldltr sw411dp w411dp h845dp 420dpi nrml long port finger qwerty/v/v dpad/v winConfig={ mBounds=Rect(0, 0 - 1080, 2424) mAppBounds=Rect(0, 142 - 1080, 2361) mMaxBounds=Rect(0, 0 - 1080, 2424) mDisplayRotation=ROTATION_0 mWindowingMode=fullscreen mActivityType=undefined mAlwaysOnTop=undefined mRotation=ROTATION_0} as.6 s.87 fontWeightAdjustment=0}
03-18 23:04:49.449  1858  1858 I PopupKeyboardViewHolderProvider: PopupKeyboardViewHolderProvider.hide():102 hiding popup floating keyboard 5e96844
03-18 23:04:49.449  1858  1858 W Keyboard: Keyboard.getKeyboardViewHelper():597 null helper is returned: keyboardDef=kze{processedConditions={}, globalConditions={}, className=com.google.android.libraries.inputmethod.keyboard.impl.Keyboard, resourceIds=[#0x7f170045], initialStates=0, keyboardViewDefs=[], persistentStates=0, persistentStatesPrefKey=null, popupBubbleLayoutId=0, recentKeyLayoutId=0, recentKeyPopupLayoutId=0, recentKeyType=null, rememberRecentKey=NONE, sessionStates=0}, type=FLOATING_CANDIDATES, helpersCreated=[null, null, null, null], context.getResources().getConfiguration(): {1.0 310mcc260mnc [en_US] ldltr sw411dp w411dp h845dp 420dpi nrml long port finger qwerty/v/v dpad/v winConfig={ mBounds=Rect(0, 0 - 1080, 2424) mAppBounds=Rect(0, 142 - 1080, 2361) mMaxBounds=Rect(0, 0 - 1080, 2424) mDisplayRotation=ROTATION_0 mWindowingMode=fullscreen mActivityType=undefined mAlwaysOnTop=undefined mRotation=ROTATION_0} as.6 s.87 fontWeightAdjustment=0}
03-18 23:04:49.449  1858  1858 I PopupKeyboardViewHolderProvider: PopupKeyboardViewHolderProvider.hide():102 hiding popup floating keyboard 5e96844
03-18 23:04:49.450  1858  1858 W Keyboard: Keyboard.getKeyboardViewHelper():597 null helper is returned: keyboardDef=kze{processedConditions={}, globalConditions={}, className=com.google.android.libraries.inputmethod.keyboard.impl.Keyboard, resourceIds=[#0x7f170045], initialStates=0, keyboardViewDefs=[], persistentStates=0, persistentStatesPrefKey=null, popupBubbleLayoutId=0, recentKeyLayoutId=0, recentKeyPopupLayoutId=0, recentKeyType=null, rememberRecentKey=NONE, sessionStates=0}, type=WIDGET, helpersCreated=[null, null, null, null], context.getResources().getConfiguration(): {1.0 310mcc260mnc [en_US] ldltr sw411dp w411dp h845dp 420dpi nrml long port finger qwerty/v/v dpad/v winConfig={ mBounds=Rect(0, 0 - 1080, 2424) mAppBounds=Rect(0, 142 - 1080, 2361) mMaxBounds=Rect(0, 0 - 1080, 2424) mDisplayRotation=ROTATION_0 mWindowingMode=fullscreen mActivityType=undefined mAlwaysOnTop=undefined mRotation=ROTATION_0} as.6 s.87 fontWeightAdjustment=0}
03-18 23:04:49.450  1858  1858 I PopupKeyboardViewHolderProvider: PopupKeyboardViewHolderProvider.hide():102 hiding popup floating keyboard 5e96844
03-18 23:04:49.451  1858  1858 I AndroidIME: InputBundleManager.startInput():361 startInput() with kzp[keyboardType=accessory, payload=null]
03-18 23:04:49.452  1858  1858 I GlobeKeyExtension: GlobeKeyExtension.onActivate():70 
03-18 23:04:49.457  1858  2274 I Delight5Decoder: Delight5DecoderWrapper.setKeyboardLayout():521 setKeyboardLayout()
03-18 23:04:49.477  1858  1858 I CrowdsourceExtension: CrowdsourceExtension.checkIfDefaultBrowserIsAllowed():109 Failed to get default browser. The default browser may be deactivated.
03-18 23:04:49.478  1858  1858 I HardKeyTracker: HardKeyTracker.unregisterKeySequence():182 Unregister key sequence lsr{labelResId=2132020165, callback=cbb@4a5a384, lastModifier=2, keyCodes=[56], actions=[0]}
03-18 23:04:49.478  1858  1858 I HardKeyTracker: HardKeyTracker.unregisterKeySequence():182 Unregister key sequence lsr{labelResId=2132020165, callback=cbb@ba9b433, lastModifier=0, keyCodes=[317], actions=[0]}
03-18 23:04:49.478  1858  1858 I HardKeyTracker: HardKeyTracker.registerKeySequence():138 Register key sequence lsr{labelResId=2132020165, callback=cbb@5ec7444, lastModifier=2, keyCodes=[56], actions=[0]}
03-18 23:04:49.478  1858  1858 I HardKeyTracker: HardKeyTracker.registerKeySequence():138 Register key sequence lsr{labelResId=2132020165, callback=cbb@1c84bf3, lastModifier=0, keyCodes=[317], actions=[0]}
03-18 23:04:49.479  1858  1858 I VoiceInputManagerWrapper: VoiceInputManagerWrapper.cancelShutdown():100 cancelShutdown()
03-18 23:04:49.479  1858  1858 I VoiceInputManagerWrapper: VoiceInputManagerWrapper.syncLanguagePacks():112 syncLanguagePacks()
03-18 23:04:49.479  1858  1858 I VoiceInputManager: VoiceInputManager.onKeyboardActivated():1023 onKeyboardActivated() [UD]
03-18 23:04:49.481  1858  1858 I AccessoryInputModeManager: AccessoryInputModeManager.onModeStarted():322 Accessory input mode started: STYLUS
03-18 23:04:49.481  1858  1858 W ExtensionWrapper: ExtensionWrapper.setAllowUpdateNavigationBarStyle():810 class iio is not activate
03-18 23:04:49.482  1858  1858 I WidgetViewShowingController: WidgetViewShowingController.showWidgetKeyboardInternal():524 Show companion widget
03-18 23:04:49.491  1858  1858 W ExtensionWrapper: ExtensionWrapper.setAllowUpdateNavigationBarStyle():810 class iio is not activate
03-18 23:04:49.492  1858  9513 I SpeechFactory: SpeechRecognitionFactory.maybeScheduleAutoPackDownloadForFallback():161 maybeScheduleAutoPackDownloadForFallback()
03-18 23:04:49.492  1858  1858 I WidgetViewShowingPositionHandler: WidgetViewShowingPositionHandler.updateAvailableArea():194 update available area Rect(21, 163 - 1059, 2357)
03-18 23:04:49.495  1858  1858 I ProactiveUndoTriggerExtension: ProactiveUndoTriggerExtension.eventConsumer$lambda$0():125 kyp{intention=null, keyCode=-10159, ACTIVATE_SUPPLEMENTARY_KEYBOARD, data=accessory_candidates_consumer}
03-18 23:04:49.495  1858  1858 I KeyboardManager: KeyboardManager.requestKeyboard():248 Creating keyboard accessory_candidates_consumer, imeId=ime_english_united_states, cacheKey=theme_!gsf_!pgsans_!pgsf_!use_system_font_BORDER=true_FLAVOR_DPI=XXHDPI_KEYBOARD_MODE=3_KEYBOARD_WIDTH_CATEGORY=NORMAL_LIGHT_THEME=true_PHYSICAL_DIAGONAL=6.0111027_SCREEN_SHORTEST_WIDTH=411_SCREEN_SHORTEST_WIDTH_NO_SCALE=411_bottom4dp_enable_google_fonts_icons=true_enable_popup_on_keypress=true_keyboard_redesign_google_sans=true_noshadow_overlay_builtin_dynamic_color_light_base.binarypb:gm3-light-fffaf8ff-ff495d92-82b625f90d810779661adb8ce93b5ac5_silkpopup_unify_function_key_color=true
03-18 23:04:49.496  1858  1858 I GlobeKeyExtension: GlobeKeyExtension.getKeyboardInitialStates():131 
03-18 23:04:49.497  1858  1858 W Keyboard: Keyboard.getKeyboardViewHelper():597 null helper is returned: keyboardDef=kze{processedConditions={}, globalConditions={global_theme_key=theme_!gsf_!pgsans_!pgsf_!use_system_font_BORDER=true_FLAVOR_DPI=XXHDPI_KEYBOARD_MODE=3_KEYBOARD_WIDTH_CATEGORY=NORMAL_LIGHT_THEME=true_PHYSICAL_DIAGONAL=6.0111027_SCREEN_SHORTEST_WIDTH=411_SCREEN_SHORTEST_WIDTH_NO_SCALE=411_bottom4dp_enable_google_fonts_icons=true_enable_popup_on_keypress=true_keyboard_redesign_google_sans=true_noshadow_overlay_builtin_dynamic_color_light_base.binarypb:gm3-light-fffaf8ff-ff495d92-82b625f90d810779661adb8ce93b5ac5_silkpopup_unify_function_key_color=true, global_locale=en_US, global_density_dpi=420, global_orientation=1}, className=.latin.keyboard.AccessoryKeyboard, resourceIds=[#0x7f170044], initialStates=0, keyboardViewDefs=[kzt{direction=null, id=#0x7f0b0166, isScalable=false, layoutId=#0x7f0e002d, type=FLOATING_CANDIDATES, touchable=true, defaultShow=false}], persistentStates=0, persistentStatesPrefKey=null, popupBubbleLayoutId=#0x7f0e05ce, recentKeyLayoutId=0, recentKeyPopupLayoutId=0, recentKeyType=null, rememberRecentKey=NONE, sessionStates=0}, type=HEADER, helpersCreated=[null, null, kkl@99f64a4, null], context.getResources().getConfiguration(): {1.0 310mcc260mnc [en_US] ldltr sw411dp w411dp h845dp 420dpi nrml long port finger qwerty/v/v dpad/v winConfig={ mBounds=Rect(0, 0 - 1080, 2424) mAppBounds=Rect(0, 142 - 1080, 2361) mMaxBounds=Rect(0, 0 - 1080, 2424) mDisplayRotation=ROTATION_0 mWindowingMode=fullscreen mActivityType=undefined mAlwaysOnTop=undefined mRotation=ROTATION_0} as.6 s.87 fontWeightAdjustment=0}
03-18 23:04:49.497  1858  1858 W Keyboard: Keyboard.getKeyboardViewHelper():597 null helper is returned: keyboardDef=kze{processedConditions={}, globalConditions={global_theme_key=theme_!gsf_!pgsans_!pgsf_!use_system_font_BORDER=true_FLAVOR_DPI=XXHDPI_KEYBOARD_MODE=3_KEYBOARD_WIDTH_CATEGORY=NORMAL_LIGHT_THEME=true_PHYSICAL_DIAGONAL=6.0111027_SCREEN_SHORTEST_WIDTH=411_SCREEN_SHORTEST_WIDTH_NO_SCALE=411_bottom4dp_enable_google_fonts_icons=true_enable_popup_on_keypress=true_keyboard_redesign_google_sans=true_noshadow_overlay_builtin_dynamic_color_light_base.binarypb:gm3-light-fffaf8ff-ff495d92-82b625f90d810779661adb8ce93b5ac5_silkpopup_unify_function_key_color=true, global_locale=en_US, global_density_dpi=420, global_orientation=1}, className=.latin.keyboard.AccessoryKeyboard, resourceIds=[#0x7f170044], initialStates=0, keyboardViewDefs=[kzt{direction=null, id=#0x7f0b0166, isScalable=false, layoutId=#0x7f0e002d, type=FLOATING_CANDIDATES, touchable=true, defaultShow=false}], persistentStates=0, persistentStatesPrefKey=null, popupBubbleLayoutId=#0x7f0e05ce, recentKeyLayoutId=0, recentKeyPopupLayoutId=0, recentKeyType=null, rememberRecentKey=NONE, sessionStates=0}, type=BODY, helpersCreated=[null, null, kkl@99f64a4, null], context.getResources().getConfiguration(): {1.0 310mcc260mnc [en_US] ldltr sw411dp w411dp h845dp 420dpi nrml long port finger qwerty/v/v dpad/v winConfig={ mBounds=Rect(0, 0 - 1080, 2424) mAppBounds=Rect(0, 142 - 1080, 2361) mMaxBounds=Rect(0, 0 - 1080, 2424) mDisplayRotation=ROTATION_0 mWindowingMode=fullscreen mActivityType=undefined mAlwaysOnTop=undefined mRotation=ROTATION_0} as.6 s.87 fontWeightAdjustment=0}
03-18 23:04:49.499  1858  1858 I KeyboardModeManager: KeyboardModeManager.setKeyboardMode():1152 setKeyboardMode() newKeyboardMode=3, updatePreferences=false
03-18 23:04:49.500  1858  1858 W FloatingKeyboardModeData: FloatingKeyboardModeData.calculateFloatingKeyboardHeight():203 The keyboard height is not available!
03-18 23:04:49.500  1858  1858 I AccessoryInputModeManager: AccessoryInputModeManager$5.provideKeyboardPosition():488 showing popup panel at 190, 1304
03-18 23:04:49.501  1858  1858 E AndroidIME: AbstractPopupViewManager.movePopupView():340 popup view android.widget.FrameLayout{5e96844 G.E...... ......ID 0,0-894,777 #7f0b0273 app:id/0_resource_name_obfuscated} is not shown!
03-18 23:04:49.501  1858  1858 I ResizableKeyboardModeController: ResizableKeyboardModeController.getKeyboardBottomOffset():182 currentPrimeKeyboardType:SOFT keyboardBottomOffset:0 navBarHeight:63 isInLandscape:false
03-18 23:04:49.502  1858  1858 E AndroidIME: AbstractPopupViewManager.movePopupView():340 popup view android.widget.FrameLayout{5e96844 G.E...... ......ID 0,0-894,777 #7f0b0273 app:id/0_resource_name_obfuscated} is not shown!
03-18 23:04:49.502  1858  1858 W ExtensionWrapper: ExtensionWrapper.setExtensionViewVisibility():801 interface koa is not activate
03-18 23:04:49.505  1858  9513 I FallbackOnDeviceRecognitionProvider: FallbackOnDeviceRecognitionProvider.maybeScheduleAutoPackDownload():198 maybeScheduleAutoPackDownload() for language tag en-US
03-18 23:04:49.505  1858  1858 I Module  : DeviceLockedStatusModuleProvider$Module.updateDeviceLockedStatus():100 repeatCheckTimes = 1, locked = false
03-18 23:04:49.505  1858  1858 I VoiceImeExtension: VoiceImeExtension.shouldStartVoiceInputAutomaticallyInCurrentInputBox():469 No private IME option set to start voice input.
03-18 23:04:49.508  1858  1858 I StylusModule: StylusModule.onUpdateToolType():801 Update tool type = 2
03-18 23:04:49.509   717   913 D ImeInsetsSourceProvider: showImePostLayout cancelled, isScheduledAndReadyToShowIme: false, mImeRequester: null, serverVisible: false, frozen: false, mWindowContainer is: non-null, windowState: Window{1eee8de u0 InputMethod}, isDrawn: false, mGivenInsetsPending: false, dcTarget: Window{e23c3c5 u0 Splash Screen com.example.lab2 EXITING}, controlTarget: Window{286dc59 u0 com.example.lab2/com.example.lab2.MainActivity}
03-18 23:04:49.510   717   913 I ImeTracker: com.example.lab2:3c1df9ee: onCancelled at PHASE_WM_ABORT_SHOW_IME_POST_LAYOUT
03-18 23:04:49.517  8979  9000 D WindowManagerShell: onKeepClearAreasChanged: restricted={}, unrestricted={Rect(0, 2361 - 1080, 2424)}
03-18 23:04:49.522   717  1545 D CoreBackPreview: Window{286dc59 u0 com.example.lab2/com.example.lab2.MainActivity}: Setting back callback OnBackInvokedCallbackInfo{mCallback=android.window.IOnBackInvokedCallback$Stub$Proxy@d1deadf, mPriority=0, mIsAnimationCallback=true, mOverrideBehavior=0}
03-18 23:04:49.527  1858  1858 I WindowMetricsNotification: WindowMetricsNotification.notifyWithWindow():166 
03-18 23:04:49.529  1858  1858 I WindowMetricsNotification: WindowMetricsNotification.notify():159 mub[bounds=Rect(0, 142 - 1080, 2424), insets=Rect(0, 0 - 0, 63), densityDpi=420, smallestScreenWidthDp=411, displayWidth=1080, displayHeight=2424, xdpi=420.0, ydpi=420.0, isTrustable=true, displayId=0]; DisplayMetrics{density=2.625, width=1080, height=2424, scaledDensity=2.625, xdpi=420.0, ydpi=420.0}
03-18 23:04:49.536  8979  9000 D WindowManagerShell: onKeepClearAreasChanged: restricted={}, unrestricted={Rect(0, 2361 - 1080, 2424)}
03-18 23:04:49.633  1858  1858 I ProactiveUndoTriggerExtension: ProactiveUndoTriggerExtension.eventConsumer$lambda$0():125 kyp{intention=null, keyCode=-10188, SET_KEYBOARD_LAYOUT, data=# qsn@e6cdb659}
03-18 23:04:49.636  1858  1858 I GoogleInputMethodService: GoogleInputMethodService$1.onKeyboardViewShown():312 onKeyboardViewShown: keyboardType=accessory, keyboardViewType=HEADER keyboardView=null
03-18 23:04:49.637  1858  1858 I GoogleInputMethodService: GoogleInputMethodService$1.onKeyboardViewShown():312 onKeyboardViewShown: keyboardType=accessory, keyboardViewType=BODY keyboardView=null
03-18 23:04:49.646  1858  1858 I ProactiveUndoTriggerExtension: ProactiveUndoTriggerExtension.eventConsumer$lambda$0():125 kyp{intention=null, keyCode=-400000, SPELL_CHECK_SUGGESTIONS, data=null}
03-18 23:04:49.647  1858  1858 W TooltipLifecycleManager: TooltipLifecycleManager.dismissTooltips():154 Tooltip with id spell_check_add_to_dictionary not found in tooltipManager.
03-18 23:04:49.697 16900 16932 W InteractionJankMonitor: Initializing without READ_DEVICE_CONFIG permission. enabled=false, interval=1, missedFrameThreshold=3, frameTimeThreshold=64, package=com.example.lab2
03-18 23:04:49.936 16900 16900 I AutofillManager: showAutofillDialog() return false due to improve fill dialog
03-18 23:04:49.940 16900 16900 I ImeTracker: com.example.lab2:d363b856: onRequestShow at ORIGIN_CLIENT reason SHOW_SOFT_INPUT fromUser true
03-18 23:04:49.942 16900 16900 D InsetsController: show(ime(), fromIme=false)
03-18 23:04:49.943 16900 16900 I ImeTracker: com.example.lab2:d363b856: onCancelled at PHASE_CLIENT_APPLY_ANIMATION
03-18 23:04:49.946   717   958 I ImeTracker: com.example.lab2:db6ac719: onRequestShow at ORIGIN_SERVER reason ATTACH_NEW_INPUT fromUser false
03-18 23:04:49.988 16900 16900 W HWUI    : Image decoding logging dropped!
03-18 23:04:49.990 16900 16900 W HWUI    : Image decoding logging dropped!
03-18 23:04:49.995 16900 16900 W HWUI    : Image decoding logging dropped!
03-18 23:04:50.003  8979  8988 W System  : A resource failed to call release. 
03-18 23:04:50.004  8979  8988 W System  : A resource failed to call release. 
03-18 23:04:50.004  8979  8988 W System  : A resource failed to call release. 
03-18 23:04:50.004  8979  8988 W System  : A resource failed to call release. 
03-18 23:04:50.004  8979  8988 W System  : A resource failed to call release. 
03-18 23:04:50.004  8979  8988 W System  : A resource failed to call release. 
03-18 23:04:50.004  8979  8988 W System  : A resource failed to call release. 
03-18 23:04:50.004  8979  8988 W System  : A resource failed to call release. 
03-18 23:04:50.004  8979  8988 W System  : A resource failed to call release. 
03-18 23:04:50.004  8979  8988 W System  : A resource failed to call release. 
03-18 23:04:50.004  1858  1858 I GoogleInputMethodService: GoogleInputMethodService.onFinishInputView():1524 
03-18 23:04:50.004  1858  1858 I GlobeKeyExtension: GlobeKeyExtension.onDeactivate():104 
03-18 23:04:50.004  8979  8988 W System  : A resource failed to call release. 
03-18 23:04:50.005  8979  8988 W System  : A resource failed to call release. 
03-18 23:04:50.005  8979  8988 W System  : A resource failed to call release. 
03-18 23:04:50.005  8979  8988 W System  : A resource failed to call release. 
03-18 23:04:50.005  8979  8988 W System  : A resource failed to call release. 
03-18 23:04:50.005  8979  8988 W System  : A resource failed to call release. 
03-18 23:04:50.005  8979  8988 W System  : A resource failed to call release. 
03-18 23:04:50.005  1858  1858 I VoiceInputManagerWrapper: VoiceInputManagerWrapper.shutdown():122 shutdown()
03-18 23:04:50.006  1858  1858 W ExtensionWrapper: ExtensionWrapper.setAllowUpdateNavigationBarStyle():810 class iio is not activate
03-18 23:04:50.010  1858  1858 W ExtensionWrapper: ExtensionWrapper.setAllowUpdateNavigationBarStyle():810 class iio is not activate
03-18 23:04:50.013  1858  1858 W TooltipLifecycleManager: TooltipLifecycleManager.dismissTooltips():154 Tooltip with id spell_check_add_to_dictionary not found in tooltipManager.
03-18 23:04:50.014  1858  1858 I InputBundle: InputBundle.consumeEvent():949 Skip consuming an event as keyboard status is 0
03-18 23:04:50.018  1858  1858 I AndroidIME: AbstractIme.onDeactivate():203 LatinIme.onDeactivate()
03-18 23:04:50.021  1858  1858 I GoogleInputMethodService: GoogleInputMethodService.onFinishInput():2043 
03-18 23:04:50.038 16900 16900 I ImeTracker: system_server:36bd900f: onShown
03-18 23:04:50.048   717  2732 D CoreBackPreview: Window{8944656 u0 PopupWindow:c6fba4e}: Setting back callback OnBackInvokedCallbackInfo{mCallback=android.window.IOnBackInvokedCallback$Stub$Proxy@968abc4, mPriority=0, mIsAnimationCallback=false, mOverrideBehavior=0}
03-18 23:04:50.122  1858  1858 E InputConnectionWrapper: InputConnectionWrapper.waitForInputConnectionFutureInternal():1688 Failed to get the input connection call's result.
03-18 23:04:50.122  1858  1858 E InputConnectionWrapper: java.util.concurrent.TimeoutException: Waited 100 milliseconds (plus 279820 nanoseconds delay) for qfs@f5f683b[status=PENDING, info=[task=[running=[RUNNING ON ICWrapper-1], euq@6038b58]]]
03-18 23:04:50.122  1858  1858 E InputConnectionWrapper: 	at qcq.get(PG:52)
03-18 23:04:50.122  1858  1858 E InputConnectionWrapper: 	at kcs.e(PG:10)
03-18 23:04:50.122  1858  1858 E InputConnectionWrapper: 	at kcs.d(PG:20)
03-18 23:04:50.122  1858  1858 E InputConnectionWrapper: 	at kcs.s(PG:56)
03-18 23:04:50.122  1858  1858 E InputConnectionWrapper: 	at kfo.g(PG:15)
03-18 23:04:50.122  1858  1858 E InputConnectionWrapper: 	at kgn.onFinishInput(PG:64)
03-18 23:04:50.122  1858  1858 E InputConnectionWrapper: 	at android.inputmethodservice.InputMethodService.doFinishInput(InputMethodService.java:3492)
03-18 23:04:50.122  1858  1858 E InputConnectionWrapper: 	at android.inputmethodservice.InputMethodService.doStartInput(InputMethodService.java:3509)
03-18 23:04:50.122  1858  1858 E InputConnectionWrapper: 	at android.inputmethodservice.InputMethodService$InputMethodImpl.startInput(InputMethodService.java:879)
03-18 23:04:50.122  1858  1858 E InputConnectionWrapper: 	at android.inputmethodservice.InputMethodService$InputMethodImpl.dispatchStartInput(InputMethodService.java:908)
03-18 23:04:50.122  1858  1858 E InputConnectionWrapper: 	at android.inputmethodservice.IInputMethodWrapper.executeMessage(IInputMethodWrapper.java:201)
03-18 23:04:50.122  1858  1858 E InputConnectionWrapper: 	at com.android.internal.os.HandlerCaller$MyHandler.handleMessage(HandlerCaller.java:44)
03-18 23:04:50.122  1858  1858 E InputConnectionWrapper: 	at android.os.Handler.dispatchMessage(Handler.java:110)
03-18 23:04:50.122  1858  1858 E InputConnectionWrapper: 	at android.os.Looper.loopOnce(Looper.java:248)
03-18 23:04:50.122  1858  1858 E InputConnectionWrapper: 	at android.os.Looper.loop(Looper.java:338)
03-18 23:04:50.122  1858  1858 E InputConnectionWrapper: 	at android.app.ActivityThread.main(ActivityThread.java:9067)
03-18 23:04:50.122  1858  1858 E InputConnectionWrapper: 	at java.lang.reflect.Method.invoke(Native Method)
03-18 23:04:50.122  1858  1858 E InputConnectionWrapper: 	at com.android.internal.os.RuntimeInit$MethodAndArgsCaller.run(RuntimeInit.java:593)
03-18 23:04:50.122  1858  1858 E InputConnectionWrapper: 	at com.android.internal.os.ZygoteInit.main(ZygoteInit.java:932)
03-18 23:04:50.123  1858  1858 W InputConnectionWrapper: InputConnectionWrapper.recordDuration():1609 IPC IC_REQUEST_CURSOR_UPDATES took 101 ms
03-18 23:04:50.123  1858  1858 I Module  : DeviceLockedStatusModuleProvider$Module.updateDeviceLockedStatus():100 repeatCheckTimes = 0, locked = false
03-18 23:04:50.124  1858  1858 I GoogleInputMethodService: GoogleInputMethodService.onStartInput():1293 onStartInput(EditorInfo{EditorInfo{packageName=com.example.lab2, inputType=81, inputTypeString=Password[], enableLearning=false, autoCorrection=false, autoComplete=true, imeOptions=4000006, privateImeOptions=null, actionName=DONE, actionLabel=null, initialSelStart=5, initialSelEnd=5, initialCapsMode=0, label=null, fieldId=2131231099, fieldName=null, extras=Bundle[mParcelledData.dataSize=404], hintText=non-empty, hintLocales=[]}}, false)
03-18 23:04:50.225  1858  1858 E InputConnectionWrapper: InputConnectionWrapper.waitForInputConnectionFutureInternal():1688 Failed to get the input connection call's result.
03-18 23:04:50.225  1858  1858 E InputConnectionWrapper: java.util.concurrent.TimeoutException: Waited 100 milliseconds (plus 150766 nanoseconds delay) for qfs@ad32d96[status=PENDING, info=[task=[running=[NOT STARTED YET], euq@bd24d17]]]
03-18 23:04:50.225  1858  1858 E InputConnectionWrapper: 	at qcq.get(PG:52)
03-18 23:04:50.225  1858  1858 E InputConnectionWrapper: 	at kcs.e(PG:10)
03-18 23:04:50.225  1858  1858 E InputConnectionWrapper: 	at kcs.d(PG:20)
03-18 23:04:50.225  1858  1858 E InputConnectionWrapper: 	at kcs.s(PG:56)
03-18 23:04:50.225  1858  1858 E InputConnectionWrapper: 	at kfo.k(PG:7)
03-18 23:04:50.225  1858  1858 E InputConnectionWrapper: 	at kfo.j(PG:40)
03-18 23:04:50.225  1858  1858 E InputConnectionWrapper: 	at kfo.f(PG:37)
03-18 23:04:50.225  1858  1858 E InputConnectionWrapper: 	at dbj.v(PG:90)
03-18 23:04:50.225  1858  1858 E InputConnectionWrapper: 	at kgn.onStartInput(PG:206)
03-18 23:04:50.225  1858  1858 E InputConnectionWrapper: 	at android.inputmethodservice.InputMethodService.doStartInput(InputMethodService.java:3521)
03-18 23:04:50.225  1858  1858 E InputConnectionWrapper: 	at android.inputmethodservice.InputMethodService$InputMethodImpl.startInput(InputMethodService.java:879)
03-18 23:04:50.225  1858  1858 E InputConnectionWrapper: 	at android.inputmethodservice.InputMethodService$InputMethodImpl.dispatchStartInput(InputMethodService.java:908)
03-18 23:04:50.225  1858  1858 E InputConnectionWrapper: 	at android.inputmethodservice.IInputMethodWrapper.executeMessage(IInputMethodWrapper.java:201)
03-18 23:04:50.225  1858  1858 E InputConnectionWrapper: 	at com.android.internal.os.HandlerCaller$MyHandler.handleMessage(HandlerCaller.java:44)
03-18 23:04:50.225  1858  1858 E InputConnectionWrapper: 	at android.os.Handler.dispatchMessage(Handler.java:110)
03-18 23:04:50.225  1858  1858 E InputConnectionWrapper: 	at android.os.Looper.loopOnce(Looper.java:248)
03-18 23:04:50.225  1858  1858 E InputConnectionWrapper: 	at android.os.Looper.loop(Looper.java:338)
03-18 23:04:50.225  1858  1858 E InputConnectionWrapper: 	at android.app.ActivityThread.main(ActivityThread.java:9067)
03-18 23:04:50.225  1858  1858 E InputConnectionWrapper: 	at java.lang.reflect.Method.invoke(Native Method)
03-18 23:04:50.225  1858  1858 E InputConnectionWrapper: 	at com.android.internal.os.RuntimeInit$MethodAndArgsCaller.run(RuntimeInit.java:593)
03-18 23:04:50.225  1858  1858 E InputConnectionWrapper: 	at com.android.internal.os.ZygoteInit.main(ZygoteInit.java:932)
03-18 23:04:50.225  1858  1858 W InputConnectionWrapper: InputConnectionWrapper.recordDuration():1609 IPC IC_REQUEST_CURSOR_UPDATES took 101 ms
03-18 23:04:50.226  1858  1858 I HardKeyTracker: HardKeyTracker.unregisterKeySequence():182 Unregister key sequence lsr{labelResId=0, callback=fjq@b64d16a, lastModifier=0, keyCodes=[57, 57], actions=[1, 0]}
03-18 23:04:50.226  1858  1858 I HardKeyTracker: HardKeyTracker.unregisterKeySequence():182 Unregister key sequence lsr{labelResId=0, callback=fjq@fd80fd1, lastModifier=0, keyCodes=[58, 58], actions=[1, 0]}
03-18 23:04:50.226  1858  1858 I Module  : DeviceLockedStatusModuleProvider$Module.updateDeviceLockedStatus():100 repeatCheckTimes = 1, locked = false
03-18 23:04:50.227   717  2732 W PackageConfigPersister: App-specific configuration not found for packageName: com.example.lab2 and userId: 0
03-18 23:04:50.227  1858  1858 I GoogleInputMethodService: GoogleInputMethodService.onStartInputView():1392 onStartInputView(EditorInfo{EditorInfo{packageName=com.example.lab2, inputType=81, inputTypeString=Password[], enableLearning=false, autoCorrection=false, autoComplete=true, imeOptions=4000006, privateImeOptions=null, actionName=DONE, actionLabel=null, initialSelStart=5, initialSelEnd=5, initialCapsMode=0, label=null, fieldId=2131231099, fieldName=null, extras=Bundle[{android.support.text.emoji.emojiCompat_metadataVersion=10, androidx.core.view.inputmethod.EditorInfoCompat.STYLUS_HANDWRITING_ENABLED=false, android.support.text.emoji.emojiCompat_replaceAll=false}], hintText=non-empty, hintLocales=[]}}, false)
03-18 23:04:50.228  1858  1858 I AbstractOpenableExtension: AbstractOpenableExtension.createKeyboardGroupManagerListenableFuture():121 Create keyboard group manager listenable future in eay
03-18 23:04:50.229  1858  1858 I KeyboardHeightUtil: KeyboardHeightUtil.getOemKeyboardHeightRatio():161 systemKeyboardHeightRatio:1.000000.
03-18 23:04:50.229  1858 16574 I KeyboardGroupDefParser: KeyboardGroupDefParser.parseKeyboardGroupDef():86 parseKeyboardGroupDef() 2132214031 -> 0_resource_name_obfuscated : WaitTime = 0 ms : RunTime = 1 ms
03-18 23:04:50.235  1575  1575 I wpa_supplicant: wlan0: CTRL-EVENT-BEACON-LOSS 
03-18 23:04:50.244 16900 16900 W RemoteInputConnectionImpl: requestCursorUpdates on inactive InputConnection
03-18 23:04:50.276 16900 16900 W WindowOnBackDispatcher: sendCancelIfRunning: isInProgress=false callback=android.view.ImeBackAnimationController@9d42dd
03-18 23:04:50.282   717   913 D CoreBackPreview: Window{286dc59 u0 com.example.lab2/com.example.lab2.MainActivity}: Setting back callback OnBackInvokedCallbackInfo{mCallback=android.window.IOnBackInvokedCallback$Stub$Proxy@3bdca2e, mPriority=-1, mIsAnimationCallback=false, mOverrideBehavior=0}
03-18 23:04:50.288  1858  1858 I AndroidIME: InputBundleManager.loadActiveInputBundleId():483 loadActiveInputBundleId: und-Latn-x-password, password
03-18 23:04:50.289  1858  1858 I AndroidIME: AbstractIme.onActivate():90 PasswordIme.onActivate() : EditorInfo = EditorInfo{packageName=com.example.lab2, inputType=81, inputTypeString=Password[], enableLearning=false, autoCorrection=false, autoComplete=true, imeOptions=4000006, privateImeOptions=null, actionName=DONE, actionLabel=null, initialSelStart=5, initialSelEnd=5, initialCapsMode=0, label=null, fieldId=2131231099, fieldName=null, extras=Bundle[{android.support.text.emoji.emojiCompat_metadataVersion=10, androidx.core.view.inputmethod.EditorInfoCompat.STYLUS_HANDWRITING_ENABLED=false, android.support.text.emoji.emojiCompat_replaceAll=false}], hintText=non-empty, hintLocales=[]}, IncognitoMode = false, DeviceLocked = false
03-18 23:04:50.289  1858  1858 I KeyboardWrapper: KeyboardWrapper.activateKeyboard():562 activateKeyboard(): type=accessory, status=0, imeDef=kyj{stringId=password, language=und-Latn-x-password, languageTag=und-Latn-x-password, processedConditions={variant=qwerty, enable_access_points_in_password_number=false, enable_number_row=false, device=phone}, className=com.google.android.libraries.inputmethod.ime.password.PasswordIme, label=2132019061, keyEventInterpreter=null, inlineComposing=true, autoCapital=true, announceAutoSelectedCandidate=true, statusIcon=0, primeKeyboardType=SOFT, indicatorIcon=0, indicatorLabel=null, displayAppCompletions=false, extraValues=kyb{}, processors=lac@3ad80f7, unacceptableMetaKeys=4098, languageSpecificSettings=0, asciiCapable=false, alwaysShowSuggestions=false, useAsciiPasswordKeyboard=false, secondaryIme=null, keyboardGroupDef=kzl@4355b64, phenotypeFlagId=0, localizationLanguageTag=null, supportsInlineSuggestion=false}
03-18 23:04:50.289  1858  1858 I KeyboardManager: KeyboardManager.requestKeyboard():248 Creating keyboard accessory, imeId=password, cacheKey=theme_!gsf_!pgsans_!pgsf_!use_system_font_BORDER=true_FLAVOR_DPI=XXHDPI_KEYBOARD_MODE=3_KEYBOARD_WIDTH_CATEGORY=NORMAL_LIGHT_THEME=true_PHYSICAL_DIAGONAL=6.0111027_SCREEN_SHORTEST_WIDTH=411_SCREEN_SHORTEST_WIDTH_NO_SCALE=411_bottom4dp_enable_google_fonts_icons=true_enable_popup_on_keypress=true_keyboard_redesign_google_sans=true_noshadow_overlay_builtin_dynamic_color_light_base.binarypb:gm3-light-fffaf8ff-ff495d92-82b625f90d810779661adb8ce93b5ac5_silkpopup_unify_function_key_color=true
03-18 23:04:50.290  1858  1858 I KeyboardWrapper: KeyboardWrapper.onKeyboardReady():212 onKeyboardReady(): type=accessory(accessory), kb=com.google.android.libraries.inputmethod.keyboard.impl.Keyboard@987dd29
03-18 23:04:50.290  1858  1858 I KeyboardWrapper: KeyboardWrapper.doActivateKeyboard():589 doActivateKeyboard(): accessory
03-18 23:04:50.290  1858  1858 W Keyboard: Keyboard.getKeyboardViewHelper():597 null helper is returned: keyboardDef=kze{processedConditions={}, globalConditions={}, className=com.google.android.libraries.inputmethod.keyboard.impl.Keyboard, resourceIds=[#0x7f170045], initialStates=0, keyboardViewDefs=[], persistentStates=0, persistentStatesPrefKey=null, popupBubbleLayoutId=0, recentKeyLayoutId=0, recentKeyPopupLayoutId=0, recentKeyType=null, rememberRecentKey=NONE, sessionStates=0}, type=HEADER, helpersCreated=[null, null, null, null], context.getResources().getConfiguration(): {1.0 310mcc260mnc [en_US] ldltr sw411dp w411dp h845dp 420dpi nrml long port finger qwerty/v/v dpad/v winConfig={ mBounds=Rect(0, 0 - 1080, 2424) mAppBounds=Rect(0, 142 - 1080, 2361) mMaxBounds=Rect(0, 0 - 1080, 2424) mDisplayRotation=ROTATION_0 mWindowingMode=fullscreen mActivityType=undefined mAlwaysOnTop=undefined mRotation=ROTATION_0} as.6 s.87 fontWeightAdjustment=0}
03-18 23:04:50.290  1858  1858 I PopupKeyboardViewHolderProvider: PopupKeyboardViewHolderProvider.hide():102 hiding popup floating keyboard 5e96844
03-18 23:04:50.290  1858  1858 W Keyboard: Keyboard.getKeyboardViewHelper():597 null helper is returned: keyboardDef=kze{processedConditions={}, globalConditions={}, className=com.google.android.libraries.inputmethod.keyboard.impl.Keyboard, resourceIds=[#0x7f170045], initialStates=0, keyboardViewDefs=[], persistentStates=0, persistentStatesPrefKey=null, popupBubbleLayoutId=0, recentKeyLayoutId=0, recentKeyPopupLayoutId=0, recentKeyType=null, rememberRecentKey=NONE, sessionStates=0}, type=BODY, helpersCreated=[null, null, null, null], context.getResources().getConfiguration(): {1.0 310mcc260mnc [en_US] ldltr sw411dp w411dp h845dp 420dpi nrml long port finger qwerty/v/v dpad/v winConfig={ mBounds=Rect(0, 0 - 1080, 2424) mAppBounds=Rect(0, 142 - 1080, 2361) mMaxBounds=Rect(0, 0 - 1080, 2424) mDisplayRotation=ROTATION_0 mWindowingMode=fullscreen mActivityType=undefined mAlwaysOnTop=undefined mRotation=ROTATION_0} as.6 s.87 fontWeightAdjustment=0}
03-18 23:04:50.290  1858  1858 I PopupKeyboardViewHolderProvider: PopupKeyboardViewHolderProvider.hide():102 hiding popup floating keyboard 5e96844
03-18 23:04:50.290  1858  1858 I GlobeKeyExtension: GlobeKeyExtension.getKeyboardInitialStates():131 
03-18 23:04:50.291  1858  1858 W Keyboard: Keyboard.getKeyboardViewHelper():597 null helper is returned: keyboardDef=kze{processedConditions={}, globalConditions={}, className=com.google.android.libraries.inputmethod.keyboard.impl.Keyboard, resourceIds=[#0x7f170045], initialStates=0, keyboardViewDefs=[], persistentStates=0, persistentStatesPrefKey=null, popupBubbleLayoutId=0, recentKeyLayoutId=0, recentKeyPopupLayoutId=0, recentKeyType=null, rememberRecentKey=NONE, sessionStates=0}, type=HEADER, helpersCreated=[null, null, null, null], context.getResources().getConfiguration(): {1.0 310mcc260mnc [en_US] ldltr sw411dp w411dp h845dp 420dpi nrml long port finger qwerty/v/v dpad/v winConfig={ mBounds=Rect(0, 0 - 1080, 2424) mAppBounds=Rect(0, 142 - 1080, 2361) mMaxBounds=Rect(0, 0 - 1080, 2424) mDisplayRotation=ROTATION_0 mWindowingMode=fullscreen mActivityType=undefined mAlwaysOnTop=undefined mRotation=ROTATION_0} as.6 s.87 fontWeightAdjustment=0}
03-18 23:04:50.291  1858  1858 I PopupKeyboardViewHolderProvider: PopupKeyboardViewHolderProvider.hide():102 hiding popup floating keyboard 5e96844
03-18 23:04:50.291  1858  1858 W Keyboard: Keyboard.getKeyboardViewHelper():597 null helper is returned: keyboardDef=kze{processedConditions={}, globalConditions={}, className=com.google.android.libraries.inputmethod.keyboard.impl.Keyboard, resourceIds=[#0x7f170045], initialStates=0, keyboardViewDefs=[], persistentStates=0, persistentStatesPrefKey=null, popupBubbleLayoutId=0, recentKeyLayoutId=0, recentKeyPopupLayoutId=0, recentKeyType=null, rememberRecentKey=NONE, sessionStates=0}, type=BODY, helpersCreated=[null, null, null, null], context.getResources().getConfiguration(): {1.0 310mcc260mnc [en_US] ldltr sw411dp w411dp h845dp 420dpi nrml long port finger qwerty/v/v dpad/v winConfig={ mBounds=Rect(0, 0 - 1080, 2424) mAppBounds=Rect(0, 142 - 1080, 2361) mMaxBounds=Rect(0, 0 - 1080, 2424) mDisplayRotation=ROTATION_0 mWindowingMode=fullscreen mActivityType=undefined mAlwaysOnTop=undefined mRotation=ROTATION_0} as.6 s.87 fontWeightAdjustment=0}
03-18 23:04:50.291  1858  1858 I PopupKeyboardViewHolderProvider: PopupKeyboardViewHolderProvider.hide():102 hiding popup floating keyboard 5e96844
03-18 23:04:50.291  1858  1858 W Keyboard: Keyboard.getKeyboardViewHelper():597 null helper is returned: keyboardDef=kze{processedConditions={}, globalConditions={}, className=com.google.android.libraries.inputmethod.keyboard.impl.Keyboard, resourceIds=[#0x7f170045], initialStates=0, keyboardViewDefs=[], persistentStates=0, persistentStatesPrefKey=null, popupBubbleLayoutId=0, recentKeyLayoutId=0, recentKeyPopupLayoutId=0, recentKeyType=null, rememberRecentKey=NONE, sessionStates=0}, type=FLOATING_CANDIDATES, helpersCreated=[null, null, null, null], context.getResources().getConfiguration(): {1.0 310mcc260mnc [en_US] ldltr sw411dp w411dp h845dp 420dpi nrml long port finger qwerty/v/v dpad/v winConfig={ mBounds=Rect(0, 0 - 1080, 2424) mAppBounds=Rect(0, 142 - 1080, 2361) mMaxBounds=Rect(0, 0 - 1080, 2424) mDisplayRotation=ROTATION_0 mWindowingMode=fullscreen mActivityType=undefined mAlwaysOnTop=undefined mRotation=ROTATION_0} as.6 s.87 fontWeightAdjustment=0}
03-18 23:04:50.291  1858  1858 I PopupKeyboardViewHolderProvider: PopupKeyboardViewHolderProvider.hide():102 hiding popup floating keyboard 5e96844
