03-18 23:04:38.602  1858  1858 I AccessoryInputModeManager: AccessoryInputModeManager$5.provideKeyboardPosition():488 showing popup panel at 190, 1053
03-18 23:04:38.603  1858  1858 W View    : requestLayout() improperly called by com.google.android.libraries.inputmethod.keyboard.impl.KeyboardViewHolder{e603bd4 V.E...... ......I. 0,0-894,630 #7f0b04c2 app:id/0_resource_name_obfuscated} during layout: running second layout pass
03-18 23:04:38.603  1858  1858 W View    : requestLayout() improperly called by android.widget.FrameLayout{b2c417d V.E...... ......ID 0,126-894,756} during layout: running second layout pass
03-18 23:04:38.603  1858  1858 W View    : requestLayout() improperly called by android.widget.FrameLayout{1fcbc04 V.E...... ......ID 0,541-894,630 #7f0b04c3 app:id/0_resource_name_obfuscated} during layout: running second layout pass
03-18 23:04:38.603  1858  2274 I Delight5Decoder: Delight5DecoderWrapper.setKeyboardLayout():521 setKeyboardLayout()
03-18 23:04:38.603  1858  1858 I AndroidIME: KeyboardViewManager.updateKeyboardBodyViewHolderPaddingBottom():442 Set finalPaddingBottom = 110 while holderPaddingBottom = 110; navigationHeight = 63
03-18 23:04:38.603  1858  1858 I AccessoryInputModeManager: AccessoryInputModeManager$5.provideKeyboardPosition():488 showing popup panel at 190, 1053
03-18 23:04:38.607  8979  9000 D WindowManagerShell: onKeepClearAreasChanged: restricted={}, unrestricted={Rect(0, 2361 - 1080, 2424)}
03-18 23:04:38.623  1858  1858 I ProactiveUndoTriggerExtension: ProactiveUndoTriggerExtension.eventConsumer$lambda$0():125 kyp{intention=null, keyCode=-10044, UPDATE_KEYBOARD_LAYOUT, data=# qsn@44c5ce17}
03-18 23:04:38.624  1858  2274 I Delight5Decoder: Delight5DecoderWrapper.setKeyboardLayout():521 setKeyboardLayout()
03-18 23:04:38.624  1858  1858 I ProactiveUndoTriggerExtension: ProactiveUndoTriggerExtension.eventConsumer$lambda$0():125 kyp{intention=null, keyCode=-10188, SET_KEYBOARD_LAYOUT, data=# qsn@988e1bc}
03-18 23:04:38.766  1858  1858 I AndroidIME: KeyboardViewManager.updateKeyboardBodyViewHolderPaddingBottom():442 Set finalPaddingBottom = 110 while holderPaddingBottom = 110; navigationHeight = 63
03-18 23:04:38.767  1858  1858 I AccessoryInputModeManager: AccessoryInputModeManager$5.provideKeyboardPosition():488 showing popup panel at 190, 1053
03-18 23:04:39.374  1858  1858 I ProactiveUndoTriggerExtension: ProactiveUndoTriggerExtension.eventConsumer$lambda$0():125 kyp{intention=DECODE, keyCode=-20003, PREEMPTIVE_DECODE, data=g}
03-18 23:04:39.461  1858  1858 I ProactiveUndoTriggerExtension: ProactiveUndoTriggerExtension.eventConsumer$lambda$0():125 kyp{intention=DECODE, keyCode=-10043, ALPHABET, data=g}
03-18 23:04:39.466   717  3708 W PresentationStatsEventLogger: Bad view state for: -1, state: ViewState: [id=1073741824@158258608, state:1, currentValue:android.view.autofill.AutofillValue@c7a]
03-18 23:04:39.494  1858  1858 I AndroidIME: KeyboardViewManager.updateKeyboardBodyViewHolderPaddingBottom():442 Set finalPaddingBottom = 110 while holderPaddingBottom = 110; navigationHeight = 63
03-18 23:04:39.495  1858  1858 I AccessoryInputModeManager: AccessoryInputModeManager$5.provideKeyboardPosition():488 showing popup panel at 190, 1053
03-18 23:04:39.540  1858  1858 I ProactiveUndoTriggerExtension: ProactiveUndoTriggerExtension.eventConsumer$lambda$0():125 kyp{intention=DECODE, keyCode=-20003, PREEMPTIVE_DECODE, data=g}
03-18 23:04:39.645  1858  1858 I ProactiveUndoTriggerExtension: ProactiveUndoTriggerExtension.eventConsumer$lambda$0():125 kyp{intention=DECODE, keyCode=-10043, ALPHABET, data=g}
03-18 23:04:39.648   717   913 W PresentationStatsEventLogger: Bad view state for: -1, state: ViewState: [id=1073741824@158258608, state:8, currentValue:android.view.autofill.AutofillValue@18f21]
03-18 23:04:39.677  1858  1858 I AndroidIME: KeyboardViewManager.updateKeyboardBodyViewHolderPaddingBottom():442 Set finalPaddingBottom = 110 while holderPaddingBottom = 110; navigationHeight = 63
03-18 23:04:39.677  1858  1858 I AccessoryInputModeManager: AccessoryInputModeManager$5.provideKeyboardPosition():488 showing popup panel at 190, 1053
03-18 23:04:39.776  1858  1858 I ProactiveUndoTriggerExtension: ProactiveUndoTriggerExtension.eventConsumer$lambda$0():125 kyp{intention=DECODE, keyCode=-20003, PREEMPTIVE_DECODE, data=g}
03-18 23:04:39.873  1858  1858 I ProactiveUndoTriggerExtension: ProactiveUndoTriggerExtension.eventConsumer$lambda$0():125 kyp{intention=DECODE, keyCode=-10043, ALPHABET, data=g}
03-18 23:04:39.877   717  2310 W PresentationStatsEventLogger: Bad view state for: -1, state: ViewState: [id=1073741824@158258608, state:8, currentValue:android.view.autofill.AutofillValue@30615a]
03-18 23:04:39.911  1858  1858 I AndroidIME: KeyboardViewManager.updateKeyboardBodyViewHolderPaddingBottom():442 Set finalPaddingBottom = 110 while holderPaddingBottom = 110; navigationHeight = 63
03-18 23:04:39.911  1858  1858 I AccessoryInputModeManager: AccessoryInputModeManager$5.provideKeyboardPosition():488 showing popup panel at 190, 1053
03-18 23:04:39.959  1858  1858 I ProactiveUndoTriggerExtension: ProactiveUndoTriggerExtension.eventConsumer$lambda$0():125 kyp{intention=DECODE, keyCode=-20003, PREEMPTIVE_DECODE, data=g}
03-18 23:04:40.049  1858  1858 I ProactiveUndoTriggerExtension: ProactiveUndoTriggerExtension.eventConsumer$lambda$0():125 kyp{intention=DECODE, keyCode=-10043, ALPHABET, data=g}
03-18 23:04:40.052   717  2310 W PresentationStatsEventLogger: Bad view state for: -1, state: ViewState: [id=1073741824@158258608, state:8, currentValue:android.view.autofill.AutofillValue@5dbd641]
03-18 23:04:40.081  1858  1858 I ProactiveUndoTriggerExtension: ProactiveUndoTriggerExtension.eventConsumer$lambda$0():125 kyp{intention=DECODE, keyCode=-20003, PREEMPTIVE_DECODE, data=g}
03-18 23:04:40.087  1858  1858 I AndroidIME: KeyboardViewManager.updateKeyboardBodyViewHolderPaddingBottom():442 Set finalPaddingBottom = 110 while holderPaddingBottom = 110; navigationHeight = 63
03-18 23:04:40.087  1858  1858 I AccessoryInputModeManager: AccessoryInputModeManager$5.provideKeyboardPosition():488 showing popup panel at 190, 1053
03-18 23:04:40.286  1858  1858 I ProactiveUndoTriggerExtension: ProactiveUndoTriggerExtension.eventConsumer$lambda$0():125 kyp{intention=DECODE, keyCode=-10043, ALPHABET, data=g}
03-18 23:04:40.293   717  2310 W PresentationStatsEventLogger: Bad view state for: -1, state: ViewState: [id=1073741824@158258608, state:8, currentValue:android.view.autofill.AutofillValue@b59efe3a]
03-18 23:04:40.327  1858  1858 I AndroidIME: KeyboardViewManager.updateKeyboardBodyViewHolderPaddingBottom():442 Set finalPaddingBottom = 110 while holderPaddingBottom = 110; navigationHeight = 63
03-18 23:04:40.328  1858  1858 I AccessoryInputModeManager: AccessoryInputModeManager$5.provideKeyboardPosition():488 showing popup panel at 190, 1053
03-18 23:04:41.164   717   913 W AS.PlaybackActivityMon: No piid assigned for invalid/internal port id 15
03-18 23:04:41.182   540   643 D AudioFlinger: mixer(0x7df589f80770) throttle end: throttle time(34)
03-18 23:04:41.206   717  3708 V GrammaticalInflectionUtils: AttributionSource: android.content.AttributionSource@a5839f86 does not have READ_SYSTEM_GRAMMATICAL_GENDER permission.
03-18 23:04:41.206   717  3708 W OptProp : Cannot read opt property android.window.PROPERTY_COMPAT_ALLOW_USER_ASPECT_RATIO_OVERRIDE
03-18 23:04:41.206   717  3708 W OptProp : Cannot read opt property android.window.PROPERTY_COMPAT_ALLOW_USER_ASPECT_RATIO_FULLSCREEN_OVERRIDE
03-18 23:04:41.207   717  3708 W OptProp : Cannot read opt property android.window.PROPERTY_COMPAT_ALLOW_RESIZEABLE_ACTIVITY_OVERRIDES
03-18 23:04:41.207   717  3708 W OptProp : Cannot read opt property android.window.PROPERTY_COMPAT_ALLOW_MIN_ASPECT_RATIO_OVERRIDE
03-18 23:04:41.209   717  3708 D CompatChangeReporter: Compat change id reported: 358129114; UID 10217; state: ENABLED
03-18 23:04:41.270   717  3708 W OptProp : Cannot read opt property android.window.PROPERTY_COMPAT_ALLOW_ORIENTATION_OVERRIDE
03-18 23:04:41.283   544   559 I BpBinder: onLastStrongRef automatically unlinking death recipients: 
03-18 23:04:41.286   717  3708 I ActivityTaskManager: START u0 {xflg=0x4 cmp=com.example.lab2/.SecondActivity (has extras)} with LAUNCH_MULTIPLE from uid 10217 (sr=234309413) (BAL_ALLOW_VISIBLE_WINDOW) result code=0
03-18 23:04:41.286  8979  9000 V WindowManagerShell: Transition requested (#125): android.os.BinderProxy@13f1c9 TransitionRequestInfo { type = OPEN, triggerTask = TaskInfo{userId=0 taskId=41 effectiveUid=10217 displayId=0 isRunning=true baseIntent=Intent { act=android.intent.action.MAIN cat=[android.intent.category.LAUNCHER] flg=0x10000000 cmp=com.example.lab2/.MainActivity } baseActivity=ComponentInfo{com.example.lab2/com.example.lab2.MainActivity} topActivity=ComponentInfo{com.example.lab2/com.example.lab2.SecondActivity} origActivity=null realActivity=ComponentInfo{com.example.lab2/com.example.lab2.MainActivity} numActivities=2 lastActiveTime=7268151 supportsMultiWindow=true resizeMode=1 isResizeable=true minWidth=-1 minHeight=-1 defaultMinSize=220 token=WCT{android.window.IWindowContainerToken$Stub$Proxy@69f60ce} topActivityType=1 pictureInPictureParams=null shouldDockBigOverlays=false launchIntoPipHostTaskId=-1 lastParentTaskIdBeforePip=-1 displayCutoutSafeInsets=Rect(0, 0 - 0, 0) topActivityInfo=ActivityInfo{eaf2bef com.example.lab2.SecondActivity} launchCookies=[] positionInParent=Point(0, 0) parentTaskId=-1 isFocused=true isVisible=true isVisibleRequested=true isTopActivityNoDisplay=false isSleeping=false locusId=null displayAreaFeatureId=1 isTopActivityTransparent=false isActivityStackTransparent=false lastNonFullscreenBounds=Rect(278, 711 - 803, 1791) capturedLink=null capturedLinkTimestamp=0 requestedVisibleTypes=-9 topActivityRequestOpenInBrowserEducationTimestamp=0 appCompatTaskInfo=AppCompatTaskInfo { topActivityInSizeCompat=false eligibleForLetterboxEducation= false isLetterboxEducationEnabled= true isLetterboxDoubleTapEnabled= false eligibleForUserAspectRatioButton= false topActivityBoundsLetterboxed= false isFromLetterboxDoubleTap= false topActivityLetterboxVerticalPosition= -1 topActivityLetterboxHorizontalPosition= -1 topActivityLetterboxWidth=-1 topActivityLetterboxHeight=-1 topActivityAppBounds=Rect(0, 0 - 1080, 2424) isUserFullscreenOverrideEnabled=false isSystemFullscreenOverrideEnabled=false hasMinAspectRatioOverride=false topActivityLetterboxBounds=null cameraCompatTaskInfo=CameraCompatTaskInfo { freeformCameraCompatMode=inactive}} topActivityMainWindowFrame=null}, pipChange = null, remoteTransition = null, displayChange = null, flags = 0, debugId = 125 }
03-18 23:04:41.287  8979  9000 D ShellSplitScreen: logExit: no-op, mLoggerSessionId is null
03-18 23:04:41.312   544   544 I BpBinder: onLastStrongRef automatically unlinking death recipients: 
03-18 23:04:41.345   717  1249 D BackgroundInstallControlService: Package event received: 0
03-18 23:04:41.348   717  1367 W OptProp : Cannot read opt property android.window.PROPERTY_COMPAT_ENABLE_FAKE_FOCUS
03-18 23:04:41.360   717  1249 D BackgroundInstallControlService: Package event received: 0
03-18 23:04:41.361   717  1249 D BackgroundInstallControlService: Package event received: 0
03-18 23:04:41.363   717   751 W IPCThreadState: Sending oneway calls to frozen process.
03-18 23:04:41.364   717   751 W IPCThreadState: Sending oneway calls to frozen process.
03-18 23:04:41.364   717   751 W IPCThreadState: Sending oneway calls to frozen process.
03-18 23:04:41.364   717   751 W IPCThreadState: Sending oneway calls to frozen process.
03-18 23:04:41.364   717   751 W IPCThreadState: Sending oneway calls to frozen process.
03-18 23:04:41.365   717   751 W IPCThreadState: Sending oneway calls to frozen process.
03-18 23:04:41.365   717   751 W IPCThreadState: Sending oneway calls to frozen process.
03-18 23:04:41.365   717   751 W IPCThreadState: Sending oneway calls to frozen process.
03-18 23:04:41.365   717   751 W IPCThreadState: Sending oneway calls to frozen process.
03-18 23:04:41.365   717   751 W IPCThreadState: Sending oneway calls to frozen process.
03-18 23:04:41.365   717   751 W IPCThreadState: Sending oneway calls to frozen process.
03-18 23:04:41.365   717   751 W IPCThreadState: Sending oneway calls to frozen process.
03-18 23:04:41.365   717   751 W IPCThreadState: Sending oneway calls to frozen process.
03-18 23:04:41.365   717   751 W IPCThreadState: Sending oneway calls to frozen process.
03-18 23:04:41.365   717   751 W IPCThreadState: Sending oneway calls to frozen process.
03-18 23:04:41.366   717   751 W IPCThreadState: Sending oneway calls to frozen process.
03-18 23:04:41.366   717   751 W IPCThreadState: Sending oneway calls to frozen process.
03-18 23:04:41.366   717   751 W IPCThreadState: Sending oneway calls to frozen process.
03-18 23:04:41.366   717   751 W IPCThreadState: Sending oneway calls to frozen process.
03-18 23:04:41.366   717   751 W IPCThreadState: Sending oneway calls to frozen process.
03-18 23:04:41.366   717   751 W IPCThreadState: Sending oneway calls to frozen process.
03-18 23:04:41.366   717   751 W IPCThreadState: Sending oneway calls to frozen process.
03-18 23:04:41.370   717   751 W ProcessStats: Tracking association SourceState{ffdc113 com.android.vending/10145 ImpBg #14812} whose proc state 6 is better than process ProcessState{5afd4ca com.android.vending:background/10145 pkg=com.android.vending} proc state 15 (5 skipped)
03-18 23:04:41.391 16772 16772 I om.example.lab2: Waiting for a blocking GC ClassLinker
03-18 23:04:41.459  1492  1784 D SatelliteController: iisInCarrierRoamingNbIotNtn: satellite is disabled
03-18 23:04:41.487 16772 16777 I om.example.lab2: Background concurrent mark compact GC freed 4226KB AllocSpace bytes, 2(40KB) LOS objects, 49% free, 3499KB/6998KB, paused 492us,14.428ms total 96.722ms
03-18 23:04:41.488 16772 16772 I om.example.lab2: WaitForGcToComplete blocked ClassLinker on Background for 96.874ms
03-18 23:04:41.507 16772 16772 D AppCompatDelegate: Checking for metadata for AppLocalesMetadataHolderService : Service not found
03-18 23:04:41.509 16772 16772 I om.example.lab2: AssetManager2(0x7e3aa856c1b8) locale list changing from [] to [en-US]
03-18 23:04:41.513 16772 16772 I om.example.lab2: AssetManager2(0x7e3aa856be98) locale list changing from [] to [en-US]
03-18 23:04:41.636 16772 16772 I om.example.lab2: hiddenapi: Accessing hidden method Landroid/view/ViewGroup;->makeOptionalFitsSystemWindows()V (runtime_flags=0, domain=platform, api=unsupported) from Landroidx/appcompat/widget/ViewUtils; (domain=app) using reflection: allowed
03-18 23:04:41.696 16772 16772 W HWUI    : Image decoding logging dropped!
03-18 23:04:41.698 16772 16772 W HWUI    : Image decoding logging dropped!
03-18 23:04:41.705 16772 16772 W HWUI    : Image decoding logging dropped!
03-18 23:04:41.900 16772 16772 I Choreographer: Skipped 31 frames!  The application may be doing too much work on its main thread.
03-18 23:04:41.902   717   913 D CoreBackPreview: Window{bb77fe8 u0 com.example.lab2/com.example.lab2.SecondActivity}: Setting back callback OnBackInvokedCallbackInfo{mCallback=android.window.IOnBackInvokedCallback$Stub$Proxy@5e11ca6, mPriority=-1, mIsAnimationCallback=false, mOverrideBehavior=0}
03-18 23:04:41.933  8979  9000 D WindowManagerShell: onKeepClearAreasChanged: restricted={}, unrestricted={}
03-18 23:04:41.995  8979  9000 D WindowManagerShell: onKeepClearAreasChanged: restricted={}, unrestricted={Rect(0, 2361 - 1080, 2424)}
03-18 23:04:42.028   717   752 I ImeTracker: system_server:767cb586: onRequestShow at ORIGIN_SERVER reason CONTROLS_CHANGED fromUser false
03-18 23:04:42.049  1575  1575 I wpa_supplicant: wlan0: CTRL-EVENT-BEACON-LOSS 
03-18 23:04:42.519  8979 10720 V WindowManagerShell: onTransitionReady(transaction=3079491556668)
03-18 23:04:42.520   717   748 I ActivityTaskManager: Displayed com.example.lab2/.SecondActivity for user 0: +1s324ms
03-18 23:04:42.520  8979  9000 V WindowManagerShell: onTransitionReady (#125) android.os.BinderProxy@13f1c9: {id=125 t=OPEN f=0x0 trk=0 r=[0@Point(0, 0)] c=[
03-18 23:04:42.520  8979  9000 V WindowManagerShell:         {m=OPEN f=FILLS_TASK leash=Surface(name=ActivityRecord{85186799 u0 com.example.lab2/.SecondActivity)/@0x9d2b6fc sb=Rect(0, 0 - 0, 0) eb=Rect(0, 0 - 1080, 2424) epz=Point(1080, 2424) d=-1->0 r=-1->0:-1 bc=ff121212 component=com.example.lab2/.SecondActivity opt={t=FROM_STYLE mUserId=0}},
03-18 23:04:42.520  8979  9000 V WindowManagerShell:         {m=TO_BACK f=FILLS_TASK leash=Surface(name=ActivityRecord{234309413 u0 com.example.lab2/.MainActivity)/@0x560e185 sb=Rect(0, 0 - 1080, 2424) eb=Rect(0, 0 - 1080, 2424) epz=Point(1080, 2424) d=0 bc=ff121212 component=com.example.lab2/.MainActivity opt={t=FROM_STYLE mUserId=0}}
03-18 23:04:42.520  8979  9000 V WindowManagerShell:     ]}
03-18 23:04:42.521  8979  9000 V WindowManagerShell: Playing animation for (#125) android.os.BinderProxy@13f1c9@0
03-18 23:04:42.521  8979  9000 V ShellRecents: RecentsTransitionHandler.startAnimation: no controller found
03-18 23:04:42.522  8979  9000 V WindowManagerShell: Transition doesn't have explicit remote, search filters for match for {id=125 t=OPEN f=0x0 trk=0 r=[0@Point(0, 0)] c=[{m=OPEN f=FILLS_TASK leash=Surface(name=ActivityRecord{85186799 u0 com.example.lab2/.SecondActivity)/@0x9d2b6fc sb=Rect(0, 0 - 0, 0) eb=Rect(0, 0 - 1080, 2424) epz=Point(1080, 2424) d=-1->0 r=-1->0:-1 bc=ff121212 component=com.example.lab2/.SecondActivity opt={t=FROM_STYLE mUserId=0}},{m=TO_BACK f=FILLS_TASK leash=Surface(name=ActivityRecord{234309413 u0 com.example.lab2/.MainActivity)/@0x560e185 sb=Rect(0, 0 - 1080, 2424) eb=Rect(0, 0 - 1080, 2424) epz=Point(1080, 2424) d=0 bc=ff121212 component=com.example.lab2/.MainActivity opt={t=FROM_STYLE mUserId=0}}]}
03-18 23:04:42.522  8979  9000 V WindowManagerShell:  Checking filter Pair{{types=[] flags=0x0] notFlags=0x0 checks=[{atype=undefined independent=true modes=[CLOSE,TO_BACK] flags=IN_TASK_WITH_EMBEDDED_ACTIVITY mustBeTask=false order=ANY topActivity=null launchCookie=null taskFragmentToken=android.os.BinderProxy@7266a3e windowingMode=undefined}]} RemoteTransition { remoteTransition = android.window.IRemoteTransition$Stub$Proxy@9ae509f, appThread = android.app.IApplicationThread$Stub$Proxy@5c2f5ec, debugName = overlayBackTransition }}
03-18 23:04:42.522  8979  9000 V WindowManagerShell:  Checking filter Pair{{types=[] flags=0x0] notFlags=0x0 checks=[{atype=dream independent=true modes=[OPEN,TO_FRONT] flags=NONE mustBeTask=false order=ANY topActivity=null launchCookie=null windowingMode=undefined},{atype=home independent=true modes=[CLOSE,TO_BACK] flags=NONE mustBeTask=false order=ANY topActivity=null launchCookie=null windowingMode=undefined}]} RemoteTransition { remoteTransition = android.window.IRemoteTransition$Stub$Proxy@ab157bb, appThread = android.app.IApplicationThread$Stub$Proxy@bdf84d8, debugName = LauncherToDream }}
03-18 23:04:42.522  8979  9000 V WindowManagerShell:  Checking filter Pair{{types=[] flags=0x0] notFlags=0x100 checks=[{atype=home independent=true modes=[OPEN,TO_FRONT] flags=NONE mustBeTask=false order=TOP topActivity=ComponentInfo{com.google.android.apps.nexuslauncher/com.google.android.apps.nexuslauncher.NexusLauncherActivity} launchCookie=null windowingMode=undefined},{atype=standard independent=true modes=[CLOSE,TO_BACK] flags=NONE mustBeTask=false order=ANY topActivity=null launchCookie=null windowingMode=undefined},{NOT atype=undefined independent=true modes=[] flags=NONE mustBeTask=true order=ANY topActivity=null launchCookie=null customAnim=true windowingMode=undefined}]} RemoteTransition { remoteTransition = android.window.IRemoteTransition$Stub$Proxy@9238316, appThread = android.app.IApplicationThread$Stub$Proxy@f13b497, debugName = QuickstepLaunchHome }}
03-18 23:04:42.522  8979  9000 V WindowManagerShell:  Delegate animation for (#125) to null
03-18 23:04:42.522  8979  9000 V WindowManagerShell: start default transition animation, info = {id=125 t=OPEN f=0x0 trk=0 r=[0@Point(0, 0)] c=[{m=OPEN f=FILLS_TASK leash=Surface(name=ActivityRecord{85186799 u0 com.example.lab2/.SecondActivity)/@0x9d2b6fc sb=Rect(0, 0 - 0, 0) eb=Rect(0, 0 - 1080, 2424) epz=Point(1080, 2424) d=-1->0 r=-1->0:-1 bc=ff121212 component=com.example.lab2/.SecondActivity opt={t=FROM_STYLE mUserId=0}},{m=TO_BACK f=FILLS_TASK leash=Surface(name=ActivityRecord{234309413 u0 com.example.lab2/.MainActivity)/@0x560e185 sb=Rect(0, 0 - 1080, 2424) eb=Rect(0, 0 - 1080, 2424) epz=Point(1080, 2424) d=0 bc=ff121212 component=com.example.lab2/.MainActivity opt={t=FROM_STYLE mUserId=0}}]}
03-18 23:04:42.524  8979  9000 V WindowManagerShell: loadAnimation: anim=android.view.animation.AnimationSet@d2bba6 animAttr=0x5 type=OPEN isEntrance=false
03-18 23:04:42.525  8979  9000 V WindowManagerShell: loadAnimation: anim=android.view.animation.AnimationSet@ddebc3d animAttr=0x4 type=OPEN isEntrance=true
03-18 23:04:42.527  8979  9000 V WindowManagerShell:  animated by com.android.wm.shell.transition.DefaultTransitionHandler@4204700
03-18 23:04:42.534   717   748 V WindowManager: Sent Transition (#125) createdAt=03-18 23:04:41.258 via request=TransitionRequestInfo { type = OPEN, triggerTask = TaskInfo{userId=0 taskId=41 effectiveUid=10217 displayId=0 isRunning=true baseIntent=Intent { act=android.intent.action.MAIN cat=[android.intent.category.LAUNCHER] flg=0x10000000 cmp=com.example.lab2/.MainActivity } baseActivity=ComponentInfo{com.example.lab2/com.example.lab2.MainActivity} topActivity=ComponentInfo{com.example.lab2/com.example.lab2.SecondActivity} origActivity=null realActivity=ComponentInfo{com.example.lab2/com.example.lab2.MainActivity} numActivities=2 lastActiveTime=7268151 supportsMultiWindow=true resizeMode=1 isResizeable=true minWidth=-1 minHeight=-1 defaultMinSize=220 token=WCT{RemoteToken{c87504d Task{594c0fa #41 type=standard A=10217:com.example.lab2}}} topActivityType=1 pictureInPictureParams=null shouldDockBigOverlays=false launchIntoPipHostTaskId=-1 lastParentTaskIdBeforePip=-1 displayCutoutSafeInsets=Rect(0, 0 - 0, 0) topActivityInfo=ActivityInfo{c651a7e com.example.lab2.SecondActivity} launchCookies=[] positionInParent=Point(0, 0) parentTaskId=-1 isFocused=true isVisible=true isVisibleRequested=true isTopActivityNoDisplay=false isSleeping=false locusId=null displayAreaFeatureId=1 isTopActivityTransparent=false isActivityStackTransparent=false lastNonFullscreenBounds=Rect(278, 711 - 803, 1791) capturedLink=null capturedLinkTimestamp=0 requestedVisibleTypes=-9 topActivityRequestOpenInBrowserEducationTimestamp=0 appCompatTaskInfo=AppCompatTaskInfo { topActivityInSizeCompat=false eligibleForLetterboxEducation= false isLetterboxEducationEnabled= true isLetterboxDoubleTapEnabled= false eligibleForUserAspectRatioButton= false topActivityBoundsLetterboxed= false isFromLetterboxDoubleTap= false topActivityLetterboxVerticalPosition= -1 topActivityLetterboxHorizontalPosition= -1 topActivityLetterboxWidth=-1 topActivityLetterboxHeight=-1 topActivityAppBounds=Rect(0, 0 - 1080, 2424) isUserFullscreenOverrideEnabled=false isSystemFullscreenOverrideEnabled=false hasMinAspectRatioOverride=false topActivityLetterboxBounds=null cameraCompatTaskInfo=CameraCompatTaskInfo { freeformCameraCompatMode=inactive}} topActivityMainWindowFrame=null}, pipChange = null, remoteTransition = null, displayChange = null, flags = 0, debugId = 125 }
03-18 23:04:42.534   717   748 V WindowManager:     startWCT=WindowContainerTransaction { changes= {} hops= [] errorCallbackToken=null taskFragmentOrganizer=null }
03-18 23:04:42.534   717   748 V WindowManager:     info={id=125 t=OPEN f=0x0 trk=0 r=[0@Point(0, 0)] c=[
03-18 23:04:42.534   717   748 V WindowManager:         {m=OPEN f=FILLS_TASK leash=Surface(name=ActivityRecord{85186799 u0 com.example.lab2/.SecondActivity)/@0xac31a83 sb=Rect(0, 0 - 0, 0) eb=Rect(0, 0 - 1080, 2424) epz=Point(1080, 2424) d=-1->0 r=-1->0:-1 bc=ff121212 component=com.example.lab2/.SecondActivity opt={t=FROM_STYLE mUserId=0}},
03-18 23:04:42.534   717   748 V WindowManager:         {m=TO_BACK f=FILLS_TASK leash=Surface(name=ActivityRecord{234309413 u0 com.example.lab2/.MainActivity)/@0xb150f2 sb=Rect(0, 0 - 1080, 2424) eb=Rect(0, 0 - 1080, 2424) epz=Point(1080, 2424) d=0 bc=ff121212 component=com.example.lab2/.MainActivity opt={t=FROM_STYLE mUserId=0}}
03-18 23:04:42.534   717   748 V WindowManager:     ]}
03-18 23:04:42.542 16772 16783 I HWUI    : Davey! duration=1132ms; Flags=1, FrameTimelineVsyncId=237248, IntendedVsync=7268245061265, Vsync=7268761727911, InputEventId=0, HandleInputStart=7268769671978, AnimationStart=7268769673879, PerformTraversalsStart=7268769903794, DrawStart=7268957241011, FrameDeadline=7268261727931, FrameStartTime=7268769413040, FrameInterval=16666666, WorkloadTarget=16666666, SyncQueued=7268975539685, SyncStart=7268993151104, IssueDrawCommandsStart=7268993535754, SwapBuffers=7269257313205, FrameCompleted=7269395388803, DequeueBufferDuration=3270, QueueBufferDuration=217415, GpuCompleted=7269395388803, SwapBuffersCompleted=7269381820368, DisplayPresentTime=0, CommandSubmissionCompleted=7269257313205, 
03-18 23:04:42.557 16772 16772 I Choreographer: Skipped 38 frames!  The application may be doing too much work on its main thread.
03-18 23:04:42.986 16772 16772 I ImeTracker: system_server:767cb586: onCancelled at PHASE_CLIENT_ON_CONTROLS_CHANGED
03-18 23:04:43.047  8979  9000 V WindowManagerShell: Transition animation finished (aborted=false), notifying core (#125) android.os.BinderProxy@13f1c9@0
03-18 23:04:43.053   717   748 V WindowManager: Finish Transition (#125): created at 03-18 23:04:41.258 collect-started=0.203ms request-sent=25.777ms started=30.01ms ready=94.128ms sent=1260.72ms commit=12.454ms finished=1793.771ms
03-18 23:04:43.059  8979  9000 V WindowManagerShell: Track 0 became idle
03-18 23:04:43.059  8979  9000 V WindowManagerShell: All active transition animations finished
03-18 23:04:43.198 16772 16784 I HWUI    : Davey! duration=707ms; Flags=0, FrameTimelineVsyncId=237437, IntendedVsync=7268778394577, Vsync=7269411727885, InputEventId=0, HandleInputStart=7269426527706, AnimationStart=7269426527706, PerformTraversalsStart=7269426754722, DrawStart=7269426814531, FrameDeadline=7269428394551, FrameStartTime=7269426142954, FrameInterval=16666666, WorkloadTarget=16666666, SyncQueued=7269427345585, SyncStart=7269491477288, IssueDrawCommandsStart=7269491661242, SwapBuffers=7269494552755, FrameCompleted=7269550104068, DequeueBufferDuration=5820, QueueBufferDuration=511363, GpuCompleted=7269550028297, SwapBuffersCompleted=7269550104068, DisplayPresentTime=0, CommandSubmissionCompleted=7269494552755, 
03-18 23:04:43.208   717  6801 I EGL_emulation: Opening libGLESv1_CM_emulation.so
03-18 23:04:43.210   717  6801 I EGL_emulation: Opening libGLESv2_emulation.so
03-18 23:04:43.221   717  6801 W HWUI    : Failed to initialize 101010-2 format, error = EGL_SUCCESS
03-18 23:04:43.280 16772 16772 W WindowOnBackDispatcher: sendCancelIfRunning: isInProgress=false callback=android.view.ImeBackAnimationController@aa5e787
03-18 23:04:43.282   717  4150 D CoreBackPreview: Window{91f2bac u0 com.example.lab2/com.example.lab2.MainActivity}: Setting back callback OnBackInvokedCallbackInfo{mCallback=android.window.IOnBackInvokedCallback$Stub$Proxy@abeb318, mPriority=-1, mIsAnimationCallback=false, mOverrideBehavior=0}
03-18 23:04:43.283   717  4150 D CoreBackPreview: Window{bb77fe8 u0 com.example.lab2/com.example.lab2.SecondActivity}: Setting back callback OnBackInvokedCallbackInfo{mCallback=android.window.IOnBackInvokedCallback$Stub$Proxy@a53c171, mPriority=0, mIsAnimationCallback=true, mOverrideBehavior=0}
03-18 23:04:43.288   717   958 I ImeTracker: com.example.lab2:134ab141: onRequestHide at ORIGIN_SERVER reason HIDE_UNSPECIFIED_WINDOW fromUser false
03-18 23:04:43.304  1858  1858 I GoogleInputMethodService: GoogleInputMethodService.onFinishInputView():1524 
03-18 23:04:43.305 16772 16784 I HWUI    : Davey! duration=712ms; Flags=0, FrameTimelineVsyncId=237597, IntendedVsync=7269428394551, Vsync=7269878394533, InputEventId=0, HandleInputStart=7269887956482, AnimationStart=7269887958032, PerformTraversalsStart=7269888305001, DrawStart=7270108328215, FrameDeadline=7269578394545, FrameStartTime=7269887746757, FrameInterval=16666666, WorkloadTarget=16666666, SyncQueued=7270110739671, SyncStart=7270116922456, IssueDrawCommandsStart=7270117329866, SwapBuffers=7270123073062, FrameCompleted=7270146993450, DequeueBufferDuration=29181, QueueBufferDuration=4317060, GpuCompleted=7270146602311, SwapBuffersCompleted=7270146993450, DisplayPresentTime=0, CommandSubmissionCompleted=7270123073062, 
03-18 23:04:43.306  1858  1858 I GlobeKeyExtension: GlobeKeyExtension.onDeactivate():104 
03-18 23:04:43.314   717  4150 I ImeTracker: system_server:7ddfe91a: onRequestHide at ORIGIN_SERVER reason IME_REQUESTED_CHANGED_LISTENER fromUser false
03-18 23:04:43.320  8979  9000 D WindowManagerShell: onKeepClearAreasChanged: restricted={}, unrestricted={}
03-18 23:04:43.323  1858  1858 I VoiceInputManagerWrapper: VoiceInputManagerWrapper.shutdown():122 shutdown()
03-18 23:04:43.324  1858  1858 W ExtensionWrapper: ExtensionWrapper.setAllowUpdateNavigationBarStyle():810 class iio is not activate
03-18 23:04:43.331 16772 16772 D VRI[MainActivity]: visibilityChanged oldVisibility=true newVisibility=false
03-18 23:04:43.332  1858  1858 W ExtensionWrapper: ExtensionWrapper.setAllowUpdateNavigationBarStyle():810 class iio is not activate
03-18 23:04:43.333  1858  1858 W TooltipLifecycleManager: TooltipLifecycleManager.dismissTooltips():154 Tooltip with id spell_check_add_to_dictionary not found in tooltipManager.
03-18 23:04:43.336  1858  1858 I InputBundle: InputBundle.consumeEvent():949 Skip consuming an event as keyboard status is 0
03-18 23:04:43.339  1858  1858 I AndroidIME: AbstractIme.onDeactivate():203 LatinIme.onDeactivate()
03-18 23:04:43.341  1858  1858 W TooltipLifecycleManager: TooltipLifecycleManager.dismissTooltips():154 Tooltip with id undo_access_point_promotion_banner not found in tooltipManager.
03-18 23:04:43.348 16772 16772 I AutofillManager: onInvisibleForAutofill(): expiringResponse
03-18 23:04:43.349   717  4150 D PresentationStatsEventLogger: Not setting no presentation reason because it already exists
03-18 23:04:43.349   717  4150 W PresentationStatsEventLogger: Empty dataset. Autofill ignoring log
03-18 23:04:43.357  1858  1858 I GoogleInputMethodService: GoogleInputMethodService.onFinishInput():2043 
03-18 23:04:43.359 16772 16772 D InsetsController: hide(ime(), fromIme=false)
03-18 23:04:43.359 16772 16772 I ImeTracker: com.example.lab2:134ab141: onCancelled at PHASE_CLIENT_ALREADY_HIDDEN
03-18 23:04:43.378   717   752 I ImeTracker: system_server:ee39321b: onRequestShow at ORIGIN_SERVER reason CONTROLS_CHANGED fromUser false
03-18 23:04:43.409 16772 16772 W RemoteInputConnectionImpl: requestCursorUpdates on inactive InputConnection
03-18 23:04:43.414  1858  1858 I Module  : DeviceLockedStatusModuleProvider$Module.updateDeviceLockedStatus():100 repeatCheckTimes = 0, locked = false
03-18 23:04:43.415  1858  1858 I GoogleInputMethodService: GoogleInputMethodService.onStartInput():1293 onStartInput(EditorInfo{EditorInfo{packageName=com.example.lab2, inputType=0, inputTypeString=NULL, enableLearning=false, autoCorrection=false, autoComplete=false, imeOptions=0, privateImeOptions=null, actionName=UNSPECIFIED, actionLabel=null, initialSelStart=-1, initialSelEnd=-1, initialCapsMode=0, label=null, fieldId=0, fieldName=null, extras=null, hintText=null, hintLocales=[]}}, false)
03-18 23:04:43.421 16772 16772 I ImeTracker: system_server:ee39321b: onCancelled at PHASE_CLIENT_ON_CONTROLS_CHANGED
03-18 23:04:43.426  1858  1858 I Module  : DeviceLockedStatusModuleProvider$Module.updateDeviceLockedStatus():100 repeatCheckTimes = 1, locked = false
03-18 23:04:43.426 16772 16772 W WindowOnBackDispatcher: sendCancelIfRunning: isInProgress=false callback=android.view.ImeBackAnimationController@d4ebbba
03-18 23:04:43.431   717  2498 W PackageConfigPersister: App-specific configuration not found for packageName: com.example.lab2 and userId: 0
03-18 23:04:43.433  1858  1858 I GoogleInputMethodService: GoogleInputMethodService.onStartInputView():1392 onStartInputView(EditorInfo{EditorInfo{packageName=com.example.lab2, inputType=0, inputTypeString=NULL, enableLearning=false, autoCorrection=false, autoComplete=false, imeOptions=0, privateImeOptions=null, actionName=UNSPECIFIED, actionLabel=null, initialSelStart=-1, initialSelEnd=-1, initialCapsMode=0, label=null, fieldId=0, fieldName=null, extras=null, hintText=null, hintLocales=[]}}, false)
03-18 23:04:43.434  1858  1858 I KeyboardHeightUtil: KeyboardHeightUtil.getOemKeyboardHeightRatio():161 systemKeyboardHeightRatio:1.000000.
03-18 23:04:43.435   717  1249 D BackgroundInstallControlService: Package event received: 0
03-18 23:04:43.451   717   913 D CoreBackPreview: Window{bb77fe8 u0 com.example.lab2/com.example.lab2.SecondActivity}: Setting back callback OnBackInvokedCallbackInfo{mCallback=android.window.IOnBackInvokedCallback$Stub$Proxy@107acf, mPriority=-1, mIsAnimationCallback=false, mOverrideBehavior=0}
03-18 23:04:43.460  1858  1858 I InputContextChangeTracker: InputContextChangeTracker.fixLyingSelectionRangeFromSurroundingText():1665 fixLyingSelectionRangeFromSurroundingText(): [-1, -1]([-1, -1]) -> [0, 0]([0, 0])
03-18 23:04:43.465  1858  1858 I AndroidIME: InputBundleManager.loadActiveInputBundleId():483 loadActiveInputBundleId: und-Latn-x-password, password
03-18 23:04:43.466  1858  1858 I AndroidIME: AbstractIme.onActivate():90 PasswordIme.onActivate() : EditorInfo = EditorInfo{packageName=com.example.lab2, inputType=0, inputTypeString=NULL, enableLearning=false, autoCorrection=false, autoComplete=false, imeOptions=0, privateImeOptions=null, actionName=UNSPECIFIED, actionLabel=null, initialSelStart=-1, initialSelEnd=-1, initialCapsMode=0, label=null, fieldId=0, fieldName=null, extras=null, hintText=null, hintLocales=[]}, IncognitoMode = false, DeviceLocked = false
03-18 23:04:43.467  1858  1858 I KeyboardWrapper: KeyboardWrapper.activateKeyboard():562 activateKeyboard(): type=prime, status=0, imeDef=kyj{stringId=password, language=und-Latn-x-password, languageTag=und-Latn-x-password, processedConditions={variant=qwerty, enable_access_points_in_password_number=false, enable_number_row=false, device=phone}, className=com.google.android.libraries.inputmethod.ime.password.PasswordIme, label=2132019061, keyEventInterpreter=null, inlineComposing=true, autoCapital=true, announceAutoSelectedCandidate=true, statusIcon=0, primeKeyboardType=SOFT, indicatorIcon=0, indicatorLabel=null, displayAppCompletions=false, extraValues=kyb{}, processors=lac@3ad80f7, unacceptableMetaKeys=4098, languageSpecificSettings=0, asciiCapable=false, alwaysShowSuggestions=false, useAsciiPasswordKeyboard=false, secondaryIme=null, keyboardGroupDef=kzl@4355b64, phenotypeFlagId=0, localizationLanguageTag=null, supportsInlineSuggestion=false}
03-18 23:04:43.467  1858  1858 I KeyboardManager: KeyboardManager.requestKeyboard():248 Creating keyboard prime, imeId=password, cacheKey=theme_!gsf_!pgsans_!pgsf_!use_system_font_BORDER=true_FLAVOR_DPI=XXHDPI_KEYBOARD_MODE=3_KEYBOARD_WIDTH_CATEGORY=NORMAL_LIGHT_THEME=true_PHYSICAL_DIAGONAL=6.0111027_SCREEN_SHORTEST_WIDTH=411_SCREEN_SHORTEST_WIDTH_NO_SCALE=411_bottom4dp_enable_google_fonts_icons=true_enable_popup_on_keypress=true_keyboard_redesign_google_sans=true_noshadow_overlay_builtin_dynamic_color_light_base.binarypb:gm3-light-fffaf8ff-ff495d92-82b625f90d810779661adb8ce93b5ac5_silkpopup_unify_function_key_color=true
03-18 23:04:43.470  1858  1858 I KeyboardManager: KeyboardManager.onKeyboardCreated():470 New keyboard for type prime is created, close the previous one
03-18 23:04:43.471  1858  1858 I KeyboardWrapper: KeyboardWrapper.onKeyboardReady():212 onKeyboardReady(): type=null(prime), kb=com.google.android.apps.inputmethod.latin.keyboard.LatinPasswordKeyboard@274addf
03-18 23:04:43.471  1858  1858 I KeyboardWrapper: KeyboardWrapper.doActivateKeyboard():589 doActivateKeyboard(): prime
03-18 23:04:43.536  1858  1858 I PopupKeyboardViewHolderProvider: PopupKeyboardViewHolderProvider.show():76 showing popup floating keyboard 5e96844
03-18 23:04:43.537  1858  1858 I KeyboardViewHelper: KeyboardViewHelper.getView():178 Get view with height ratio:1.000000
03-18 23:04:43.592  1858  1858 W HWUI    : Image decoding logging dropped!
03-18 23:04:43.594  1858  1858 I PopupKeyboardViewHolderProvider: PopupKeyboardViewHolderProvider.show():76 showing popup floating keyboard 5e96844
03-18 23:04:43.596  1858  1858 I GlobeKeyExtension: GlobeKeyExtension.getKeyboardInitialStates():131 
03-18 23:04:43.597  1858  1858 I PopupKeyboardViewHolderProvider: PopupKeyboardViewHolderProvider.show():76 showing popup floating keyboard 5e96844
03-18 23:04:43.598  1858  1858 I PopupKeyboardViewHolderProvider: PopupKeyboardViewHolderProvider.show():76 showing popup floating keyboard 5e96844
03-18 23:04:43.598  1858  1858 I PopupKeyboardViewHolderProvider: PopupKeyboardViewHolderProvider.show():76 showing popup floating keyboard 5e96844
03-18 23:04:43.599  1858  1858 W KeyboardDef: KeyboardDef.getKeyboardViewDef():757 KeyboardViewDef is not found: keyboardDef=kze{processedConditions={enable_more_candidates_view_for_multilingual=false, layout_9key_split=false, enable_secondary_symbols=false, language=en-US, deprecate_long_press_space_for_ime_picker=false, expressions=normal, enable_access_points_in_password_number=false, show_suggestions=true, enable_flick_symbols=true, variant=qwerty, device=phone, keyboard_mode=floating, show_secondary_digits=false, enable_preemptive_decode=true, rtl_layout=false}, globalConditions={global_theme_key=theme_!gsf_!pgsans_!pgsf_!use_system_font_BORDER=true_FLAVOR_DPI=XXHDPI_KEYBOARD_MODE=3_KEYBOARD_WIDTH_CATEGORY=NORMAL_LIGHT_THEME=true_PHYSICAL_DIAGONAL=6.0111027_SCREEN_SHORTEST_WIDTH=411_SCREEN_SHORTEST_WIDTH_NO_SCALE=411_bottom4dp_enable_google_fonts_icons=true_enable_popup_on_keypress=true_keyboard_redesign_google_sans=true_noshadow_overlay_builtin_dynamic_color_light_base.binarypb:gm3-light-fffaf8ff-ff495d92-82b625f90d810779661adb8ce93b5ac5_silkpopup_unify_function_key_color=true, global_locale=en_US, global_density_dpi=420, global_orientation=1}, className=.latin.keyboard.LatinPasswordKeyboard, resourceIds=[#0x7f17065e, #0x7f1708dc, #0x7f17071c], initialStates=0, keyboardViewDefs=[kzt{direction=null, id=#0x7f0b0166, isScalable=true, layoutId=#0x7f0e0346, type=BODY, touchable=true, defaultShow=true}, kzt{direction=null, id=#0x7f0b0166, isScalable=false, layoutId=#0x7f0e01db, type=FLOATING_CANDIDATES, touchable=false, defaultShow=false}, kzt{direction=LOCALE, id=#0x7f0b0166, isScalable=false, layoutId=#0x7f0e04d8, type=HEADER, touchable=true, defaultShow=true}], persistentStates=0, persistentStatesPrefKey=null, popupBubbleLayoutId=#0x7f0e05ce, recentKeyLayoutId=0, recentKeyPopupLayoutId=0, recentKeyType=null, rememberRecentKey=NONE, sessionStates=17592186044419}, type=WIDGET, id=2131427686
03-18 23:04:43.603  1858  1858 W Keyboard: Keyboard.getKeyboardViewHelper():597 null helper is returned: keyboardDef=kze{processedConditions={enable_more_candidates_view_for_multilingual=false, layout_9key_split=false, enable_secondary_symbols=false, language=en-US, deprecate_long_press_space_for_ime_picker=false, expressions=normal, enable_access_points_in_password_number=false, show_suggestions=true, enable_flick_symbols=true, variant=qwerty, device=phone, keyboard_mode=floating, show_secondary_digits=false, enable_preemptive_decode=true, rtl_layout=false}, globalConditions={global_theme_key=theme_!gsf_!pgsans_!pgsf_!use_system_font_BORDER=true_FLAVOR_DPI=XXHDPI_KEYBOARD_MODE=3_KEYBOARD_WIDTH_CATEGORY=NORMAL_LIGHT_THEME=true_PHYSICAL_DIAGONAL=6.0111027_SCREEN_SHORTEST_WIDTH=411_SCREEN_SHORTEST_WIDTH_NO_SCALE=411_bottom4dp_enable_google_fonts_icons=true_enable_popup_on_keypress=true_keyboard_redesign_google_sans=true_noshadow_overlay_builtin_dynamic_color_light_base.binarypb:gm3-light-fffaf8ff-ff495d92-82b625f90d810779661adb8ce93b5ac5_silkpopup_unify_function_key_color=true, global_locale=en_US, global_density_dpi=420, global_orientation=1}, className=.latin.keyboard.LatinPasswordKeyboard, resourceIds=[#0x7f17065e, #0x7f1708dc, #0x7f17071c], initialStates=0, keyboardViewDefs=[kzt{direction=null, id=#0x7f0b0166, isScalable=true, layoutId=#0x7f0e0346, type=BODY, touchable=true, defaultShow=true}, kzt{direction=null, id=#0x7f0b0166, isScalable=false, layoutId=#0x7f0e01db, type=FLOATING_CANDIDATES, touchable=false, defaultShow=false}, kzt{direction=LOCALE, id=#0x7f0b0166, isScalable=false, layoutId=#0x7f0e04d8, type=HEADER, touchable=true, defaultShow=true}], persistentStates=0, persistentStatesPrefKey=null, popupBubbleLayoutId=#0x7f0e05ce, recentKeyLayoutId=0, recentKeyPopupLayoutId=0, recentKeyType=null, rememberRecentKey=NONE, sessionStates=17592186044419}, type=WIDGET, helpersCreated=[kkl@2cedeaf, kkl@44852bc, kkl@568b245, null], context.getResources().getConfiguration(): {1.0 310mcc260mnc [en_US] ldltr sw411dp w411dp h845dp 420dpi nrml long port finger qwerty/v/v dpad/v winConfig={ mBounds=Rect(0, 0 - 1080, 2424) mAppBounds=Rect(0, 142 - 1080, 2361) mMaxBounds=Rect(0, 0 - 1080, 2424) mDisplayRotation=ROTATION_0 mWindowingMode=fullscreen mActivityType=undefined mAlwaysOnTop=undefined mRotation=ROTATION_0} as.6 s.87 fontWeightAdjustment=0}
03-18 23:04:43.603  1858  1858 I PopupKeyboardViewHolderProvider: PopupKeyboardViewHolderProvider.show():76 showing popup floating keyboard 5e96844
03-18 23:04:43.614  1858  1858 I AndroidIME: InputBundleManager.startInput():361 startInput() with kzp[keyboardType=prime, payload=null]
03-18 23:04:43.619  1858  1858 I GlobeKeyExtension: GlobeKeyExtension.onActivate():70 
03-18 23:04:43.648  1858  1858 I CrowdsourceExtension: CrowdsourceExtension.checkIfDefaultBrowserIsAllowed():109 Failed to get default browser. The default browser may be deactivated.
03-18 23:04:43.648  1858  1858 I NewLanguagePromptExtension: NewLanguagePromptExtension.onActivate():186 Not activated NewLanguagePromptExtension: not a normal text input box.
03-18 23:04:43.650  1858  1858 I HardKeyTracker: HardKeyTracker.unregisterKeySequence():182 Unregister key sequence lsr{labelResId=2132020165, callback=cbb@1d5c3c4, lastModifier=2, keyCodes=[56], actions=[0]}
03-18 23:04:43.651  1858  1858 I HardKeyTracker: HardKeyTracker.unregisterKeySequence():182 Unregister key sequence lsr{labelResId=2132020165, callback=cbb@59f8173, lastModifier=0, keyCodes=[317], actions=[0]}
03-18 23:04:43.651  1858  1858 I HardKeyTracker: HardKeyTracker.registerKeySequence():138 Register key sequence lsr{labelResId=2132020165, callback=cbb@4a5a384, lastModifier=2, keyCodes=[56], actions=[0]}
03-18 23:04:43.651  1858  1858 I HardKeyTracker: HardKeyTracker.registerKeySequence():138 Register key sequence lsr{labelResId=2132020165, callback=cbb@ba9b433, lastModifier=0, keyCodes=[317], actions=[0]}
03-18 23:04:43.654  1858  1858 I VoiceInputManagerWrapper: VoiceInputManagerWrapper.cancelShutdown():100 cancelShutdown()
03-18 23:04:43.654  1858  1858 I VoiceInputManagerWrapper: VoiceInputManagerWrapper.syncLanguagePacks():112 syncLanguagePacks()
03-18 23:04:43.654  1858  1858 I VoiceInputManager: VoiceInputManager.onKeyboardActivated():1023 onKeyboardActivated() [UD]
03-18 23:04:43.654  1858  9513 I SpeechFactory: SpeechRecognitionFactory.maybeScheduleAutoPackDownloadForFallback():161 maybeScheduleAutoPackDownloadForFallback()
03-18 23:04:43.654  1858  9513 I FallbackOnDeviceRecognitionProvider: FallbackOnDeviceRecognitionProvider.maybeScheduleAutoPackDownload():198 maybeScheduleAutoPackDownload() for language tag en-US
03-18 23:04:43.655  1858  1858 I AccessoryInputModeManager: AccessoryInputModeManager.onModeStarted():322 Accessory input mode started: STYLUS
03-18 23:04:43.656  1858  1858 W ExtensionWrapper: ExtensionWrapper.setAllowUpdateNavigationBarStyle():810 class iio is not activate
03-18 23:04:43.656  1858  1858 I WidgetViewShowingController: WidgetViewShowingController.showWidgetKeyboardInternal():524 Show companion widget
03-18 23:04:43.670  1858  1858 W ExtensionWrapper: ExtensionWrapper.setAllowUpdateNavigationBarStyle():810 class iio is not activate
03-18 23:04:43.670  1858  1858 I WidgetViewShowingPositionHandler: WidgetViewShowingPositionHandler.updateAvailableArea():194 update available area Rect(21, 163 - 1059, 2357)
03-18 23:04:43.672  1858  1858 I HardKeyTracker: HardKeyTracker.unregisterKeySequence():182 Unregister key sequence lsr{labelResId=2132018681, callback=cbb@728c179, lastModifier=2, keyCodes=[39], actions=[0]}
03-18 23:04:43.673  1858  1858 I HardKeyTracker: HardKeyTracker.registerKeySequence():138 Register key sequence lsr{labelResId=2132018682, callback=cbb@da38c38, lastModifier=2, keyCodes=[39], actions=[0]}
03-18 23:04:43.674  1858  1858 I ProactiveUndoTriggerExtension: ProactiveUndoTriggerExtension.eventConsumer$lambda$0():125 kyp{intention=null, keyCode=-10004, SWITCH_KEYBOARD, data=accessory}
03-18 23:04:43.674  1858  1858 I KeyboardWrapper: KeyboardWrapper.switchToKeyboard():649 switchToKeyboard(): type=accessory, status=1
03-18 23:04:43.674  1858  1858 I KeyboardManager: KeyboardManager.requestKeyboard():248 Creating keyboard accessory, imeId=password, cacheKey=theme_!gsf_!pgsans_!pgsf_!use_system_font_BORDER=true_FLAVOR_DPI=XXHDPI_KEYBOARD_MODE=3_KEYBOARD_WIDTH_CATEGORY=NORMAL_LIGHT_THEME=true_PHYSICAL_DIAGONAL=6.0111027_SCREEN_SHORTEST_WIDTH=411_SCREEN_SHORTEST_WIDTH_NO_SCALE=411_bottom4dp_enable_google_fonts_icons=true_enable_popup_on_keypress=true_keyboard_redesign_google_sans=true_noshadow_overlay_builtin_dynamic_color_light_base.binarypb:gm3-light-fffaf8ff-ff495d92-82b625f90d810779661adb8ce93b5ac5_silkpopup_unify_function_key_color=true
03-18 23:04:43.675  1858  1858 I KeyboardWrapper: KeyboardWrapper.onKeyboardReady():212 onKeyboardReady(): type=prime(accessory), kb=com.google.android.libraries.inputmethod.keyboard.impl.Keyboard@987dd29
03-18 23:04:43.676  1858  1858 I VoiceInputManager: VoiceInputManager.onKeyboardActivated():1023 onKeyboardActivated() [UD]
03-18 23:04:43.676  1858  1858 I KeyboardWrapper: KeyboardWrapper.doActivateKeyboard():589 doActivateKeyboard(): accessory
03-18 23:04:43.676  1858  1858 W Keyboard: Keyboard.getKeyboardViewHelper():597 null helper is returned: keyboardDef=kze{processedConditions={}, globalConditions={}, className=com.google.android.libraries.inputmethod.keyboard.impl.Keyboard, resourceIds=[#0x7f170045], initialStates=0, keyboardViewDefs=[], persistentStates=0, persistentStatesPrefKey=null, popupBubbleLayoutId=0, recentKeyLayoutId=0, recentKeyPopupLayoutId=0, recentKeyType=null, rememberRecentKey=NONE, sessionStates=0}, type=HEADER, helpersCreated=[null, null, null, null], context.getResources().getConfiguration(): {1.0 310mcc260mnc [en_US] ldltr sw411dp w411dp h845dp 420dpi nrml long port finger qwerty/v/v dpad/v winConfig={ mBounds=Rect(0, 0 - 1080, 2424) mAppBounds=Rect(0, 142 - 1080, 2361) mMaxBounds=Rect(0, 0 - 1080, 2424) mDisplayRotation=ROTATION_0 mWindowingMode=fullscreen mActivityType=undefined mAlwaysOnTop=undefined mRotation=ROTATION_0} as.6 s.87 fontWeightAdjustment=0}
03-18 23:04:43.677  1858  1858 I GoogleInputMethodService: GoogleInputMethodService$1.onKeyboardViewShown():312 onKeyboardViewShown: keyboardType=prime, keyboardViewType=HEADER keyboardView=com.google.android.libraries.inputmethod.widgets.SoftKeyboardView{c2079d7 V.E...... ......ID 0,0-0,0}
03-18 23:04:43.677  1858  1858 W Keyboard: Keyboard.getKeyboardViewHelper():597 null helper is returned: keyboardDef=kze{processedConditions={}, globalConditions={}, className=com.google.android.libraries.inputmethod.keyboard.impl.Keyboard, resourceIds=[#0x7f170045], initialStates=0, keyboardViewDefs=[], persistentStates=0, persistentStatesPrefKey=null, popupBubbleLayoutId=0, recentKeyLayoutId=0, recentKeyPopupLayoutId=0, recentKeyType=null, rememberRecentKey=NONE, sessionStates=0}, type=BODY, helpersCreated=[null, null, null, null], context.getResources().getConfiguration(): {1.0 310mcc260mnc [en_US] ldltr sw411dp w411dp h845dp 420dpi nrml long port finger qwerty/v/v dpad/v winConfig={ mBounds=Rect(0, 0 - 1080, 2424) mAppBounds=Rect(0, 142 - 1080, 2361) mMaxBounds=Rect(0, 0 - 1080, 2424) mDisplayRotation=ROTATION_0 mWindowingMode=fullscreen mActivityType=undefined mAlwaysOnTop=undefined mRotation=ROTATION_0} as.6 s.87 fontWeightAdjustment=0}
03-18 23:04:43.677  1858  1858 E KeyboardViewController: KeyboardViewController$CurrentKeyboardStatus.setViewStatus():1637 Setting the SoftKeyboardView status for different keyboard type, current: accessory, new: prime
03-18 23:04:43.679  1858  1858 W Keyboard: Keyboard.getKeyboardViewHelper():597 null helper is returned: keyboardDef=kze{processedConditions={}, globalConditions={}, className=com.google.android.libraries.inputmethod.keyboard.impl.Keyboard, resourceIds=[#0x7f170045], initialStates=0, keyboardViewDefs=[], persistentStates=0, persistentStatesPrefKey=null, popupBubbleLayoutId=0, recentKeyLayoutId=0, recentKeyPopupLayoutId=0, recentKeyType=null, rememberRecentKey=NONE, sessionStates=0}, type=BODY, helpersCreated=[null, null, null, null], context.getResources().getConfiguration(): {1.0 310mcc260mnc [en_US] ldltr sw411dp w411dp h845dp 420dpi nrml long port finger qwerty/v/v dpad/v winConfig={ mBounds=Rect(0, 0 - 1080, 2424) mAppBounds=Rect(0, 142 - 1080, 2361) mMaxBounds=Rect(0, 0 - 1080, 2424) mDisplayRotation=ROTATION_0 mWindowingMode=fullscreen mActivityType=undefined mAlwaysOnTop=undefined mRotation=ROTATION_0} as.6 s.87 fontWeightAdjustment=0}
