03-18 23:04:50.492  1858  1858 W View    : requestLayout() improperly called by com.google.android.libraries.inputmethod.widgets.KeyboardHolder{8853f9e V.E...... ......ID 0,0-1080,757 #7f0b04ed app:id/keyboard_holder} during layout: running second layout pass
03-18 23:04:50.492  1858  1858 W View    : requestLayout() improperly called by com.google.android.libraries.inputmethod.keyboard.impl.KeyboardViewHolder{c526a7f V.E...... ......ID 0,0-1080,116 #7f0b04ec app:id/keyboard_header_view_holder} during layout: running second layout pass
03-18 23:04:50.492  1858  1858 W View    : requestLayout() improperly called by android.widget.FrameLayout{8c43a4c V.E...... ......ID 0,116-1080,757} during layout: running second layout pass
03-18 23:04:50.492  1858  1858 W View    : requestLayout() improperly called by com.google.android.libraries.inputmethod.keyboard.impl.KeyboardViewHolder{8182a95 V.E...... ......ID 0,0-1080,641 #7f0b04c2 app:id/0_resource_name_obfuscated} during layout: running second layout pass
03-18 23:04:50.492  1858  1858 W View    : requestLayout() improperly called by android.widget.FrameLayout{381b7aa V.E...... ......ID 0,1462-1080,2219 #7f0b04bf app:id/0_resource_name_obfuscated} during layout: running second layout pass
03-18 23:04:50.492  1858  1858 W View    : requestLayout() improperly called by android.widget.FrameLayout{bad2f9b V.E...... ......ID 0,641-1080,641 #7f0b04c3 app:id/0_resource_name_obfuscated} during layout: running second layout pass
03-18 23:04:50.492  1858  1858 I KeyboardHeightUtil: KeyboardHeightUtil.calculateMaxKeyboardBodyHeight():46 leave 281 height for app when ime window height:2156, header height:116 and isFullscreenMode:false, so the max keyboard body height is:1759
03-18 23:04:50.493  1858  1858 I KeyboardHeightUtil: KeyboardHeightUtil.calculateMaxKeyboardBodyHeight():46 leave 281 height for app when ime window height:2156, header height:116 and isFullscreenMode:false, so the max keyboard body height is:1759
03-18 23:04:50.495  8979  9000 D WindowManagerShell: onKeepClearAreasChanged: restricted={}, unrestricted={Rect(0, 1541 - 1080, 2424)}
03-18 23:04:50.508  1858  1858 I HandwritingOfflineSuperpacks: HandwritingOfflineSuperpacks.syncInternal():80 no bundled lm for handwriting.
03-18 23:04:50.509  1858  1858 I HandwritingSuperpacks: HandwritingSuperpacks.register():273 register(): version '86', url 'https://dl.google.com/handwriting/models/handwriting_release.superpack_manifest.20231127.json' [ONLINE]
03-18 23:04:50.509  1858  1858 I DictionarySuperpacksManager: DictionarySuperpacksManager$1.onEnabledInputMethodEntriesChanged():65 onEnabledInputMethodEntriesChanged
03-18 23:04:50.528  1858  1858 I GoogleInputMethodService: GoogleInputMethodService$1.onKeyboardViewShown():312 onKeyboardViewShown: keyboardType=prime, keyboardViewType=HEADER keyboardView=com.google.android.libraries.inputmethod.widgets.SoftKeyboardView{5bc553a V.E...... ........ 0,0-1080,116}
03-18 23:04:50.530  1858  1858 I KeyboardHeightUtil: KeyboardHeightUtil.calculateMaxKeyboardBodyHeight():46 leave 281 height for app when ime window height:2156, header height:116 and isFullscreenMode:false, so the max keyboard body height is:1759
03-18 23:04:50.530  1858  1858 I KeyboardHeightUtil: KeyboardHeightUtil.calculateMaxKeyboardBodyHeight():46 leave 281 height for app when ime window height:2156, header height:116 and isFullscreenMode:false, so the max keyboard body height is:1759
03-18 23:04:50.531  1858  1858 I KeyboardHeightUtil: KeyboardHeightUtil.calculateMaxKeyboardBodyHeight():46 leave 281 height for app when ime window height:2156, header height:116 and isFullscreenMode:false, so the max keyboard body height is:1759
03-18 23:04:50.531  1858  1858 I KeyboardHeightUtil: KeyboardHeightUtil.calculateMaxKeyboardBodyHeight():46 leave 281 height for app when ime window height:2156, header height:116 and isFullscreenMode:false, so the max keyboard body height is:1759
03-18 23:04:50.531  1858  1858 I GoogleInputMethodService: GoogleInputMethodService$1.onKeyboardViewShown():312 onKeyboardViewShown: keyboardType=prime, keyboardViewType=BODY keyboardView=com.google.android.libraries.inputmethod.widgets.SoftKeyboardView{bd91eb7 V.E...... ........ 0,0-1080,641}
03-18 23:04:50.531  1858  1858 I KeyboardHeightUtil: KeyboardHeightUtil.calculateMaxKeyboardBodyHeight():46 leave 281 height for app when ime window height:2156, header height:116 and isFullscreenMode:false, so the max keyboard body height is:1759
03-18 23:04:50.532  1858  1858 I NewLanguagePromptExtension: NewLanguagePromptExtension$1.onKeyboardViewShown():86 Not show new language banner: not prime keyboard, or the extension not activated.
03-18 23:04:50.532  1858  1858 I KeyboardHeightUtil: KeyboardHeightUtil.calculateMaxKeyboardBodyHeight():46 leave 281 height for app when ime window height:2156, header height:116 and isFullscreenMode:false, so the max keyboard body height is:1759
03-18 23:04:50.532  1858  1858 I KeyboardHeightUtil: KeyboardHeightUtil.calculateMaxKeyboardBodyHeight():46 leave 281 height for app when ime window height:2156, header height:116 and isFullscreenMode:false, so the max keyboard body height is:1759
03-18 23:04:50.532  1858  1858 I KeyboardHeightUtil: KeyboardHeightUtil.calculateMaxKeyboardBodyHeight():46 leave 281 height for app when ime window height:2156, header height:116 and isFullscreenMode:false, so the max keyboard body height is:1759
03-18 23:04:50.532  1858  1858 I AbstractOpenableExtension: AbstractOpenableExtension$3.onFailure():563 Failed to load KeyboardGroupManager in eay.
03-18 23:04:50.532  1858  1858 I AbstractOpenableExtension: AbstractOpenableExtension$3.onSuccess():555 KeyboardGroupManager destroyed in fso.
03-18 23:04:50.532  1858  1858 I AbstractOpenableExtension: AbstractOpenableExtension$3.onSuccess():555 KeyboardGroupManager destroyed in fve.
03-18 23:04:50.536  1858  1858 I KeyboardHeightUtil: KeyboardHeightUtil.calculateMaxKeyboardBodyHeight():46 leave 281 height for app when ime window height:2156, header height:116 and isFullscreenMode:false, so the max keyboard body height is:1759
03-18 23:04:50.536  1858  1858 I KeyboardHeightUtil: KeyboardHeightUtil.calculateMaxKeyboardBodyHeight():46 leave 281 height for app when ime window height:2156, header height:116 and isFullscreenMode:false, so the max keyboard body height is:1759
03-18 23:04:50.537  1858  1858 I KeyboardHeightUtil: KeyboardHeightUtil.calculateMaxKeyboardBodyHeight():46 leave 281 height for app when ime window height:2156, header height:116 and isFullscreenMode:false, so the max keyboard body height is:1759
03-18 23:04:50.537  1858  1858 I KeyboardHeightUtil: KeyboardHeightUtil.calculateMaxKeyboardBodyHeight():46 leave 281 height for app when ime window height:2156, header height:116 and isFullscreenMode:false, so the max keyboard body height is:1759
03-18 23:04:50.538  1858  1858 I AndroidIME: KeyboardViewManager.saveKeyboardBottomGap():276 windowHeight: 2156 windowHeightInInches: 5.133333
03-18 23:04:50.538  1858  1858 I AndroidIME: keyboardHolderHeight: 757 navigationHeight: 126
03-18 23:04:50.538  1858  1858 I AndroidIME: getKeyboardBodyViewHolderPaddingBottom(): 0
03-18 23:04:50.538  1858  1858 I AndroidIME: keyboardBottomGap: 126 bodyViewHolderBottomPadding: 0
03-18 23:04:50.538  1858  1858 I AndroidIME: decorViewStableInsetBottom: 126 updated: false
03-18 23:04:50.541  1858  1858 I KeyboardHeightUtil: KeyboardHeightUtil.calculateMaxKeyboardBodyHeight():46 leave 281 height for app when ime window height:2156, header height:116 and isFullscreenMode:false, so the max keyboard body height is:1759
03-18 23:04:50.541  1858  1858 I KeyboardHeightUtil: KeyboardHeightUtil.calculateMaxKeyboardBodyHeight():46 leave 281 height for app when ime window height:2156, header height:116 and isFullscreenMode:false, so the max keyboard body height is:1759
03-18 23:04:50.546  1858 16816 I DownloadManager: DownloadManager.downloadInternal():412 Download for __SP_MANIFEST_handwriting_recognition scheduled with params DownloadParams{allowMetered=true, requireCharging=false, foreground=false, immediately=true, priority=0}
03-18 23:04:50.546  1858 16816 I DownloadManager: DownloadManager.startDownload():495 start download of __SP_MANIFEST_handwriting_recognition
03-18 23:04:50.554  1858 16816 I DownloadManager: DownloadManager$4.onSuccess():564 download for __SP_MANIFEST_handwriting_recognition is finished with files # mxp@e7acd9fc
03-18 23:04:50.571  1858 16563 I HandwritingOnlineSuperpacks: HandwritingOnlineSuperpacks.syncInternal():168 syncPackMapping()
03-18 23:04:50.572  1858 16563 I MDDSuperpacks: MDDSuperpacks.sync():223 sync requested for handwriting_recognition
03-18 23:04:50.587  1858 16817 I MDDSuperpacks: MDDSuperpacks.getPacks():548 getting packs for superpack: handwriting_recognition
03-18 23:04:50.596  1858 16579 I MDDSuperpacks: MDDSuperpacks$3.onSuccess():558 packs [transformer_latin_tflite_20231010_zip, scribe_latin_20231123_tflite_zip, qrnn_en_us_reco_20231010_fst_20230613_recospec_zip, transformer_latin_conf_tflite_20231010_zip, pack_mapping_v1_lstm_20231127, transformer_latin_seg_tflite_20231010_zip, scribe_latin_20231123_recospec_zip, en_us_20230613_compact_fst_zip] got for superpack: handwriting_recognition
03-18 23:04:50.597  1858 16817 I HandwritingSlicingStrategy: HandwritingSlicingStrategy.getSlices():44 getSlices(): handwriting_recognition.86 useForeground=true
03-18 23:04:50.598  1858 16817 I HandwritingSlicingStrategy: HandwritingSlicingStrategy.getSlices():103 getSlices(): result {slices=[{handwriting_recognition:pack_mapping_v1_lstm_20231127, m:*:*:*, fg}, {handwriting_recognition:transformer_latin_tflite_20231010_zip, m:*:*:*, fg}, {handwriting_recognition:qrnn_en_us_reco_20231010_fst_20230613_recospec_zip, m:*:*:*, fg}, {handwriting_recognition:transformer_latin_conf_tflite_20231010_zip, m:*:*:*, fg}, {handwriting_recognition:transformer_latin_seg_tflite_20231010_zip, m:*:*:*, fg}, {handwriting_recognition:en_us_20230613_compact_fst_zip, m:*:*:*, fg}, {handwriting_recognition:scribe_latin_20231123_tflite_zip, m:*:*:*, fg}, {handwriting_recognition:scribe_latin_20231123_recospec_zip, m:*:*:*, fg}], last batch=true, sync metadata=false}
03-18 23:04:50.599  1858 16578 I MDDSuperpacks: MDDSuperpacks.getPacks():548 getting packs for superpack: handwriting_recognition
03-18 23:04:50.606  1858 16579 I MDDSuperpacks: MDDSuperpacks$3.onSuccess():558 packs [transformer_latin_tflite_20231010_zip, scribe_latin_20231123_tflite_zip, qrnn_en_us_reco_20231010_fst_20230613_recospec_zip, transformer_latin_conf_tflite_20231010_zip, pack_mapping_v1_lstm_20231127, transformer_latin_seg_tflite_20231010_zip, scribe_latin_20231123_recospec_zip, en_us_20230613_compact_fst_zip] got for superpack: handwriting_recognition
03-18 23:04:50.607  1858 16561 I HandwritingOnlineSuperpacks: HandwritingOnlineSuperpacks.syncInternal():187 syncInternal(): syncing packs
03-18 23:04:50.607  1858 16816 I MDDSuperpacks: MDDSuperpacks$2.onSuccess():274 Sync success for handwriting_recognition with result: {old=[en_us_20230613_compact_fst_zip, pack_mapping_v1_lstm_20231127, qrnn_en_us_reco_20231010_fst_20230613_recospec_zip, scribe_latin_20231123_recospec_zip, scribe_latin_20231123_tflite_zip, transformer_latin_conf_tflite_20231010_zip, transformer_latin_seg_tflite_20231010_zip, transformer_latin_tflite_20231010_zip], new=[en_us_20230613_compact_fst_zip, pack_mapping_v1_lstm_20231127, qrnn_en_us_reco_20231010_fst_20230613_recospec_zip, scribe_latin_20231123_recospec_zip, scribe_latin_20231123_tflite_zip, transformer_latin_conf_tflite_20231010_zip, transformer_latin_seg_tflite_20231010_zip, transformer_latin_tflite_20231010_zip], metadata=false, last batch=true}
03-18 23:04:50.607  1858 16561 I HandwritingOnlineSuperpacks: HandwritingOnlineSuperpacks$2.onSyncSuccess():225 syncInternal(): complete {old=[en_us_20230613_compact_fst_zip, pack_mapping_v1_lstm_20231127, qrnn_en_us_reco_20231010_fst_20230613_recospec_zip, scribe_latin_20231123_recospec_zip, scribe_latin_20231123_tflite_zip, transformer_latin_conf_tflite_20231010_zip, transformer_latin_seg_tflite_20231010_zip, transformer_latin_tflite_20231010_zip], new=[en_us_20230613_compact_fst_zip, pack_mapping_v1_lstm_20231127, qrnn_en_us_reco_20231010_fst_20230613_recospec_zip, scribe_latin_20231123_recospec_zip, scribe_latin_20231123_tflite_zip, transformer_latin_conf_tflite_20231010_zip, transformer_latin_seg_tflite_20231010_zip, transformer_latin_tflite_20231010_zip], metadata=false, last batch=true}
03-18 23:04:50.608  1858 16561 I MDDSuperpacks: MDDSuperpacks.getPacks():548 getting packs for superpack: handwriting_recognition
03-18 23:04:50.639  1858 16561 I MDDSuperpacks: MDDSuperpacks.getPacks():548 getting packs for superpack: handwriting_recognition
03-18 23:04:50.639  1858 16579 I MDDSuperpacks: MDDSuperpacks$3.onSuccess():558 packs [transformer_latin_tflite_20231010_zip, scribe_latin_20231123_tflite_zip, qrnn_en_us_reco_20231010_fst_20230613_recospec_zip, transformer_latin_conf_tflite_20231010_zip, pack_mapping_v1_lstm_20231127, transformer_latin_seg_tflite_20231010_zip, scribe_latin_20231123_recospec_zip, en_us_20230613_compact_fst_zip] got for superpack: handwriting_recognition
03-18 23:04:50.659  1858 16561 I MDDSuperpacks: MDDSuperpacks.getPacks():548 getting packs for superpack: handwriting_recognition_offline
03-18 23:04:50.659  1858 16816 I MDDSuperpacks: MDDSuperpacks$3.onSuccess():558 packs [transformer_latin_tflite_20231010_zip, scribe_latin_20231123_tflite_zip, qrnn_en_us_reco_20231010_fst_20230613_recospec_zip, transformer_latin_conf_tflite_20231010_zip, pack_mapping_v1_lstm_20231127, transformer_latin_seg_tflite_20231010_zip, scribe_latin_20231123_recospec_zip, en_us_20230613_compact_fst_zip] got for superpack: handwriting_recognition
03-18 23:04:50.660  1858 16579 W MDDSuperpacks: MDDSuperpacks.constructPackSet():578 file group is empty
03-18 23:04:50.660  1858 16816 I MDDSuperpacks: MDDSuperpacks$3.onSuccess():558 packs [] got for superpack: handwriting_recognition_offline
03-18 23:04:50.661  1858 16562 E HandwritingSuperpacksUtil: HandwritingSuperpacksUtil.getPackMappingPackName():40 No pack mapping pack found in []
03-18 23:04:50.661  1858 16562 I HandwritingSuperpacks: HandwritingSuperpacks.reloadCache():237 updatePackMappingsCache(): pack mapping pack unavailable [OFFLINE]
03-18 23:04:50.662  1858 16563 I MDDSuperpacks: MDDSuperpacks.getPacks():548 getting packs for superpack: handwriting_recognition
03-18 23:04:50.672  1858 16563 I MDDSuperpacks: MDDSuperpacks.getPacks():548 getting packs for superpack: handwriting_recognition
03-18 23:04:50.675  1858 16579 I MDDSuperpacks: MDDSuperpacks$3.onSuccess():558 packs [transformer_latin_tflite_20231010_zip, scribe_latin_20231123_tflite_zip, qrnn_en_us_reco_20231010_fst_20230613_recospec_zip, transformer_latin_conf_tflite_20231010_zip, pack_mapping_v1_lstm_20231127, transformer_latin_seg_tflite_20231010_zip, scribe_latin_20231123_recospec_zip, en_us_20230613_compact_fst_zip] got for superpack: handwriting_recognition
03-18 23:04:50.684  1858 16578 I MDDSuperpacks: MDDSuperpacks$3.onSuccess():558 packs [transformer_latin_tflite_20231010_zip, scribe_latin_20231123_tflite_zip, qrnn_en_us_reco_20231010_fst_20230613_recospec_zip, transformer_latin_conf_tflite_20231010_zip, pack_mapping_v1_lstm_20231127, transformer_latin_seg_tflite_20231010_zip, scribe_latin_20231123_recospec_zip, en_us_20230613_compact_fst_zip] got for superpack: handwriting_recognition
03-18 23:04:50.796   717  2732 D CoreBackPreview: Window{286dc59 u0 com.example.lab2/com.example.lab2.MainActivity}: Setting back callback OnBackInvokedCallbackInfo{mCallback=android.window.IOnBackInvokedCallback$Stub$Proxy@ef66548, mPriority=0, mIsAnimationCallback=true, mOverrideBehavior=0}
03-18 23:04:50.815   717  3708 W AS.PlaybackActivityMon: No piid assigned for invalid/internal port id 15
03-18 23:04:50.848   717  1545 V GrammaticalInflectionUtils: AttributionSource: android.content.AttributionSource@a5839f86 does not have READ_SYSTEM_GRAMMATICAL_GENDER permission.
03-18 23:04:50.853   717  1545 W OptProp : Cannot read opt property android.window.PROPERTY_COMPAT_ALLOW_USER_ASPECT_RATIO_OVERRIDE
03-18 23:04:50.854   717  1545 W OptProp : Cannot read opt property android.window.PROPERTY_COMPAT_ALLOW_USER_ASPECT_RATIO_FULLSCREEN_OVERRIDE
03-18 23:04:50.855   717  1545 W OptProp : Cannot read opt property android.window.PROPERTY_COMPAT_ALLOW_RESIZEABLE_ACTIVITY_OVERRIDES
03-18 23:04:50.855   717  1545 W OptProp : Cannot read opt property android.window.PROPERTY_COMPAT_ALLOW_MIN_ASPECT_RATIO_OVERRIDE
03-18 23:04:50.868   717  1545 W OptProp : Cannot read opt property android.window.PROPERTY_COMPAT_ALLOW_ORIENTATION_OVERRIDE
03-18 23:04:50.880   717  1545 I ActivityTaskManager: START u0 {xflg=0x4 cmp=com.example.lab2/.SecondActivity (has extras)} with LAUNCH_MULTIPLE from uid 10217 (sr=234309413) (BAL_ALLOW_VISIBLE_WINDOW) result code=0
03-18 23:04:50.886   544   855 I BpBinder: onLastStrongRef automatically unlinking death recipients: 
03-18 23:04:50.898  8979  9000 V WindowManagerShell: Transition requested (#127): android.os.BinderProxy@1b0c1f4 TransitionRequestInfo { type = OPEN, triggerTask = TaskInfo{userId=0 taskId=41 effectiveUid=10217 displayId=0 isRunning=true baseIntent=Intent { act=android.intent.action.MAIN cat=[android.intent.category.LAUNCHER] flg=0x10000000 cmp=com.example.lab2/.MainActivity } baseActivity=ComponentInfo{com.example.lab2/com.example.lab2.MainActivity} topActivity=ComponentInfo{com.example.lab2/com.example.lab2.SecondActivity} origActivity=null realActivity=ComponentInfo{com.example.lab2/com.example.lab2.MainActivity} numActivities=2 lastActiveTime=7277746 supportsMultiWindow=true resizeMode=1 isResizeable=true minWidth=-1 minHeight=-1 defaultMinSize=220 token=WCT{android.window.IWindowContainerToken$Stub$Proxy@a131d1d} topActivityType=1 pictureInPictureParams=null shouldDockBigOverlays=false launchIntoPipHostTaskId=-1 lastParentTaskIdBeforePip=-1 displayCutoutSafeInsets=Rect(0, 0 - 0, 0) topActivityInfo=ActivityInfo{e706b92 com.example.lab2.SecondActivity} launchCookies=[] positionInParent=Point(0, 0) parentTaskId=-1 isFocused=true isVisible=true isVisibleRequested=true isTopActivityNoDisplay=false isSleeping=false locusId=null displayAreaFeatureId=1 isTopActivityTransparent=false isActivityStackTransparent=false lastNonFullscreenBounds=Rect(278, 711 - 803, 1791) capturedLink=null capturedLinkTimestamp=0 requestedVisibleTypes=-9 topActivityRequestOpenInBrowserEducationTimestamp=0 appCompatTaskInfo=AppCompatTaskInfo { topActivityInSizeCompat=false eligibleForLetterboxEducation= false isLetterboxEducationEnabled= true isLetterboxDoubleTapEnabled= false eligibleForUserAspectRatioButton= false topActivityBoundsLetterboxed= false isFromLetterboxDoubleTap= false topActivityLetterboxVerticalPosition= -1 topActivityLetterboxHorizontalPosition= -1 topActivityLetterboxWidth=-1 topActivityLetterboxHeight=-1 topActivityAppBounds=Rect(0, 0 - 1080, 2424) isUserFullscreenOverrideEnabled=false isSystemFullscreenOverrideEnabled=false hasMinAspectRatioOverride=false topActivityLetterboxBounds=null cameraCompatTaskInfo=CameraCompatTaskInfo { freeformCameraCompatMode=inactive}} topActivityMainWindowFrame=null}, pipChange = null, remoteTransition = null, displayChange = null, flags = 0, debugId = 127 }
03-18 23:04:50.899  8979  9000 D ShellSplitScreen: logExit: no-op, mLoggerSessionId is null
03-18 23:04:50.907   540   643 D AudioFlinger: mixer(0x7df589f80770) throttle end: throttle time(33)
03-18 23:04:50.927   544   544 I BpBinder: onLastStrongRef automatically unlinking death recipients: 
03-18 23:04:50.948   717  1249 D BackgroundInstallControlService: Package event received: 0
03-18 23:04:50.956   717  1545 W OptProp : Cannot read opt property android.window.PROPERTY_COMPAT_ENABLE_FAKE_FOCUS
03-18 23:04:50.965   717  1249 D BackgroundInstallControlService: Package event received: 0
03-18 23:04:50.966   717  1249 D BackgroundInstallControlService: Package event received: 0
03-18 23:04:50.998 16900 16900 D AppCompatDelegate: Checking for metadata for AppLocalesMetadataHolderService : Service not found
03-18 23:04:50.999 16900 16900 I om.example.lab2: AssetManager2(0x7e3aa856b858) locale list changing from [] to [en-US]
03-18 23:04:51.002 16900 16900 I om.example.lab2: AssetManager2(0x7e3aa8566d58) locale list changing from [] to [en-US]
03-18 23:04:51.099   478 16937 W android.hardware.audio@7.1-impl.ranchu: pcmWrite:259 pcm_writei failed with 'cannot read/write stream data: I/O error' (-1)
03-18 23:04:51.099   478 16937 E android.hardware.audio@7.1-impl.ranchu: pcmWrite:260 failure: -1
03-18 23:04:51.113 16900 16900 I om.example.lab2: hiddenapi: Accessing hidden method Landroid/view/ViewGroup;->makeOptionalFitsSystemWindows()V (runtime_flags=0, domain=platform, api=unsupported) from Landroidx/appcompat/widget/ViewUtils; (domain=app) using reflection: allowed
03-18 23:04:51.178 16900 16900 W HWUI    : Image decoding logging dropped!
03-18 23:04:51.180 16900 16900 W HWUI    : Image decoding logging dropped!
03-18 23:04:51.186 16900 16900 W HWUI    : Image decoding logging dropped!
03-18 23:04:51.462   717  2498 D CoreBackPreview: Window{21d0a19 u0 com.example.lab2/com.example.lab2.SecondActivity}: Setting back callback OnBackInvokedCallbackInfo{mCallback=android.window.IOnBackInvokedCallback$Stub$Proxy@faa44bf, mPriority=-1, mIsAnimationCallback=false, mOverrideBehavior=0}
03-18 23:04:51.469  1492  1784 D SatelliteController: iisInCarrierRoamingNbIotNtn: satellite is disabled
03-18 23:04:51.517  8979  9000 D WindowManagerShell: onKeepClearAreasChanged: restricted={}, unrestricted={}
03-18 23:04:51.597  8979  9000 D WindowManagerShell: onKeepClearAreasChanged: restricted={}, unrestricted={Rect(0, 1541 - 1080, 2424)}
03-18 23:04:51.640   717   752 I ImeTracker: system_server:50d14370: onRequestShow at ORIGIN_SERVER reason CONTROLS_CHANGED fromUser false
03-18 23:04:51.696   478 16937 W android.hardware.audio@7.1-impl.ranchu: pcmWrite:259 pcm_writei failed with 'cannot read/write stream data: I/O error' (-1)
03-18 23:04:51.696   478 16937 E android.hardware.audio@7.1-impl.ranchu: pcmWrite:260 failure: -1
03-18 23:04:51.799   478 16937 W android.hardware.audio@7.1-impl.ranchu: pcmWrite:259 pcm_writei failed with 'cannot read/write stream data: I/O error' (-1)
03-18 23:04:51.799   478 16937 E android.hardware.audio@7.1-impl.ranchu: pcmWrite:260 failure: -1
03-18 23:04:51.898   717  3546 E TaskPersister: File error accessing recents directory (directory doesn't exist?).
03-18 23:04:51.915   478 16937 W android.hardware.audio@7.1-impl.ranchu: pcmWrite:259 pcm_writei failed with 'cannot read/write stream data: I/O error' (-1)
03-18 23:04:51.916   478 16937 E android.hardware.audio@7.1-impl.ranchu: pcmWrite:260 failure: -1
03-18 23:04:52.021   478 16937 W android.hardware.audio@7.1-impl.ranchu: pcmWrite:259 pcm_writei failed with 'cannot read/write stream data: I/O error' (-1)
03-18 23:04:52.021   478 16937 E android.hardware.audio@7.1-impl.ranchu: pcmWrite:260 failure: -1
03-18 23:04:52.127   478 16937 W android.hardware.audio@7.1-impl.ranchu: pcmWrite:259 pcm_writei failed with 'cannot read/write stream data: I/O error' (-1)
03-18 23:04:52.127   478 16937 E android.hardware.audio@7.1-impl.ranchu: pcmWrite:260 failure: -1
03-18 23:04:52.235   478 16937 W android.hardware.audio@7.1-impl.ranchu: pcmWrite:259 pcm_writei failed with 'cannot read/write stream data: I/O error' (-1)
03-18 23:04:52.235   478 16937 E android.hardware.audio@7.1-impl.ranchu: pcmWrite:260 failure: -1
03-18 23:04:52.339   478 16937 W android.hardware.audio@7.1-impl.ranchu: pcmWrite:259 pcm_writei failed with 'cannot read/write stream data: I/O error' (-1)
03-18 23:04:52.339   478 16937 E android.hardware.audio@7.1-impl.ranchu: pcmWrite:260 failure: -1
03-18 23:04:52.422   717   748 I ActivityTaskManager: Displayed com.example.lab2/.SecondActivity for user 0: +1s582ms
03-18 23:04:52.421  8979  9290 V WindowManagerShell: onTransitionReady(transaction=3079491556773)
03-18 23:04:52.422  8979  9000 V WindowManagerShell: onTransitionReady (#127) android.os.BinderProxy@1b0c1f4: {id=127 t=OPEN f=0x0 trk=0 r=[0@Point(0, 0)] c=[
03-18 23:04:52.422  8979  9000 V WindowManagerShell:         {m=OPEN f=FILLS_TASK leash=Surface(name=ActivityRecord{124317958 u0 com.example.lab2/.SecondActivity)/@0xb907963 sb=Rect(0, 0 - 0, 0) eb=Rect(0, 0 - 1080, 2424) epz=Point(1080, 2424) d=-1->0 r=-1->0:-1 bc=ffffffff component=com.example.lab2/.SecondActivity opt={t=FROM_STYLE mUserId=0}},
03-18 23:04:52.422  8979  9000 V WindowManagerShell:         {m=TO_BACK f=FILLS_TASK leash=Surface(name=ActivityRecord{234309413 u0 com.example.lab2/.MainActivity)/@0x7120960 sb=Rect(0, 0 - 1080, 2424) eb=Rect(0, 0 - 1080, 2424) epz=Point(1080, 2424) d=0 bc=ffffffff component=com.example.lab2/.MainActivity opt={t=FROM_STYLE mUserId=0}}
03-18 23:04:52.422  8979  9000 V WindowManagerShell:     ]}
03-18 23:04:52.422  8979  9000 V WindowManagerShell: Playing animation for (#127) android.os.BinderProxy@1b0c1f4@0
03-18 23:04:52.422  8979  9000 V ShellRecents: RecentsTransitionHandler.startAnimation: no controller found
03-18 23:04:52.422  8979  9000 V WindowManagerShell: Transition doesn't have explicit remote, search filters for match for {id=127 t=OPEN f=0x0 trk=0 r=[0@Point(0, 0)] c=[{m=OPEN f=FILLS_TASK leash=Surface(name=ActivityRecord{124317958 u0 com.example.lab2/.SecondActivity)/@0xb907963 sb=Rect(0, 0 - 0, 0) eb=Rect(0, 0 - 1080, 2424) epz=Point(1080, 2424) d=-1->0 r=-1->0:-1 bc=ffffffff component=com.example.lab2/.SecondActivity opt={t=FROM_STYLE mUserId=0}},{m=TO_BACK f=FILLS_TASK leash=Surface(name=ActivityRecord{234309413 u0 com.example.lab2/.MainActivity)/@0x7120960 sb=Rect(0, 0 - 1080, 2424) eb=Rect(0, 0 - 1080, 2424) epz=Point(1080, 2424) d=0 bc=ffffffff component=com.example.lab2/.MainActivity opt={t=FROM_STYLE mUserId=0}}]}
03-18 23:04:52.422  8979  9000 V WindowManagerShell:  Checking filter Pair{{types=[] flags=0x0] notFlags=0x0 checks=[{atype=undefined independent=true modes=[CLOSE,TO_BACK] flags=IN_TASK_WITH_EMBEDDED_ACTIVITY mustBeTask=false order=ANY topActivity=null launchCookie=null taskFragmentToken=android.os.BinderProxy@7266a3e windowingMode=undefined}]} RemoteTransition { remoteTransition = android.window.IRemoteTransition$Stub$Proxy@9ae509f, appThread = android.app.IApplicationThread$Stub$Proxy@5c2f5ec, debugName = overlayBackTransition }}
03-18 23:04:52.422  8979  9000 V WindowManagerShell:  Checking filter Pair{{types=[] flags=0x0] notFlags=0x0 checks=[{atype=dream independent=true modes=[OPEN,TO_FRONT] flags=NONE mustBeTask=false order=ANY topActivity=null launchCookie=null windowingMode=undefined},{atype=home independent=true modes=[CLOSE,TO_BACK] flags=NONE mustBeTask=false order=ANY topActivity=null launchCookie=null windowingMode=undefined}]} RemoteTransition { remoteTransition = android.window.IRemoteTransition$Stub$Proxy@ab157bb, appThread = android.app.IApplicationThread$Stub$Proxy@bdf84d8, debugName = LauncherToDream }}
03-18 23:04:52.422  8979  9000 V WindowManagerShell:  Checking filter Pair{{types=[] flags=0x0] notFlags=0x100 checks=[{atype=home independent=true modes=[OPEN,TO_FRONT] flags=NONE mustBeTask=false order=TOP topActivity=ComponentInfo{com.google.android.apps.nexuslauncher/com.google.android.apps.nexuslauncher.NexusLauncherActivity} launchCookie=null windowingMode=undefined},{atype=standard independent=true modes=[CLOSE,TO_BACK] flags=NONE mustBeTask=false order=ANY topActivity=null launchCookie=null windowingMode=undefined},{NOT atype=undefined independent=true modes=[] flags=NONE mustBeTask=true order=ANY topActivity=null launchCookie=null customAnim=true windowingMode=undefined}]} RemoteTransition { remoteTransition = android.window.IRemoteTransition$Stub$Proxy@9238316, appThread = android.app.IApplicationThread$Stub$Proxy@f13b497, debugName = QuickstepLaunchHome }}
03-18 23:04:52.422  8979  9000 V WindowManagerShell:  Delegate animation for (#127) to null
03-18 23:04:52.422  8979  9000 V WindowManagerShell: start default transition animation, info = {id=127 t=OPEN f=0x0 trk=0 r=[0@Point(0, 0)] c=[{m=OPEN f=FILLS_TASK leash=Surface(name=ActivityRecord{124317958 u0 com.example.lab2/.SecondActivity)/@0xb907963 sb=Rect(0, 0 - 0, 0) eb=Rect(0, 0 - 1080, 2424) epz=Point(1080, 2424) d=-1->0 r=-1->0:-1 bc=ffffffff component=com.example.lab2/.SecondActivity opt={t=FROM_STYLE mUserId=0}},{m=TO_BACK f=FILLS_TASK leash=Surface(name=ActivityRecord{234309413 u0 com.example.lab2/.MainActivity)/@0x7120960 sb=Rect(0, 0 - 1080, 2424) eb=Rect(0, 0 - 1080, 2424) epz=Point(1080, 2424) d=0 bc=ffffffff component=com.example.lab2/.MainActivity opt={t=FROM_STYLE mUserId=0}}]}
03-18 23:04:52.423  8979  9000 V WindowManagerShell: loadAnimation: anim=android.view.animation.AnimationSet@97e5b8c animAttr=0x5 type=OPEN isEntrance=false
03-18 23:04:52.423  8979  9000 V WindowManagerShell: loadAnimation: anim=android.view.animation.AnimationSet@47ba478 animAttr=0x4 type=OPEN isEntrance=true
03-18 23:04:52.424  8979  9000 V WindowManagerShell:  animated by com.android.wm.shell.transition.DefaultTransitionHandler@4204700
03-18 23:04:52.440   717   748 V WindowManager: Sent Transition (#127) createdAt=03-18 23:04:50.858 via request=TransitionRequestInfo { type = OPEN, triggerTask = TaskInfo{userId=0 taskId=41 effectiveUid=10217 displayId=0 isRunning=true baseIntent=Intent { act=android.intent.action.MAIN cat=[android.intent.category.LAUNCHER] flg=0x10000000 cmp=com.example.lab2/.MainActivity } baseActivity=ComponentInfo{com.example.lab2/com.example.lab2.MainActivity} topActivity=ComponentInfo{com.example.lab2/com.example.lab2.SecondActivity} origActivity=null realActivity=ComponentInfo{com.example.lab2/com.example.lab2.MainActivity} numActivities=2 lastActiveTime=7277746 supportsMultiWindow=true resizeMode=1 isResizeable=true minWidth=-1 minHeight=-1 defaultMinSize=220 token=WCT{RemoteToken{c87504d Task{594c0fa #41 type=standard A=10217:com.example.lab2}}} topActivityType=1 pictureInPictureParams=null shouldDockBigOverlays=false launchIntoPipHostTaskId=-1 lastParentTaskIdBeforePip=-1 displayCutoutSafeInsets=Rect(0, 0 - 0, 0) topActivityInfo=ActivityInfo{88d5c24 com.example.lab2.SecondActivity} launchCookies=[] positionInParent=Point(0, 0) parentTaskId=-1 isFocused=true isVisible=true isVisibleRequested=true isTopActivityNoDisplay=false isSleeping=false locusId=null displayAreaFeatureId=1 isTopActivityTransparent=false isActivityStackTransparent=false lastNonFullscreenBounds=Rect(278, 711 - 803, 1791) capturedLink=null capturedLinkTimestamp=0 requestedVisibleTypes=-9 topActivityRequestOpenInBrowserEducationTimestamp=0 appCompatTaskInfo=AppCompatTaskInfo { topActivityInSizeCompat=false eligibleForLetterboxEducation= false isLetterboxEducationEnabled= true isLetterboxDoubleTapEnabled= false eligibleForUserAspectRatioButton= false topActivityBoundsLetterboxed= false isFromLetterboxDoubleTap= false topActivityLetterboxVerticalPosition= -1 topActivityLetterboxHorizontalPosition= -1 topActivityLetterboxWidth=-1 topActivityLetterboxHeight=-1 topActivityAppBounds=Rect(0, 0 - 1080, 2424) isUserFullscreenOverrideEnabled=false isSystemFullscreenOverrideEnabled=false hasMinAspectRatioOverride=false topActivityLetterboxBounds=null cameraCompatTaskInfo=CameraCompatTaskInfo { freeformCameraCompatMode=inactive}} topActivityMainWindowFrame=null}, pipChange = null, remoteTransition = null, displayChange = null, flags = 0, debugId = 127 }
03-18 23:04:52.440   717   748 V WindowManager:     startWCT=WindowContainerTransaction { changes= {} hops= [] errorCallbackToken=null taskFragmentOrganizer=null }
03-18 23:04:52.440   717   748 V WindowManager:     info={id=127 t=OPEN f=0x0 trk=0 r=[0@Point(0, 0)] c=[
03-18 23:04:52.440   717   748 V WindowManager:         {m=OPEN f=FILLS_TASK leash=Surface(name=ActivityRecord{124317958 u0 com.example.lab2/.SecondActivity)/@0xd3ce351 sb=Rect(0, 0 - 0, 0) eb=Rect(0, 0 - 1080, 2424) epz=Point(1080, 2424) d=-1->0 r=-1->0:-1 bc=ffffffff component=com.example.lab2/.SecondActivity opt={t=FROM_STYLE mUserId=0}},
03-18 23:04:52.440   717   748 V WindowManager:         {m=TO_BACK f=FILLS_TASK leash=Surface(name=ActivityRecord{234309413 u0 com.example.lab2/.MainActivity)/@0xb150f2 sb=Rect(0, 0 - 1080, 2424) eb=Rect(0, 0 - 1080, 2424) epz=Point(1080, 2424) d=0 bc=ffffffff component=com.example.lab2/.MainActivity opt={t=FROM_STYLE mUserId=0}}
03-18 23:04:52.440   717   748 V WindowManager:     ]}
03-18 23:04:52.450 16900 16914 I HWUI    : Davey! duration=1419ms; Flags=1, FrameTimelineVsyncId=241521, IntendedVsync=7277845060881, Vsync=7278278394197, InputEventId=0, HandleInputStart=7278284362321, AnimationStart=7278284365471, PerformTraversalsStart=7278284738061, DrawStart=7278523784598, FrameDeadline=7277861727547, FrameStartTime=7278284108291, FrameInterval=16666666, WorkloadTarget=16666666, SyncQueued=7278568803426, SyncStart=7278582665751, IssueDrawCommandsStart=7278583146324, SwapBuffers=7279169370680, FrameCompleted=7279278609234, DequeueBufferDuration=3240, QueueBufferDuration=292638, GpuCompleted=7279278559657, SwapBuffersCompleted=7279278609234, DisplayPresentTime=0, CommandSubmissionCompleted=7279169370680, 
03-18 23:04:52.450   478 16937 W android.hardware.audio@7.1-impl.ranchu: pcmWrite:259 pcm_writei failed with 'cannot read/write stream data: I/O error' (-1)
03-18 23:04:52.450   478 16937 E android.hardware.audio@7.1-impl.ranchu: pcmWrite:260 failure: -1
03-18 23:04:52.458 16900 16900 W WindowOnBackDispatcher: sendCancelIfRunning: isInProgress=false callback=android.widget.PopupWindow$PopupDecorView$$ExternalSyntheticLambda1@6ea2905
03-18 23:04:52.492   717  2498 D CoreBackPreview: Window{8944656 u0 PopupWindow:c6fba4e}: Setting back callback null
03-18 23:04:52.557 16900 16900 I Choreographer: Skipped 64 frames!  The application may be doing too much work on its main thread.
03-18 23:04:52.579   478 16937 W android.hardware.audio@7.1-impl.ranchu: pcmWrite:259 pcm_writei failed with 'cannot read/write stream data: I/O error' (-1)
03-18 23:04:52.579   478 16937 E android.hardware.audio@7.1-impl.ranchu: pcmWrite:260 failure: -1
03-18 23:04:52.700   478 16937 W android.hardware.audio@7.1-impl.ranchu: pcmWrite:259 pcm_writei failed with 'cannot read/write stream data: I/O error' (-1)
03-18 23:04:52.700   478 16937 E android.hardware.audio@7.1-impl.ranchu: pcmWrite:260 failure: -1
03-18 23:04:52.807   478 16937 W android.hardware.audio@7.1-impl.ranchu: pcmWrite:259 pcm_writei failed with 'cannot read/write stream data: I/O error' (-1)
03-18 23:04:52.807   478 16937 E android.hardware.audio@7.1-impl.ranchu: pcmWrite:260 failure: -1
03-18 23:04:52.881  8979  9000 V WindowManagerShell: Transition animation finished (aborted=false), notifying core (#127) android.os.BinderProxy@1b0c1f4@0
03-18 23:04:52.887   717   748 V WindowManager: Finish Transition (#127): created at 03-18 23:04:50.858 collect-started=0.081ms request-sent=21.568ms started=42.831ms ready=103.118ms sent=1562.956ms commit=6.613ms finished=2027.819ms
03-18 23:04:52.892  8979  9000 V WindowManagerShell: Track 0 became idle
03-18 23:04:52.893  8979  9000 V WindowManagerShell: All active transition animations finished
03-18 23:04:52.896 16900 16900 I ImeTracker: system_server:50d14370: onCancelled at PHASE_CLIENT_ON_CONTROLS_CHANGED
03-18 23:04:52.911   478 16937 W android.hardware.audio@7.1-impl.ranchu: pcmWrite:259 pcm_writei failed with 'cannot read/write stream data: I/O error' (-1)
03-18 23:04:52.911   478 16937 E android.hardware.audio@7.1-impl.ranchu: pcmWrite:260 failure: -1
03-18 23:04:52.913 16900 16914 I HWUI    : Davey! duration=1127ms; Flags=0, FrameTimelineVsyncId=241761, IntendedVsync=7278345060861, Vsync=7279411727485, InputEventId=0, HandleInputStart=7279429964755, AnimationStart=7279429966995, PerformTraversalsStart=7279430296503, DrawStart=7279430429346, FrameDeadline=7279311727489, FrameStartTime=7279425856476, FrameInterval=16666666, WorkloadTarget=16666666, SyncQueued=7279431271388, SyncStart=7279696621793, IssueDrawCommandsStart=7279696752697, SwapBuffers=7279698049026, FrameCompleted=7279737969771, DequeueBufferDuration=15840, QueueBufferDuration=3247465, GpuCompleted=7279737969771, SwapBuffersCompleted=7279734195046, DisplayPresentTime=0, CommandSubmissionCompleted=7279698049026, 
03-18 23:04:52.977 16900 16900 D VRI[MainActivity]: visibilityChanged oldVisibility=true newVisibility=false
03-18 23:04:52.980 16900 16900 I AutofillManager: onInvisibleForAutofill(): expiringResponse
03-18 23:04:52.981   717  1545 W PresentationStatsEventLogger: Shouldn't be logging AutofillPresentationEventReported again for same event
03-18 23:04:52.985 16900 16900 W WindowOnBackDispatcher: sendCancelIfRunning: isInProgress=false callback=android.view.ImeBackAnimationController@9d42dd
03-18 23:04:52.988   717  1545 D CoreBackPreview: Window{286dc59 u0 com.example.lab2/com.example.lab2.MainActivity}: Setting back callback OnBackInvokedCallbackInfo{mCallback=android.window.IOnBackInvokedCallback$Stub$Proxy@e167745, mPriority=-1, mIsAnimationCallback=false, mOverrideBehavior=0}
03-18 23:04:52.989   717  1545 D CoreBackPreview: Window{21d0a19 u0 com.example.lab2/com.example.lab2.SecondActivity}: Setting back callback OnBackInvokedCallbackInfo{mCallback=android.window.IOnBackInvokedCallback$Stub$Proxy@c45fe9a, mPriority=0, mIsAnimationCallback=true, mOverrideBehavior=0}
03-18 23:04:52.990   717   958 I ImeTracker: com.example.lab2:5a87888b: onRequestHide at ORIGIN_SERVER reason HIDE_UNSPECIFIED_WINDOW fromUser false
03-18 23:04:52.994  1858  1858 I GoogleInputMethodService: GoogleInputMethodService.onFinishInputView():1524 
03-18 23:04:52.994  1858  1858 I GlobeKeyExtension: GlobeKeyExtension.onDeactivate():104 
03-18 23:04:52.994   717  1545 I ImeTracker: system_server:d21c5ef1: onRequestShow at ORIGIN_SERVER reason CONTROLS_CHANGED fromUser false
03-18 23:04:52.994  1858  1858 I VoiceInputManagerWrapper: VoiceInputManagerWrapper.shutdown():122 shutdown()
03-18 23:04:52.995  1858  1858 W TooltipLifecycleManager: TooltipLifecycleManager.dismissTooltips():154 Tooltip with id spell_check_add_to_dictionary not found in tooltipManager.
03-18 23:04:52.995 16900 16900 I ImeTracker: system_server:d21c5ef1: onCancelled at PHASE_CLIENT_ON_CONTROLS_CHANGED
03-18 23:04:52.995   717  2732 I ImeTracker: system_server:3bba5080: onRequestHide at ORIGIN_SERVER reason IME_REQUESTED_CHANGED_LISTENER fromUser false
03-18 23:04:52.996  1858  1858 I AndroidIME: AbstractIme.onDeactivate():203 PasswordIme.onDeactivate()
03-18 23:04:52.998  1858  1858 I GoogleInputMethodService: GoogleInputMethodService.onFinishInput():2043 
03-18 23:04:53.001 16900 16900 D InsetsController: hide(ime(), fromIme=false)
03-18 23:04:53.001 16900 16900 I ImeTracker: com.example.lab2:5a87888b: onCancelled at PHASE_CLIENT_ALREADY_HIDDEN
03-18 23:04:53.003  8979  9000 D WindowManagerShell: onKeepClearAreasChanged: restricted={}, unrestricted={}
03-18 23:04:53.006   717  1249 D BackgroundInstallControlService: Package event received: 0
03-18 23:04:53.009   717  1545 W IPCThreadState: Sending oneway calls to frozen process.
03-18 23:04:53.010   717  1545 W IPCThreadState: Sending oneway calls to frozen process.
03-18 23:04:53.010   717  1545 W IPCThreadState: Sending oneway calls to frozen process.
03-18 23:04:53.010   717  1545 W IPCThreadState: Sending oneway calls to frozen process.
03-18 23:04:53.010   717  1545 W IPCThreadState: Sending oneway calls to frozen process.
03-18 23:04:53.010   717  1545 W IPCThreadState: Sending oneway calls to frozen process.
03-18 23:04:53.010   717  1545 W IPCThreadState: Sending oneway calls to frozen process.
03-18 23:04:53.010   717  1545 W IPCThreadState: Sending oneway calls to frozen process.
03-18 23:04:53.010   717  1545 W IPCThreadState: Sending oneway calls to frozen process.
03-18 23:04:53.011   717  1545 W IPCThreadState: Sending oneway calls to frozen process.
03-18 23:04:53.011   717  1545 W IPCThreadState: Sending oneway calls to frozen process.
03-18 23:04:53.011   717  1545 W IPCThreadState: Sending oneway calls to frozen process.
03-18 23:04:53.011   717  1545 W IPCThreadState: Sending oneway calls to frozen process.
03-18 23:04:53.011   717  1545 W IPCThreadState: Sending oneway calls to frozen process.
03-18 23:04:53.011   717  1545 W IPCThreadState: Sending oneway calls to frozen process.
03-18 23:04:53.011   717  1545 W IPCThreadState: Sending oneway calls to frozen process.
03-18 23:04:53.011   717  1545 W IPCThreadState: Sending oneway calls to frozen process.
03-18 23:04:53.011   717  1545 W IPCThreadState: Sending oneway calls to frozen process.
03-18 23:04:53.011   717  1545 W IPCThreadState: Sending oneway calls to frozen process.
03-18 23:04:53.011   717  1545 W IPCThreadState: Sending oneway calls to frozen process.
03-18 23:04:53.011   717  1545 W IPCThreadState: Sending oneway calls to frozen process.
03-18 23:04:53.011   717  1545 W IPCThreadState: Sending oneway calls to frozen process.
03-18 23:04:53.016   717  1545 W ProcessStats: Tracking association SourceState{ffdc113 com.android.vending/10145 ImpBg #14857} whose proc state 6 is better than process ProcessState{5afd4ca com.android.vending:background/10145 pkg=com.android.vending} proc state 15 (23 skipped)
03-18 23:04:53.019   478 16937 W android.hardware.audio@7.1-impl.ranchu: pcmWrite:259 pcm_writei failed with 'cannot read/write stream data: I/O error' (-1)
03-18 23:04:53.019   478 16937 E android.hardware.audio@7.1-impl.ranchu: pcmWrite:260 failure: -1
03-18 23:04:53.029 16900 16900 W RemoteInputConnectionImpl: requestCursorUpdates on inactive InputConnection
03-18 23:04:53.036  1858  1858 I Module  : DeviceLockedStatusModuleProvider$Module.updateDeviceLockedStatus():100 repeatCheckTimes = 0, locked = false
03-18 23:04:53.036  1858  1858 I GoogleInputMethodService: GoogleInputMethodService.onStartInput():1293 onStartInput(EditorInfo{EditorInfo{packageName=com.example.lab2, inputType=0, inputTypeString=NULL, enableLearning=false, autoCorrection=false, autoComplete=false, imeOptions=0, privateImeOptions=null, actionName=UNSPECIFIED, actionLabel=null, initialSelStart=-1, initialSelEnd=-1, initialCapsMode=0, label=null, fieldId=0, fieldName=null, extras=null, hintText=null, hintLocales=[]}}, false)
03-18 23:04:53.037  1858  1858 I HardKeyTracker: HardKeyTracker.registerKeySequence():138 Register key sequence lsr{labelResId=0, callback=fjq@14c681f, lastModifier=0, keyCodes=[57, 57], actions=[1, 0]}
03-18 23:04:53.037  1858  1858 I HardKeyTracker: HardKeyTracker.registerKeySequence():138 Register key sequence lsr{labelResId=0, callback=fjq@5a389ca, lastModifier=0, keyCodes=[58, 58], actions=[1, 0]}
03-18 23:04:53.038  1858  1858 I Module  : DeviceLockedStatusModuleProvider$Module.updateDeviceLockedStatus():100 repeatCheckTimes = 1, locked = false
03-18 23:04:53.038   717  1545 W PackageConfigPersister: App-specific configuration not found for packageName: com.example.lab2 and userId: 0
03-18 23:04:53.039  1858  1858 I GoogleInputMethodService: GoogleInputMethodService.onStartInputView():1392 onStartInputView(EditorInfo{EditorInfo{packageName=com.example.lab2, inputType=0, inputTypeString=NULL, enableLearning=false, autoCorrection=false, autoComplete=false, imeOptions=0, privateImeOptions=null, actionName=UNSPECIFIED, actionLabel=null, initialSelStart=-1, initialSelEnd=-1, initialCapsMode=0, label=null, fieldId=0, fieldName=null, extras=null, hintText=null, hintLocales=[]}}, false)
03-18 23:04:53.039  1858  1858 I KeyboardHeightUtil: KeyboardHeightUtil.getOemKeyboardHeightRatio():161 systemKeyboardHeightRatio:1.000000.
03-18 23:04:53.045   717   752 I ImeTracker: system_server:1699e8ed: onRequestShow at ORIGIN_SERVER reason CONTROLS_CHANGED fromUser false
03-18 23:04:53.103 16900 16900 W WindowOnBackDispatcher: sendCancelIfRunning: isInProgress=false callback=android.view.ImeBackAnimationController@c33a247
03-18 23:04:53.104   717  1545 D CoreBackPreview: Window{21d0a19 u0 com.example.lab2/com.example.lab2.SecondActivity}: Setting back callback OnBackInvokedCallbackInfo{mCallback=android.window.IOnBackInvokedCallback$Stub$Proxy@e99f5bb, mPriority=-1, mIsAnimationCallback=false, mOverrideBehavior=0}
03-18 23:04:53.105  1858  1858 I InputContextChangeTracker: InputContextChangeTracker.fixLyingSelectionRangeFromSurroundingText():1665 fixLyingSelectionRangeFromSurroundingText(): [-1, -1]([-1, -1]) -> [0, 0]([0, 0])
03-18 23:04:53.106 16900 16900 I ImeTracker: system_server:1699e8ed: onCancelled at PHASE_CLIENT_ON_CONTROLS_CHANGED
03-18 23:04:53.106  1858  1858 I AndroidIME: InputBundleManager.loadActiveInputBundleId():483 loadActiveInputBundleId: und-Latn-x-password, password
03-18 23:04:53.107  1858  1858 I AndroidIME: AbstractIme.onActivate():90 PasswordIme.onActivate() : EditorInfo = EditorInfo{packageName=com.example.lab2, inputType=0, inputTypeString=NULL, enableLearning=false, autoCorrection=false, autoComplete=false, imeOptions=0, privateImeOptions=null, actionName=UNSPECIFIED, actionLabel=null, initialSelStart=-1, initialSelEnd=-1, initialCapsMode=0, label=null, fieldId=0, fieldName=null, extras=null, hintText=null, hintLocales=[]}, IncognitoMode = false, DeviceLocked = false
03-18 23:04:53.107  1858  1858 I KeyboardWrapper: KeyboardWrapper.activateKeyboard():562 activateKeyboard(): type=prime, status=0, imeDef=kyj{stringId=password, language=und-Latn-x-password, languageTag=und-Latn-x-password, processedConditions={variant=qwerty, enable_access_points_in_password_number=false, enable_number_row=false, device=phone}, className=com.google.android.libraries.inputmethod.ime.password.PasswordIme, label=2132019061, keyEventInterpreter=null, inlineComposing=true, autoCapital=true, announceAutoSelectedCandidate=true, statusIcon=0, primeKeyboardType=SOFT, indicatorIcon=0, indicatorLabel=null, displayAppCompletions=false, extraValues=kyb{}, processors=lac@3ad80f7, unacceptableMetaKeys=4098, languageSpecificSettings=0, asciiCapable=false, alwaysShowSuggestions=false, useAsciiPasswordKeyboard=false, secondaryIme=null, keyboardGroupDef=kzl@4355b64, phenotypeFlagId=0, localizationLanguageTag=null, supportsInlineSuggestion=false}
03-18 23:04:53.107  1858  1858 I KeyboardManager: KeyboardManager.requestKeyboard():248 Creating keyboard prime, imeId=password, cacheKey=theme_!gsf_!pgsans_!pgsf_!use_system_font_BORDER=true_FLAVOR_DPI=XXHDPI_KEYBOARD_WIDTH_CATEGORY=NORMAL_LIGHT_THEME=true_PHYSICAL_DIAGONAL=6.0111027_SCREEN_SHORTEST_WIDTH=411_SCREEN_SHORTEST_WIDTH_NO_SCALE=411_bottom4dp_enable_google_fonts_icons=true_enable_popup_on_keypress=true_keyboard_redesign_google_sans=true_noshadow_overlay_builtin_dynamic_color_light_base.binarypb:gm3-light-fffaf8ff-ff495d92-82b625f90d810779661adb8ce93b5ac5_silkpopup_unify_function_key_color=true
03-18 23:04:53.109  1858  1858 I KeyboardWrapper: KeyboardWrapper.onKeyboardReady():212 onKeyboardReady(): type=prime(prime), kb=com.google.android.apps.inputmethod.latin.keyboard.LatinPasswordKeyboard@a668d7
03-18 23:04:53.109  1858  1858 I KeyboardWrapper: KeyboardWrapper.doActivateKeyboard():589 doActivateKeyboard(): prime
03-18 23:04:53.111  1858  1858 I KeyboardHeightUtil: KeyboardHeightUtil.calculateMaxKeyboardBodyHeight():46 leave 281 height for app when ime window height:2156, header height:116 and isFullscreenMode:false, so the max keyboard body height is:1759
03-18 23:04:53.111  1858  1858 W TooltipLifecycleManager: TooltipLifecycleManager.dismissTooltips():154 Tooltip with id undo_access_point_promotion_banner not found in tooltipManager.
03-18 23:04:53.112  1858  1858 I GlobeKeyExtension: GlobeKeyExtension.getKeyboardInitialStates():131 
